[0.027s] Invoking command in '/home/admin/Desktop/Project180/src/build/robotpatrol': CMAKE_PREFIX_PATH=${CMAKE_PREFIX_PATH}:/opt/ros/foxy /usr/bin/cmake --build /home/admin/Desktop/Project180/src/build/robotpatrol -- -j8 -l8
[0.132s] [ 37%] Built target testpackage
[0.174s] [ 62%] Built target navigator
[0.218s] [100%] Built target testnavigation
[0.241s] Invoked command in '/home/admin/Desktop/Project180/src/build/robotpatrol' returned '0': CMAKE_PREFIX_PATH=${CMAKE_PREFIX_PATH}:/opt/ros/foxy /usr/bin/cmake --build /home/admin/Desktop/Project180/src/build/robotpatrol -- -j8 -l8
[0.313s] Invoking command in '/home/admin/Desktop/Project180/src/build/robotpatrol': CMAKE_PREFIX_PATH=${CMAKE_PREFIX_PATH}:/opt/ros/foxy /usr/bin/cmake --install /home/admin/Desktop/Project180/src/build/robotpatrol
[0.324s] -- Install configuration: ""
[0.324s] -- Up-to-date: /home/admin/Desktop/Project180/src/install/robotpatrol/share/robotpatrol/environment/library_path.sh
[0.324s] -- Up-to-date: /home/admin/Desktop/Project180/src/install/robotpatrol/share/robotpatrol/environment/library_path.dsv
[0.324s] -- Up-to-date: /home/admin/Desktop/Project180/src/install/robotpatrol/include
[0.325s] -- Up-to-date: /home/admin/Desktop/Project180/src/install/robotpatrol/include/navigation
[0.325s] -- Up-to-date: /home/admin/Desktop/Project180/src/install/robotpatrol/include/navigation/navigation.hpp
[0.325s] -- Up-to-date: /home/admin/Desktop/Project180/src/install/robotpatrol/lib/libnavigator.a
[0.325s] -- Up-to-date: /home/admin/Desktop/Project180/src/install/robotpatrol/lib/robotpatrol/testnavigation
[0.325s] -- Up-to-date: /home/admin/Desktop/Project180/src/install/robotpatrol/lib/robotpatrol/testpackage
[0.325s] -- Up-to-date: /home/admin/Desktop/Project180/src/install/robotpatrol/share/ament_index/resource_index/package_run_dependencies/robotpatrol
[0.325s] -- Up-to-date: /home/admin/Desktop/Project180/src/install/robotpatrol/share/ament_index/resource_index/parent_prefix_path/robotpatrol
[0.326s] -- Up-to-date: /home/admin/Desktop/Project180/src/install/robotpatrol/share/robotpatrol/environment/ament_prefix_path.sh
[0.326s] -- Up-to-date: /home/admin/Desktop/Project180/src/install/robotpatrol/share/robotpatrol/environment/ament_prefix_path.dsv
[0.326s] -- Up-to-date: /home/admin/Desktop/Project180/src/install/robotpatrol/share/robotpatrol/environment/path.sh
[0.326s] -- Up-to-date: /home/admin/Desktop/Project180/src/install/robotpatrol/share/robotpatrol/environment/path.dsv
[0.326s] -- Up-to-date: /home/admin/Desktop/Project180/src/install/robotpatrol/share/robotpatrol/local_setup.bash
[0.326s] -- Up-to-date: /home/admin/Desktop/Project180/src/install/robotpatrol/share/robotpatrol/local_setup.sh
[0.326s] -- Up-to-date: /home/admin/Desktop/Project180/src/install/robotpatrol/share/robotpatrol/local_setup.zsh
[0.326s] -- Up-to-date: /home/admin/Desktop/Project180/src/install/robotpatrol/share/robotpatrol/local_setup.dsv
[0.326s] -- Installing: /home/admin/Desktop/Project180/src/install/robotpatrol/share/robotpatrol/package.dsv
[0.326s] -- Up-to-date: /home/admin/Desktop/Project180/src/install/robotpatrol/share/ament_index/resource_index/packages/robotpatrol
[0.326s] -- Up-to-date: /home/admin/Desktop/Project180/src/install/robotpatrol/share/robotpatrol/cmake/navigatorlibExport.cmake
[0.327s] -- Up-to-date: /home/admin/Desktop/Project180/src/install/robotpatrol/share/robotpatrol/cmake/navigatorlibExport-noconfig.cmake
[0.327s] -- Up-to-date: /home/admin/Desktop/Project180/src/install/robotpatrol/share/robotpatrol/cmake/ament_cmake_export_targets-extras.cmake
[0.327s] -- Up-to-date: /home/admin/Desktop/Project180/src/install/robotpatrol/share/robotpatrol/cmake/ament_cmake_export_dependencies-extras.cmake
[0.327s] -- Up-to-date: /home/admin/Desktop/Project180/src/install/robotpatrol/share/robotpatrol/cmake/robotpatrolConfig.cmake
[0.327s] -- Up-to-date: /home/admin/Desktop/Project180/src/install/robotpatrol/share/robotpatrol/cmake/robotpatrolConfig-version.cmake
[0.327s] -- Up-to-date: /home/admin/Desktop/Project180/src/install/robotpatrol/share/robotpatrol/package.xml
[0.338s] Invoked command in '/home/admin/Desktop/Project180/src/build/robotpatrol' returned '0': CMAKE_PREFIX_PATH=${CMAKE_PREFIX_PATH}:/opt/ros/foxy /usr/bin/cmake --install /home/admin/Desktop/Project180/src/build/robotpatrol
