[35m[1mScanning dependencies of target testnavigation[0m
[ 25%] Built target navigator
[ 62%] Built target testpackage
[ 75%] [32mBuilding CXX object CMakeFiles/testnavigation.dir/src/testnavigator.cpp.o[0m
[01m[K/home/admin/Desktop/Project180/src/robotpatrol/src/testnavigator.cpp:52:26:[m[K [01;31m[Kerror: [m[K‘[01m[Ksensor_msgs[m[K’ does not name a type
   52 |   void processScan(const [01;31m[Ksensor_msgs[m[K::msg::LaserScan::SharedPtr msg){
      |                          [01;31m[K^~~~~~~~~~~[m[K
[01m[K/home/admin/Desktop/Project180/src/robotpatrol/src/testnavigator.cpp:52:42:[m[K [01;31m[Kerror: [m[Kexpected unqualified-id before ‘[01m[K::[m[K’ token
   52 |   void processScan(const sensor_msgs::msg[01;31m[K::[m[KLaserScan::SharedPtr msg){
      |                                          [01;31m[K^~[m[K
[01m[K/home/admin/Desktop/Project180/src/robotpatrol/src/testnavigator.cpp:52:42:[m[K [01;31m[Kerror: [m[Kexpected ‘[01m[K)[m[K’ before ‘[01m[K::[m[K’ token
   52 |   void processScan[34m[K([m[Kconst sensor_msgs::msg[01;31m[K:[m[K[32m[K:[m[KLaserScan::SharedPtr msg){
      |                   [34m[K~[m[K                      [01;31m[K^[m[K[32m[K~[m[K
      |                                          [32m[K)[m[K
[01m[K/home/admin/Desktop/Project180/src/robotpatrol/src/testnavigator.cpp:52:39:[m[K [01;31m[Kerror: [m[Kexpected ‘[01m[K;[m[K’ at end of member declaration
   52 |   void processScan(const sensor_msgs::[01;31m[Kmsg[m[K::LaserScan::SharedPtr msg){
      |                                       [01;31m[K^~~[m[K
      |                                          [32m[K;[m[K
[01m[K/home/admin/Desktop/Project180/src/robotpatrol/src/testnavigator.cpp:52:44:[m[K [01;31m[Kerror: [m[K‘[01m[KLaserScan[m[K’ in namespace ‘[01m[K::[m[K’ does not name a type
   52 |   void processScan(const sensor_msgs::msg::[01;31m[KLaserScan[m[K::SharedPtr msg){
      |                                            [01;31m[K^~~~~~~~~[m[K
[01m[K/home/admin/Desktop/Project180/src/robotpatrol/src/testnavigator.cpp:58:24:[m[K [01;31m[Kerror: [m[K‘[01m[Ksensor_msgs[m[K’ was not declared in this scope
   58 |   rclcpp::Subscription<[01;31m[Ksensor_msgs[m[K::msg::LaserScan>::SharedPtr sub;
      |                        [01;31m[K^~~~~~~~~~~[m[K
[01m[K/home/admin/Desktop/Project180/src/robotpatrol/src/testnavigator.cpp:58:51:[m[K [01;31m[Kerror: [m[Ktemplate argument 1 is invalid
   58 |   rclcpp::Subscription<sensor_msgs::msg::LaserScan[01;31m[K>[m[K::SharedPtr sub;
      |                                                   [01;31m[K^[m[K
[01m[K/home/admin/Desktop/Project180/src/robotpatrol/src/testnavigator.cpp:58:51:[m[K [01;31m[Kerror: [m[Ktemplate argument 3 is invalid
[01m[K/home/admin/Desktop/Project180/src/robotpatrol/src/testnavigator.cpp:58:54:[m[K [01;31m[Kerror: [m[Kexpected ‘[01m[K;[m[K’ at end of member declaration
   58 |   rclcpp::Subscription<sensor_msgs::msg::LaserScan>::[01;31m[KSharedPtr[m[K sub;
      |                                                      [01;31m[K^~~~~~~~~[m[K
      |                                                               [32m[K;[m[K
[01m[K/home/admin/Desktop/Project180/src/robotpatrol/src/testnavigator.cpp:58:64:[m[K [01;31m[Kerror: [m[K‘[01m[Ksub[m[K’ does not name a type; did you mean ‘[01m[Kfsub[m[K’?
   58 |   rclcpp::Subscription<sensor_msgs::msg::LaserScan>::SharedPtr [01;31m[Ksub[m[K;
      |                                                                [01;31m[K^~~[m[K
      |                                                                [32m[Kfsub[m[K
[01m[K/home/admin/Desktop/Project180/src/robotpatrol/src/testnavigator.cpp:[m[K In constructor ‘[01m[KFindCloset::FindCloset()[m[K’:
[01m[K/home/admin/Desktop/Project180/src/robotpatrol/src/testnavigator.cpp:47:50:[m[K [01;31m[Kerror: [m[K‘[01m[Kfloat32[m[K’ is not a member of ‘[01m[Kstd_msgs::msg[m[K’; did you mean ‘[01m[KFloat32[m[K’?
   47 |     pubf = this->create_publisher<std_msgs::msg::[01;31m[Kfloat32[m[K>("closet",1000);
      |                                                  [01;31m[K^~~~~~~[m[K
      |                                                  [32m[KFloat32[m[K
[01m[K/home/admin/Desktop/Project180/src/robotpatrol/src/testnavigator.cpp:47:50:[m[K [01;31m[Kerror: [m[K‘[01m[Kfloat32[m[K’ is not a member of ‘[01m[Kstd_msgs::msg[m[K’; did you mean ‘[01m[KFloat32[m[K’?
   47 |     pubf = this->create_publisher<std_msgs::msg::[01;31m[Kfloat32[m[K>("closet",1000);
      |                                                  [01;31m[K^~~~~~~[m[K
      |                                                  [32m[KFloat32[m[K
[01m[K/home/admin/Desktop/Project180/src/robotpatrol/src/testnavigator.cpp:47:72:[m[K [01;31m[Kerror: [m[Kno matching function for call to ‘[01m[KFindCloset::create_publisher<<expression error> >(const char [7], int)[m[K’
   47 |     pubf = this->create_publisher<std_msgs::msg::float32>("closet",1000[01;31m[K)[m[K;
      |                                                                        [01;31m[K^[m[K
In file included from [01m[K/opt/ros/foxy/include/rclcpp/executors/single_threaded_executor.hpp:28[m[K,
                 from [01m[K/opt/ros/foxy/include/rclcpp/executors.hpp:22[m[K,
                 from [01m[K/opt/ros/foxy/include/rclcpp/rclcpp.hpp:146[m[K,
                 from [01m[K/home/admin/Desktop/Project180/src/robotpatrol/src/testnavigator.cpp:17[m[K:
[01m[K/opt/ros/foxy/include/rclcpp/node.hpp:184:3:[m[K [01;36m[Knote: [m[Kcandidate: ‘[01m[Ktemplate<class MessageT, class AllocatorT, class PublisherT> std::shared_ptr<PublisherT> rclcpp::Node::create_publisher(const string&, const rclcpp::QoS&, const rclcpp::PublisherOptionsWithAllocator<AllocatorT>&)[m[K’
  184 |   [01;36m[Kcreate_publisher[m[K(
      |   [01;36m[K^~~~~~~~~~~~~~~~[m[K
[01m[K/opt/ros/foxy/include/rclcpp/node.hpp:184:3:[m[K [01;36m[Knote: [m[K  template argument deduction/substitution failed:
[01m[K/home/admin/Desktop/Project180/src/robotpatrol/src/testnavigator.cpp:47:72:[m[K [01;31m[Kerror: [m[Ktemplate argument 1 is invalid
   47 |     pubf = this->create_publisher<std_msgs::msg::float32>("closet",1000[01;31m[K)[m[K;
      |                                                                        [01;31m[K^[m[K
[01m[K/home/admin/Desktop/Project180/src/robotpatrol/src/testnavigator.cpp:48:5:[m[K [01;31m[Kerror: [m[K‘[01m[Ksub[m[K’ was not declared in this scope; did you mean ‘[01m[Kfsub[m[K’?
   48 |     [01;31m[Ksub[m[K = this->create_subscription<sensor_msgs::msg::LaserScan>
      |     [01;31m[K^~~[m[K
      |     [32m[Kfsub[m[K
[01m[K/home/admin/Desktop/Project180/src/robotpatrol/src/testnavigator.cpp:48:37:[m[K [01;31m[Kerror: [m[K‘[01m[Ksensor_msgs[m[K’ was not declared in this scope
   48 |     sub = this->create_subscription<[01;31m[Ksensor_msgs[m[K::msg::LaserScan>
      |                                     [01;31m[K^~~~~~~~~~~[m[K
[01m[K/home/admin/Desktop/Project180/src/robotpatrol/src/testnavigator.cpp:48:17:[m[K [01;31m[Kerror: [m[Kparse error in template argument list
   48 |     sub = this->[01;31m[Kcreate_subscription<sensor_msgs::msg::LaserScan>[m[K
      |                 [01;31m[K^~~~~~~~~~~~~~~~~~~~~~~~~~~~~~~~~~~~~~~~~~~~~~~~[m[K
[01m[K/home/admin/Desktop/Project180/src/robotpatrol/src/testnavigator.cpp:49:80:[m[K [01;31m[Kerror: [m[Kno matching function for call to ‘[01m[KFindCloset::create_subscription<<expression error> >(const char [5], int, std::_Bind_helper<false, void (FindCloset::*)(...), FindCloset*, const std::_Placeholder<1>&>::type)[m[K’
   49 |     ("scan",10,std::bind(&FindCloset::processScan, this, std::placeholders::_1)[01;31m[K)[m[K;
      |                                                                                [01;31m[K^[m[K
In file included from [01m[K/opt/ros/foxy/include/rclcpp/executors/single_threaded_executor.hpp:28[m[K,
                 from [01m[K/opt/ros/foxy/include/rclcpp/executors.hpp:22[m[K,
                 from [01m[K/opt/ros/foxy/include/rclcpp/rclcpp.hpp:146[m[K,
                 from [01m[K/home/admin/Desktop/Project180/src/robotpatrol/src/testnavigator.cpp:17[m[K:
[01m[K/opt/ros/foxy/include/rclcpp/node.hpp:213:3:[m[K [01;36m[Knote: [m[Kcandidate: ‘[01m[Ktemplate<class MessageT, class CallbackT, class AllocatorT, class CallbackMessageT, class SubscriptionT, class MessageMemoryStrategyT> std::shared_ptr<SubscriptionT> rclcpp::Node::create_subscription(const string&, const rclcpp::QoS&, CallbackT&&, const rclcpp::SubscriptionOptionsWithAllocator<AllocatorT>&, typename MessageMemoryStrategyT::SharedPtr)[m[K’
  213 |   [01;36m[Kcreate_subscription[m[K(
      |   [01;36m[K^~~~~~~~~~~~~~~~~~~[m[K
[01m[K/opt/ros/foxy/include/rclcpp/node.hpp:213:3:[m[K [01;36m[Knote: [m[K  template argument deduction/substitution failed:
[01m[K/home/admin/Desktop/Project180/src/robotpatrol/src/testnavigator.cpp:49:80:[m[K [01;31m[Kerror: [m[Ktemplate argument 1 is invalid
   49 |     ("scan",10,std::bind(&FindCloset::processScan, this, std::placeholders::_1)[01;31m[K)[m[K;
      |                                                                                [01;31m[K^[m[K
make[2]: *** [CMakeFiles/testnavigation.dir/build.make:63: CMakeFiles/testnavigation.dir/src/testnavigator.cpp.o] Error 1
make[1]: *** [CMakeFiles/Makefile2:109: CMakeFiles/testnavigation.dir/all] Error 2
make: *** [Makefile:141: all] Error 2
