[0.027s] Invoking command in '/home/admin/Desktop/Project180/build/robotpatrol': CMAKE_PREFIX_PATH=/opt/ros/foxy /usr/bin/cmake --build /home/admin/Desktop/Project180/build/robotpatrol -- -j8 -l8
[0.079s] -- Found ament_cmake: 0.9.11 (/opt/ros/foxy/share/ament_cmake/cmake)
[0.106s] -- Using PYTHON_EXECUTABLE: /usr/bin/python3
[0.307s] -- Found rclcpp: 2.4.2 (/opt/ros/foxy/share/rclcpp/cmake)
[0.370s] -- Using all available rosidl_typesupport_c: rosidl_typesupport_fastrtps_c;rosidl_typesupport_introspection_c
[0.376s] -- Found rosidl_adapter: 1.3.0 (/opt/ros/foxy/share/rosidl_adapter/cmake)
[0.547s] -- Using all available rosidl_typesupport_cpp: rosidl_typesupport_fastrtps_cpp;rosidl_typesupport_introspection_cpp
[0.623s] -- Found rmw_implementation_cmake: 1.0.3 (/opt/ros/foxy/share/rmw_implementation_cmake/cmake)
[0.633s] -- Using RMW implementation 'rmw_fastrtps_cpp' as default
[0.827s] -- Found geometry_msgs: 2.0.5 (/opt/ros/foxy/share/geometry_msgs/cmake)
[0.873s] -- Found nav_msgs: 2.0.5 (/opt/ros/foxy/share/nav_msgs/cmake)
[0.955s] -- Found nav2_msgs: 0.4.7 (/opt/ros/foxy/share/nav2_msgs/cmake)
[1.269s] -- Found rclcpp_action: 2.4.2 (/opt/ros/foxy/share/rclcpp_action/cmake)
[1.308s] -- Found lifecycle_msgs: 1.0.0 (/opt/ros/foxy/share/lifecycle_msgs/cmake)
[1.325s] -- Found sensor_msgs: 2.0.5 (/opt/ros/foxy/share/sensor_msgs/cmake)
[1.408s] -- Found ament_lint_auto: 0.9.7 (/opt/ros/foxy/share/ament_lint_auto/cmake)
[1.495s] -- Added test 'copyright' to check source files copyright and LICENSE
[1.496s] -- Added test 'cppcheck' to perform static code analysis on C / C++ code
[1.497s] -- Configured cppcheck include dirs: $<BUILD_INTERFACE:/home/admin/Desktop/Project180/src/robotpatrol/include>
[1.497s] -- Configured cppcheck exclude dirs and/or files: 
[1.498s] -- Added test 'cpplint' to check C / C++ code against the Google style
[1.498s] -- Configured cpplint exclude dirs and/or files: 
[1.499s] -- Added test 'lint_cmake' to check CMake code style
[1.501s] -- Added test 'uncrustify' to check C / C++ code style
[1.501s] -- Configured uncrustify additional arguments: 
[1.501s] -- Added test 'xmllint' to check XML markup files
[1.508s] -- Configuring done
[1.546s] -- Generating done
[1.548s] -- Build files have been written to: /home/admin/Desktop/Project180/build/robotpatrol
[1.589s] [35m[1mScanning dependencies of target testnavigation[0m
[1.616s] [ 25%] Built target navigator
[1.628s] [ 62%] Built target testpackage
[1.649s] [ 75%] [32mBuilding CXX object CMakeFiles/testnavigation.dir/src/testnavigator.cpp.o[0m
[3.680s] [01m[K/home/admin/Desktop/Project180/src/robotpatrol/src/testnavigator.cpp:[m[K In function ‘[01m[Kvoid pathCallBack(nav_msgs::msg::Path_<std::allocator<void> >::SharedPtr)[m[K’:
[3.680s] [01m[K/home/admin/Desktop/Project180/src/robotpatrol/src/testnavigator.cpp:45:20:[m[K [01;35m[Kwarning: [m[Kunused variable ‘[01m[Kpose[m[K’ [[01;35m[K-Wunused-variable[m[K]
[3.680s]    45 |   for (const auto& [01;35m[Kpose[m[K : msg->poses) {
[3.680s]       |                    [01;35m[K^~~~[m[K
[8.855s] [ 87%] [32m[1mLinking CXX executable testnavigation[0m
[9.888s] [100%] Built target testnavigation
[9.901s] Invoked command in '/home/admin/Desktop/Project180/build/robotpatrol' returned '0': CMAKE_PREFIX_PATH=/opt/ros/foxy /usr/bin/cmake --build /home/admin/Desktop/Project180/build/robotpatrol -- -j8 -l8
[9.982s] Invoking command in '/home/admin/Desktop/Project180/build/robotpatrol': CMAKE_PREFIX_PATH=/opt/ros/foxy /usr/bin/cmake --install /home/admin/Desktop/Project180/build/robotpatrol
[9.994s] -- Install configuration: ""
[9.995s] -- Up-to-date: /home/admin/Desktop/Project180/install/robotpatrol/share/robotpatrol/environment/library_path.sh
[9.995s] -- Installing: /home/admin/Desktop/Project180/install/robotpatrol/share/robotpatrol/environment/library_path.dsv
[9.995s] -- Up-to-date: /home/admin/Desktop/Project180/install/robotpatrol/include
[9.996s] -- Up-to-date: /home/admin/Desktop/Project180/install/robotpatrol/include/navigation
[9.996s] -- Up-to-date: /home/admin/Desktop/Project180/install/robotpatrol/include/navigation/navigation.hpp
[9.996s] -- Up-to-date: /home/admin/Desktop/Project180/install/robotpatrol/lib/libnavigator.a
[10.000s] -- Installing: /home/admin/Desktop/Project180/install/robotpatrol/lib/robotpatrol/testnavigation
[10.008s] -- Set runtime path of "/home/admin/Desktop/Project180/install/robotpatrol/lib/robotpatrol/testnavigation" to ""
[10.013s] -- Up-to-date: /home/admin/Desktop/Project180/install/robotpatrol/lib/robotpatrol/testpackage
[10.014s] -- Up-to-date: /home/admin/Desktop/Project180/install/robotpatrol/share/ament_index/resource_index/package_run_dependencies/robotpatrol
[10.015s] -- Installing: /home/admin/Desktop/Project180/install/robotpatrol/share/ament_index/resource_index/parent_prefix_path/robotpatrol
[10.015s] -- Up-to-date: /home/admin/Desktop/Project180/install/robotpatrol/share/robotpatrol/environment/ament_prefix_path.sh
[10.015s] -- Installing: /home/admin/Desktop/Project180/install/robotpatrol/share/robotpatrol/environment/ament_prefix_path.dsv
[10.015s] -- Up-to-date: /home/admin/Desktop/Project180/install/robotpatrol/share/robotpatrol/environment/path.sh
[10.015s] -- Installing: /home/admin/Desktop/Project180/install/robotpatrol/share/robotpatrol/environment/path.dsv
[10.015s] -- Up-to-date: /home/admin/Desktop/Project180/install/robotpatrol/share/robotpatrol/local_setup.bash
[10.015s] -- Up-to-date: /home/admin/Desktop/Project180/install/robotpatrol/share/robotpatrol/local_setup.sh
[10.015s] -- Up-to-date: /home/admin/Desktop/Project180/install/robotpatrol/share/robotpatrol/local_setup.zsh
[10.016s] -- Installing: /home/admin/Desktop/Project180/install/robotpatrol/share/robotpatrol/local_setup.dsv
[10.016s] -- Installing: /home/admin/Desktop/Project180/install/robotpatrol/share/robotpatrol/package.dsv
[10.016s] -- Up-to-date: /home/admin/Desktop/Project180/install/robotpatrol/share/ament_index/resource_index/packages/robotpatrol
[10.017s] -- Up-to-date: /home/admin/Desktop/Project180/install/robotpatrol/share/robotpatrol/cmake/navigatorlibExport.cmake
[10.017s] -- Installing: /home/admin/Desktop/Project180/install/robotpatrol/share/robotpatrol/cmake/navigatorlibExport-noconfig.cmake
[10.017s] -- Up-to-date: /home/admin/Desktop/Project180/install/robotpatrol/share/robotpatrol/cmake/ament_cmake_export_targets-extras.cmake
[10.017s] -- Up-to-date: /home/admin/Desktop/Project180/install/robotpatrol/share/robotpatrol/cmake/ament_cmake_export_dependencies-extras.cmake
[10.017s] -- Up-to-date: /home/admin/Desktop/Project180/install/robotpatrol/share/robotpatrol/cmake/robotpatrolConfig.cmake
[10.017s] -- Up-to-date: /home/admin/Desktop/Project180/install/robotpatrol/share/robotpatrol/cmake/robotpatrolConfig-version.cmake
[10.017s] -- Up-to-date: /home/admin/Desktop/Project180/install/robotpatrol/share/robotpatrol/package.xml
[10.026s] Invoked command in '/home/admin/Desktop/Project180/build/robotpatrol' returned '0': CMAKE_PREFIX_PATH=/opt/ros/foxy /usr/bin/cmake --install /home/admin/Desktop/Project180/build/robotpatrol
