[0.030s] Invoking command in '/home/admin/Desktop/Project180/build/robotpatrol': CMAKE_PREFIX_PATH=/opt/ros/foxy /usr/bin/cmake --build /home/admin/Desktop/Project180/build/robotpatrol -- -j8 -l8
[0.124s] [ 37%] Built target testpackage
[0.162s] [ 62%] Built target navigator
[0.184s] [35m[1mScanning dependencies of target testnavigation[0m
[0.228s] [ 75%] [32mBuilding CXX object CMakeFiles/testnavigation.dir/src/testnavigator.cpp.o[0m
[2.333s] [01m[K/home/admin/Desktop/Project180/src/robotpatrol/src/testnavigator.cpp:7:5:[m[K [01;35m[Kwarning: [m[KC++ designated initializers only available with ‘[01m[K-std=c++2a[m[K’ or ‘[01m[K-std=gnu++2a[m[K’ [[01;35m[K-Wpedantic[m[K]
[2.333s]     7 |   { [01;35m[K.[m[Kposition = { .x = -2, .y = -0.5 }, .orientation = { .w = 1 } },
[2.333s]       |     [01;35m[K^[m[K
[2.333s] [01m[K/home/admin/Desktop/Project180/src/robotpatrol/src/testnavigator.cpp:7:19:[m[K [01;35m[Kwarning: [m[KC++ designated initializers only available with ‘[01m[K-std=c++2a[m[K’ or ‘[01m[K-std=gnu++2a[m[K’ [[01;35m[K-Wpedantic[m[K]
[2.333s]     7 |   { .position = { [01;35m[K.[m[Kx = -2, .y = -0.5 }, .orientation = { .w = 1 } },
[2.333s]       |                   [01;35m[K^[m[K
[2.333s] [01m[K/home/admin/Desktop/Project180/src/robotpatrol/src/testnavigator.cpp:7:28:[m[K [01;35m[Kwarning: [m[KC++ designated initializers only available with ‘[01m[K-std=c++2a[m[K’ or ‘[01m[K-std=gnu++2a[m[K’ [[01;35m[K-Wpedantic[m[K]
[2.333s]     7 |   { .position = { .x = -2, [01;35m[K.[m[Ky = -0.5 }, .orientation = { .w = 1 } },
[2.333s]       |                            [01;35m[K^[m[K
[2.333s] [01m[K/home/admin/Desktop/Project180/src/robotpatrol/src/testnavigator.cpp:7:41:[m[K [01;35m[Kwarning: [m[KC++ designated initializers only available with ‘[01m[K-std=c++2a[m[K’ or ‘[01m[K-std=gnu++2a[m[K’ [[01;35m[K-Wpedantic[m[K]
[2.333s]     7 |   { .position = { .x = -2, .y = -0.5 }, [01;35m[K.[m[Korientation = { .w = 1 } },
[2.333s]       |                                         [01;35m[K^[m[K
[2.333s] [01m[K/home/admin/Desktop/Project180/src/robotpatrol/src/testnavigator.cpp:7:58:[m[K [01;35m[Kwarning: [m[KC++ designated initializers only available with ‘[01m[K-std=c++2a[m[K’ or ‘[01m[K-std=gnu++2a[m[K’ [[01;35m[K-Wpedantic[m[K]
[2.333s]     7 |   { .position = { .x = -2, .y = -0.5 }, .orientation = { [01;35m[K.[m[Kw = 1 } },
[2.333s]       |                                                          [01;35m[K^[m[K
[2.333s] [01m[K/home/admin/Desktop/Project180/src/robotpatrol/src/testnavigator.cpp:8:5:[m[K [01;35m[Kwarning: [m[KC++ designated initializers only available with ‘[01m[K-std=c++2a[m[K’ or ‘[01m[K-std=gnu++2a[m[K’ [[01;35m[K-Wpedantic[m[K]
[2.334s]     8 |   { [01;35m[K.[m[Kposition = { .x = 2, .y = 1 }, .orientation = { .w = 1 } },
[2.334s]       |     [01;35m[K^[m[K
[2.334s] [01m[K/home/admin/Desktop/Project180/src/robotpatrol/src/testnavigator.cpp:8:19:[m[K [01;35m[Kwarning: [m[KC++ designated initializers only available with ‘[01m[K-std=c++2a[m[K’ or ‘[01m[K-std=gnu++2a[m[K’ [[01;35m[K-Wpedantic[m[K]
[2.334s]     8 |   { .position = { [01;35m[K.[m[Kx = 2, .y = 1 }, .orientation = { .w = 1 } },
[2.334s]       |                   [01;35m[K^[m[K
[2.334s] [01m[K/home/admin/Desktop/Project180/src/robotpatrol/src/testnavigator.cpp:8:27:[m[K [01;35m[Kwarning: [m[KC++ designated initializers only available with ‘[01m[K-std=c++2a[m[K’ or ‘[01m[K-std=gnu++2a[m[K’ [[01;35m[K-Wpedantic[m[K]
[2.334s]     8 |   { .position = { .x = 2, [01;35m[K.[m[Ky = 1 }, .orientation = { .w = 1 } },
[2.334s]       |                           [01;35m[K^[m[K
[2.334s] [01m[K/home/admin/Desktop/Project180/src/robotpatrol/src/testnavigator.cpp:8:37:[m[K [01;35m[Kwarning: [m[KC++ designated initializers only available with ‘[01m[K-std=c++2a[m[K’ or ‘[01m[K-std=gnu++2a[m[K’ [[01;35m[K-Wpedantic[m[K]
[2.334s]     8 |   { .position = { .x = 2, .y = 1 }, [01;35m[K.[m[Korientation = { .w = 1 } },
[2.334s]       |                                     [01;35m[K^[m[K
[2.334s] [01m[K/home/admin/Desktop/Project180/src/robotpatrol/src/testnavigator.cpp:8:54:[m[K [01;35m[Kwarning: [m[KC++ designated initializers only available with ‘[01m[K-std=c++2a[m[K’ or ‘[01m[K-std=gnu++2a[m[K’ [[01;35m[K-Wpedantic[m[K]
[2.334s]     8 |   { .position = { .x = 2, .y = 1 }, .orientation = { [01;35m[K.[m[Kw = 1 } },
[2.334s]       |                                                      [01;35m[K^[m[K
[2.334s] [01m[K/home/admin/Desktop/Project180/src/robotpatrol/src/testnavigator.cpp:9:5:[m[K [01;35m[Kwarning: [m[KC++ designated initializers only available with ‘[01m[K-std=c++2a[m[K’ or ‘[01m[K-std=gnu++2a[m[K’ [[01;35m[K-Wpedantic[m[K]
[2.334s]     9 |   { [01;35m[K.[m[Kposition = { .x = 2, .y = -1 }, .orientation = { .w = 1 } }
[2.335s]       |     [01;35m[K^[m[K
[2.335s] [01m[K/home/admin/Desktop/Project180/src/robotpatrol/src/testnavigator.cpp:9:19:[m[K [01;35m[Kwarning: [m[KC++ designated initializers only available with ‘[01m[K-std=c++2a[m[K’ or ‘[01m[K-std=gnu++2a[m[K’ [[01;35m[K-Wpedantic[m[K]
[2.335s]     9 |   { .position = { [01;35m[K.[m[Kx = 2, .y = -1 }, .orientation = { .w = 1 } }
[2.335s]       |                   [01;35m[K^[m[K
[2.335s] [01m[K/home/admin/Desktop/Project180/src/robotpatrol/src/testnavigator.cpp:9:27:[m[K [01;35m[Kwarning: [m[KC++ designated initializers only available with ‘[01m[K-std=c++2a[m[K’ or ‘[01m[K-std=gnu++2a[m[K’ [[01;35m[K-Wpedantic[m[K]
[2.335s]     9 |   { .position = { .x = 2, [01;35m[K.[m[Ky = -1 }, .orientation = { .w = 1 } }
[2.335s]       |                           [01;35m[K^[m[K
[2.335s] [01m[K/home/admin/Desktop/Project180/src/robotpatrol/src/testnavigator.cpp:9:38:[m[K [01;35m[Kwarning: [m[KC++ designated initializers only available with ‘[01m[K-std=c++2a[m[K’ or ‘[01m[K-std=gnu++2a[m[K’ [[01;35m[K-Wpedantic[m[K]
[2.335s]     9 |   { .position = { .x = 2, .y = -1 }, [01;35m[K.[m[Korientation = { .w = 1 } }
[2.335s]       |                                      [01;35m[K^[m[K
[2.335s] [01m[K/home/admin/Desktop/Project180/src/robotpatrol/src/testnavigator.cpp:9:55:[m[K [01;35m[Kwarning: [m[KC++ designated initializers only available with ‘[01m[K-std=c++2a[m[K’ or ‘[01m[K-std=gnu++2a[m[K’ [[01;35m[K-Wpedantic[m[K]
[2.335s]     9 |   { .position = { .x = 2, .y = -1 }, .orientation = { [01;35m[K.[m[Kw = 1 } }
[2.335s]       |                                                       [01;35m[K^[m[K
[2.335s] [01m[K/home/admin/Desktop/Project180/src/robotpatrol/src/testnavigator.cpp:10:1:[m[K [01;31m[Kerror: [m[Kcould not convert ‘[01m[K{{-2, -5.0e-1}, {1}}[m[K’ from ‘[01m[K<brace-enclosed initializer list>[m[K’ to ‘[01m[Kgeometry_msgs::msg::Pose[m[K’ {aka ‘[01m[Kgeometry_msgs::msg::Pose_<std::allocator<void> >[m[K’}
[2.335s]    10 | [01;31m[K}[m[K;
[2.336s]       | [01;31m[K^[m[K
[2.336s]       | [01;31m[K|[m[K
[2.336s]       | [01;31m[K<brace-enclosed initializer list>[m[K
[2.336s] [01m[K/home/admin/Desktop/Project180/src/robotpatrol/src/testnavigator.cpp:10:1:[m[K [01;31m[Kerror: [m[Kcould not convert ‘[01m[K{{2, 1}, {1}}[m[K’ from ‘[01m[K<brace-enclosed initializer list>[m[K’ to ‘[01m[Kgeometry_msgs::msg::Pose[m[K’ {aka ‘[01m[Kgeometry_msgs::msg::Pose_<std::allocator<void> >[m[K’}
[2.336s] [01m[K/home/admin/Desktop/Project180/src/robotpatrol/src/testnavigator.cpp:10:1:[m[K [01;31m[Kerror: [m[Kcould not convert ‘[01m[K{{2, -1}, {1}}[m[K’ from ‘[01m[K<brace-enclosed initializer list>[m[K’ to ‘[01m[Kgeometry_msgs::msg::Pose[m[K’ {aka ‘[01m[Kgeometry_msgs::msg::Pose_<std::allocator<void> >[m[K’}
[2.339s] [01m[K/home/admin/Desktop/Project180/src/robotpatrol/src/testnavigator.cpp:[m[K In function ‘[01m[Kint main(int, char**)[m[K’:
[2.339s] [01m[K/home/admin/Desktop/Project180/src/robotpatrol/src/testnavigator.cpp:28:24:[m[K [01;31m[Kerror: [m[Kcannot convert ‘[01m[Kgeometry_msgs::msg::Pose*[m[K’ {aka ‘[01m[Kgeometry_msgs::msg::Pose_<std::allocator<void> >*[m[K’} to ‘[01m[Kgeometry_msgs::msg::Pose_<std::allocator<void> >::SharedPtr[m[K’ {aka ‘[01m[Kstd::shared_ptr<geometry_msgs::msg::Pose_<std::allocator<void> > >[m[K’}
[2.339s]    28 |     navigator.GoToPose([01;31m[K&poses[i][m[K);
[2.339s]       |                        [01;31m[K^~~~~~~~~[m[K
[2.339s]       |                        [01;31m[K|[m[K
[2.339s]       |                        [01;31m[Kgeometry_msgs::msg::Pose* {aka geometry_msgs::msg::Pose_<std::allocator<void> >*}[m[K
[2.339s] In file included from [01m[K/home/admin/Desktop/Project180/src/robotpatrol/src/testnavigator.cpp:2[m[K:
[2.339s] [01m[K/home/admin/Desktop/Project180/src/robotpatrol/include/navigation/navigation.hpp:54:17:[m[K [01;36m[Knote: [m[K  initializing argument 1 of ‘[01m[Kbool Navigator::GoToPose(geometry_msgs::msg::Pose_<std::allocator<void> >::SharedPtr)[m[K’
[2.339s]    54 |   bool GoToPose([01;36m[Kconst geometry_msgs::msg::Pose::SharedPtr[m[K);
[2.339s]       |                 [01;36m[K^~~~~~~~~~~~~~~~~~~~~~~~~~~~~~~~~~~~~~~~~[m[K
[3.221s] make[2]: *** [CMakeFiles/testnavigation.dir/build.make:63: CMakeFiles/testnavigation.dir/src/testnavigator.cpp.o] Error 1
[3.221s] make[1]: *** [CMakeFiles/Makefile2:109: CMakeFiles/testnavigation.dir/all] Error 2
[3.221s] make: *** [Makefile:141: all] Error 2
[3.223s] Invoked command in '/home/admin/Desktop/Project180/build/robotpatrol' returned '2': CMAKE_PREFIX_PATH=/opt/ros/foxy /usr/bin/cmake --build /home/admin/Desktop/Project180/build/robotpatrol -- -j8 -l8
