[0.019s] Invoking command in '/home/admin/Desktop/Project180/src/build/robotpatrol': CMAKE_PREFIX_PATH=${CMAKE_PREFIX_PATH}:/opt/ros/foxy /usr/bin/cmake /home/admin/Desktop/Project180/src/robotpatrol -DCMAKE_INSTALL_PREFIX=/home/admin/Desktop/Project180/src/install/robotpatrol
[0.214s] -- The C compiler identification is GNU 9.4.0
[0.298s] -- The CXX compiler identification is GNU 9.4.0
[0.309s] -- Check for working C compiler: /usr/bin/cc
[0.410s] -- Check for working C compiler: /usr/bin/cc -- works
[0.413s] -- Detecting C compiler ABI info
[0.515s] -- Detecting C compiler ABI info - done
[0.530s] -- Detecting C compile features
[0.530s] -- Detecting C compile features - done
[0.535s] -- Check for working CXX compiler: /usr/bin/c++
[0.645s] -- Check for working CXX compiler: /usr/bin/c++ -- works
[0.647s] -- Detecting CXX compiler ABI info
[0.755s] -- Detecting CXX compiler ABI info - done
[0.768s] -- Detecting CXX compile features
[0.769s] -- Detecting CXX compile features - done
[0.776s] -- Found ament_cmake: 0.9.11 (/opt/ros/foxy/share/ament_cmake/cmake)
[0.809s] -- Found PythonInterp: /usr/bin/python3 (found suitable version "3.8.10", minimum required is "3") 
[0.809s] -- Using PYTHON_EXECUTABLE: /usr/bin/python3
[1.047s] -- Found rclcpp: 2.4.2 (/opt/ros/foxy/share/rclcpp/cmake)
[1.125s] -- Using all available rosidl_typesupport_c: rosidl_typesupport_fastrtps_c;rosidl_typesupport_introspection_c
[1.135s] -- Found rosidl_adapter: 1.3.0 (/opt/ros/foxy/share/rosidl_adapter/cmake)
[1.251s] -- Found OpenSSL: /usr/lib/x86_64-linux-gnu/libcrypto.so (found version "1.1.1f")  
[1.284s] -- Found FastRTPS: /opt/ros/foxy/include  
[1.394s] -- Using all available rosidl_typesupport_cpp: rosidl_typesupport_fastrtps_cpp;rosidl_typesupport_introspection_cpp
[1.486s] -- Found rmw_implementation_cmake: 1.0.3 (/opt/ros/foxy/share/rmw_implementation_cmake/cmake)
[1.488s] -- Using RMW implementation 'rmw_fastrtps_cpp' as default
[1.490s] -- Looking for pthread.h
[1.581s] -- Looking for pthread.h - found
[1.581s] -- Performing Test CMAKE_HAVE_LIBC_PTHREAD
[1.679s] -- Performing Test CMAKE_HAVE_LIBC_PTHREAD - Failed
[1.680s] -- Looking for pthread_create in pthreads
[1.749s] -- Looking for pthread_create in pthreads - not found
[1.749s] -- Looking for pthread_create in pthread
[1.828s] -- Looking for pthread_create in pthread - found
[1.829s] -- Found Threads: TRUE  
[2.041s] -- Found geometry_msgs: 2.0.5 (/opt/ros/foxy/share/geometry_msgs/cmake)
[2.090s] -- Found nav_msgs: 2.0.5 (/opt/ros/foxy/share/nav_msgs/cmake)
[2.182s] -- Found nav2_msgs: 0.4.7 (/opt/ros/foxy/share/nav2_msgs/cmake)
[2.532s] -- Found rclcpp_action: 2.4.2 (/opt/ros/foxy/share/rclcpp_action/cmake)
[2.579s] -- Found lifecycle_msgs: 1.0.0 (/opt/ros/foxy/share/lifecycle_msgs/cmake)
[2.600s] -- Found ament_lint_auto: 0.9.7 (/opt/ros/foxy/share/ament_lint_auto/cmake)
[2.715s] -- Added test 'copyright' to check source files copyright and LICENSE
[2.716s] -- Added test 'cppcheck' to perform static code analysis on C / C++ code
[2.717s] -- Configured cppcheck include dirs: $<BUILD_INTERFACE:/home/admin/Desktop/Project180/src/robotpatrol/include>
[2.717s] -- Configured cppcheck exclude dirs and/or files: 
[2.718s] -- Added test 'cpplint' to check C / C++ code against the Google style
[2.718s] -- Configured cpplint exclude dirs and/or files: 
[2.719s] -- Added test 'lint_cmake' to check CMake code style
[2.722s] -- Added test 'uncrustify' to check C / C++ code style
[2.722s] -- Configured uncrustify additional arguments: 
[2.723s] -- Added test 'xmllint' to check XML markup files
[2.730s] -- Configuring done
[2.755s] -- Generating done
[2.757s] -- Build files have been written to: /home/admin/Desktop/Project180/src/build/robotpatrol
[2.770s] Invoked command in '/home/admin/Desktop/Project180/src/build/robotpatrol' returned '0': CMAKE_PREFIX_PATH=${CMAKE_PREFIX_PATH}:/opt/ros/foxy /usr/bin/cmake /home/admin/Desktop/Project180/src/robotpatrol -DCMAKE_INSTALL_PREFIX=/home/admin/Desktop/Project180/src/install/robotpatrol
[2.774s] Invoking command in '/home/admin/Desktop/Project180/src/build/robotpatrol': CMAKE_PREFIX_PATH=${CMAKE_PREFIX_PATH}:/opt/ros/foxy /usr/bin/cmake --build /home/admin/Desktop/Project180/src/build/robotpatrol -- -j8 -l8
[2.829s] [35m[1mScanning dependencies of target testpackage[0m
[2.885s] [ 12%] [32mBuilding CXX object CMakeFiles/testpackage.dir/src/testpackage.cpp.o[0m
[5.673s] [ 25%] [32mBuilding CXX object CMakeFiles/testpackage.dir/src/navigation.cpp.o[0m
[22.931s] [ 37%] [32m[1mLinking CXX executable testpackage[0m
[23.708s] [ 37%] Built target testpackage
[23.728s] [35m[1mScanning dependencies of target navigator[0m
[23.781s] [ 50%] [32mBuilding CXX object CMakeFiles/navigator.dir/src/navigation.cpp.o[0m
[41.300s] [ 62%] [32m[1mLinking CXX static library libnavigator.a[0m
[41.558s] [ 62%] Built target navigator
[41.571s] [35m[1mScanning dependencies of target testnavigation[0m
[41.624s] [ 75%] [32mBuilding CXX object CMakeFiles/testnavigation.dir/src/testnavigator.cpp.o[0m
[44.434s] [ 87%] [32mBuilding CXX object CMakeFiles/testnavigation.dir/src/navigation.cpp.o[0m
[61.180s] [100%] [32m[1mLinking CXX executable testnavigation[0m
[61.916s] [100%] Built target testnavigation
[61.933s] Invoked command in '/home/admin/Desktop/Project180/src/build/robotpatrol' returned '0': CMAKE_PREFIX_PATH=${CMAKE_PREFIX_PATH}:/opt/ros/foxy /usr/bin/cmake --build /home/admin/Desktop/Project180/src/build/robotpatrol -- -j8 -l8
[61.995s] Invoking command in '/home/admin/Desktop/Project180/src/build/robotpatrol': CMAKE_PREFIX_PATH=${CMAKE_PREFIX_PATH}:/opt/ros/foxy /usr/bin/cmake --install /home/admin/Desktop/Project180/src/build/robotpatrol
[62.007s] -- Install configuration: ""
[62.008s] -- Installing: /home/admin/Desktop/Project180/src/install/robotpatrol/share/robotpatrol/environment/library_path.sh
[62.013s] -- Installing: /home/admin/Desktop/Project180/src/install/robotpatrol/share/robotpatrol/environment/library_path.dsv
[62.013s] -- Installing: /home/admin/Desktop/Project180/src/install/robotpatrol/include
[62.014s] -- Installing: /home/admin/Desktop/Project180/src/install/robotpatrol/include/navigation
[62.014s] -- Installing: /home/admin/Desktop/Project180/src/install/robotpatrol/include/navigation/navigation.hpp
[62.014s] -- Installing: /home/admin/Desktop/Project180/src/install/robotpatrol/lib/libnavigator.a
[62.028s] -- Installing: /home/admin/Desktop/Project180/src/install/robotpatrol/lib/robotpatrol/testnavigation
[62.034s] -- Set runtime path of "/home/admin/Desktop/Project180/src/install/robotpatrol/lib/robotpatrol/testnavigation" to ""
[62.034s] -- Installing: /home/admin/Desktop/Project180/src/install/robotpatrol/lib/robotpatrol/testpackage
[62.040s] -- Set runtime path of "/home/admin/Desktop/Project180/src/install/robotpatrol/lib/robotpatrol/testpackage" to ""
[62.040s] -- Installing: /home/admin/Desktop/Project180/src/install/robotpatrol/share/ament_index/resource_index/package_run_dependencies/robotpatrol
[62.041s] -- Installing: /home/admin/Desktop/Project180/src/install/robotpatrol/share/ament_index/resource_index/parent_prefix_path/robotpatrol
[62.041s] -- Installing: /home/admin/Desktop/Project180/src/install/robotpatrol/share/robotpatrol/environment/ament_prefix_path.sh
[62.041s] -- Installing: /home/admin/Desktop/Project180/src/install/robotpatrol/share/robotpatrol/environment/ament_prefix_path.dsv
[62.041s] -- Installing: /home/admin/Desktop/Project180/src/install/robotpatrol/share/robotpatrol/environment/path.sh
[62.041s] -- Installing: /home/admin/Desktop/Project180/src/install/robotpatrol/share/robotpatrol/environment/path.dsv
[62.041s] -- Installing: /home/admin/Desktop/Project180/src/install/robotpatrol/share/robotpatrol/local_setup.bash
[62.042s] -- Installing: /home/admin/Desktop/Project180/src/install/robotpatrol/share/robotpatrol/local_setup.sh
[62.042s] -- Installing: /home/admin/Desktop/Project180/src/install/robotpatrol/share/robotpatrol/local_setup.zsh
[62.042s] -- Installing: /home/admin/Desktop/Project180/src/install/robotpatrol/share/robotpatrol/local_setup.dsv
[62.042s] -- Installing: /home/admin/Desktop/Project180/src/install/robotpatrol/share/robotpatrol/package.dsv
[62.042s] -- Installing: /home/admin/Desktop/Project180/src/install/robotpatrol/share/ament_index/resource_index/packages/robotpatrol
[62.043s] -- Installing: /home/admin/Desktop/Project180/src/install/robotpatrol/share/robotpatrol/cmake/navigatorlibExport.cmake
[62.043s] -- Installing: /home/admin/Desktop/Project180/src/install/robotpatrol/share/robotpatrol/cmake/navigatorlibExport-noconfig.cmake
[62.043s] -- Installing: /home/admin/Desktop/Project180/src/install/robotpatrol/share/robotpatrol/cmake/ament_cmake_export_targets-extras.cmake
[62.043s] -- Installing: /home/admin/Desktop/Project180/src/install/robotpatrol/share/robotpatrol/cmake/ament_cmake_export_dependencies-extras.cmake
[62.043s] -- Installing: /home/admin/Desktop/Project180/src/install/robotpatrol/share/robotpatrol/cmake/robotpatrolConfig.cmake
[62.043s] -- Installing: /home/admin/Desktop/Project180/src/install/robotpatrol/share/robotpatrol/cmake/robotpatrolConfig-version.cmake
[62.044s] -- Installing: /home/admin/Desktop/Project180/src/install/robotpatrol/share/robotpatrol/package.xml
[62.047s] Invoked command in '/home/admin/Desktop/Project180/src/build/robotpatrol' returned '0': CMAKE_PREFIX_PATH=${CMAKE_PREFIX_PATH}:/opt/ros/foxy /usr/bin/cmake --install /home/admin/Desktop/Project180/src/build/robotpatrol
