[0.025s] Invoking command in '/home/admin/Desktop/Project180/src/build/robotpatrol': CMAKE_PREFIX_PATH=${CMAKE_PREFIX_PATH}:/opt/ros/foxy /usr/bin/cmake --build /home/admin/Desktop/Project180/src/build/robotpatrol -- -j8 -l8
[0.122s] [ 37%] Built target testpackage
[0.157s] [ 62%] Built target navigator
[0.174s] [35m[1mScanning dependencies of target testnavigation[0m
[0.202s] [ 75%] [32mBuilding CXX object CMakeFiles/testnavigation.dir/src/testnavigator.cpp.o[0m
[1.887s] In file included from [01m[K/opt/ros/foxy/include/rclcpp/service.hpp:34[m[K,
[1.887s]                  from [01m[K/opt/ros/foxy/include/rclcpp/callback_group.hpp:25[m[K,
[1.888s]                  from [01m[K/opt/ros/foxy/include/rclcpp/any_executable.hpp:20[m[K,
[1.888s]                  from [01m[K/opt/ros/foxy/include/rclcpp/memory_strategy.hpp:24[m[K,
[1.888s]                  from [01m[K/opt/ros/foxy/include/rclcpp/memory_strategies.hpp:18[m[K,
[1.888s]                  from [01m[K/opt/ros/foxy/include/rclcpp/executor_options.hpp:20[m[K,
[1.888s]                  from [01m[K/opt/ros/foxy/include/rclcpp/executor.hpp:33[m[K,
[1.888s]                  from [01m[K/opt/ros/foxy/include/rclcpp/executors/multi_threaded_executor.hpp:26[m[K,
[1.888s]                  from [01m[K/opt/ros/foxy/include/rclcpp/executors.hpp:21[m[K,
[1.888s]                  from [01m[K/opt/ros/foxy/include/rclcpp/rclcpp.hpp:146[m[K,
[1.888s]                  from [01m[K/home/admin/Desktop/Project180/src/robotpatrol/src/testnavigator.cpp:17[m[K:
[1.888s] [01m[K/home/admin/Desktop/Project180/src/robotpatrol/src/testnavigator.cpp:[m[K In function ‘[01m[Kint main(int, char**)[m[K’:
[1.888s] [01m[K/home/admin/Desktop/Project180/src/robotpatrol/src/testnavigator.cpp:50:16:[m[K [01;31m[Kerror: [m[Kinvalid use of ‘[01m[Kthis[m[K’ in non-member function
[1.888s]    50 |    RCLCPP_INFO([01;31m[Kthis[m[K->get_logger(),"pose:",goal_pos->position.x, " ",goal_pos->position.y = poses[i+1], " ", goal_pos->orientation.w = poses[i+2] );
[1.889s]       |                [01;31m[K^~~~[m[K
[1.889s] [01m[K/home/admin/Desktop/Project180/src/robotpatrol/src/testnavigator.cpp:50:16:[m[K [01;31m[Kerror: [m[Kinvalid use of ‘[01m[Kthis[m[K’ in non-member function
[1.889s] [01m[K/home/admin/Desktop/Project180/src/robotpatrol/src/testnavigator.cpp:50:4:[m[K [01;31m[Kerror: [m[Ktemplate argument 1 is invalid
[1.889s]    50 |    [01;31m[KRCLCPP_INFO[m[K(this->get_logger(),"pose:",goal_pos->position.x, " ",goal_pos->position.y = poses[i+1], " ", goal_pos->orientation.w = poses[i+2] );
[1.889s]       |    [01;31m[K^~~~~~~~~~~[m[K
[1.889s] [01m[K/home/admin/Desktop/Project180/src/robotpatrol/src/testnavigator.cpp:50:4:[m[K [01;31m[Kerror: [m[Ktemplate argument 1 is invalid
[1.889s]    50 |    [01;31m[KRCLCPP_INFO[m[K(this->get_logger(),"pose:",goal_pos->position.x, " ",goal_pos->position.y = poses[i+1], " ", goal_pos->orientation.w = poses[i+2] );
[1.889s]       |    [01;31m[K^~~~~~~~~~~[m[K
[1.889s] [01m[K/home/admin/Desktop/Project180/src/robotpatrol/src/testnavigator.cpp:50:4:[m[K [01;31m[Kerror: [m[Ktemplate argument 1 is invalid
[1.889s]    50 |    [01;31m[KRCLCPP_INFO[m[K(this->get_logger(),"pose:",goal_pos->position.x, " ",goal_pos->position.y = poses[i+1], " ", goal_pos->orientation.w = poses[i+2] );
[1.889s]       |    [01;31m[K^~~~~~~~~~~[m[K
[1.889s] In file included from [01m[K/opt/ros/foxy/include/rclcpp/client.hpp:40[m[K,
[1.889s]                  from [01m[K/opt/ros/foxy/include/rclcpp/callback_group.hpp:23[m[K,
[1.889s]                  from [01m[K/opt/ros/foxy/include/rclcpp/any_executable.hpp:20[m[K,
[1.889s]                  from [01m[K/opt/ros/foxy/include/rclcpp/memory_strategy.hpp:24[m[K,
[1.889s]                  from [01m[K/opt/ros/foxy/include/rclcpp/memory_strategies.hpp:18[m[K,
[1.890s]                  from [01m[K/opt/ros/foxy/include/rclcpp/executor_options.hpp:20[m[K,
[1.890s]                  from [01m[K/opt/ros/foxy/include/rclcpp/executor.hpp:33[m[K,
[1.890s]                  from [01m[K/opt/ros/foxy/include/rclcpp/executors/multi_threaded_executor.hpp:26[m[K,
[1.890s]                  from [01m[K/opt/ros/foxy/include/rclcpp/executors.hpp:21[m[K,
[1.890s]                  from [01m[K/opt/ros/foxy/include/rclcpp/rclcpp.hpp:146[m[K,
[1.890s]                  from [01m[K/home/admin/Desktop/Project180/src/robotpatrol/src/testnavigator.cpp:17[m[K:
[1.890s] [01m[K/home/admin/Desktop/Project180/src/robotpatrol/src/testnavigator.cpp:50:16:[m[K [01;31m[Kerror: [m[Kinvalid use of ‘[01m[Kthis[m[K’ in non-member function
[1.890s]    50 |    RCLCPP_INFO([01;31m[Kthis[m[K->get_logger(),"pose:",goal_pos->position.x, " ",goal_pos->position.y = poses[i+1], " ", goal_pos->orientation.w = poses[i+2] );
[1.890s]       |                [01;31m[K^~~~[m[K
[1.890s] [01m[K/home/admin/Desktop/Project180/src/robotpatrol/src/testnavigator.cpp:50:16:[m[K [01;31m[Kerror: [m[Kinvalid use of ‘[01m[Kthis[m[K’ in non-member function
[1.890s]    50 |    RCLCPP_INFO([01;31m[Kthis[m[K->get_logger(),"pose:",goal_pos->position.x, " ",goal_pos->position.y = poses[i+1], " ", goal_pos->orientation.w = poses[i+2] );
[1.890s]       |                [01;31m[K^~~~[m[K
[1.891s] [01m[K/home/admin/Desktop/Project180/src/robotpatrol/src/testnavigator.cpp:52:24:[m[K [01;31m[Kerror: [m[K‘[01m[Kgoal_pos[m[K’ was not declared in this scope
[1.891s]    52 |     navigator.GoToPose([01;31m[Kgoal_pos[m[K);
[1.891s]       |                        [01;31m[K^~~~~~~~[m[K
[1.891s] [01m[K/home/admin/Desktop/Project180/src/robotpatrol/src/testnavigator.cpp:[m[K At global scope:
[1.891s] [01m[K/home/admin/Desktop/Project180/src/robotpatrol/src/testnavigator.cpp:57:3:[m[K [01;31m[Kerror: [m[K‘[01m[Knavigator[m[K’ does not name a type; did you mean ‘[01m[KNavigator[m[K’?
[1.891s]    57 |   [01;31m[Knavigator[m[K.Backup();
[1.892s]       |   [01;31m[K^~~~~~~~~[m[K
[1.892s]       |   [32m[KNavigator[m[K
[1.892s] [01m[K/home/admin/Desktop/Project180/src/robotpatrol/src/testnavigator.cpp:58:3:[m[K [01;31m[Kerror: [m[Kexpected unqualified-id before ‘[01m[Kwhile[m[K’
[1.892s]    58 |   [01;31m[Kwhile[m[K ( ! navigator.IsTaskComplete() ) {}
[1.892s]       |   [01;31m[K^~~~~[m[K
[1.892s] [01m[K/home/admin/Desktop/Project180/src/robotpatrol/src/testnavigator.cpp:62:21:[m[K [01;31m[Kerror: [m[Kexpected constructor, destructor, or type conversion before ‘[01m[K;[m[K’ token
[1.892s]    62 |   rclcpp::shutdown()[01;31m[K;[m[K // shutdown ROS
[1.892s]       |                     [01;31m[K^[m[K
[1.892s] [01m[K/home/admin/Desktop/Project180/src/robotpatrol/src/testnavigator.cpp:63:3:[m[K [01;31m[Kerror: [m[Kexpected unqualified-id before ‘[01m[Kreturn[m[K’
[1.892s]    63 |   [01;31m[Kreturn[m[K 0;
[1.892s]       |   [01;31m[K^~~~~~[m[K
[1.892s] [01m[K/home/admin/Desktop/Project180/src/robotpatrol/src/testnavigator.cpp:64:1:[m[K [01;31m[Kerror: [m[Kexpected declaration before ‘[01m[K}[m[K’ token
[1.892s]    64 | [01;31m[K}[m[K
[1.892s]       | [01;31m[K^[m[K
[2.690s] make[2]: *** [CMakeFiles/testnavigation.dir/build.make:63: CMakeFiles/testnavigation.dir/src/testnavigator.cpp.o] Error 1
[2.691s] make[1]: *** [CMakeFiles/Makefile2:109: CMakeFiles/testnavigation.dir/all] Error 2
[2.691s] make: *** [Makefile:141: all] Error 2
[2.697s] Invoked command in '/home/admin/Desktop/Project180/src/build/robotpatrol' returned '2': CMAKE_PREFIX_PATH=${CMAKE_PREFIX_PATH}:/opt/ros/foxy /usr/bin/cmake --build /home/admin/Desktop/Project180/src/build/robotpatrol -- -j8 -l8
