[0.020s] Invoking command in '/home/admin/Desktop/Project180/src/build/robotpatrol': CMAKE_PREFIX_PATH=${CMAKE_PREFIX_PATH}:/opt/ros/foxy /usr/bin/cmake --build /home/admin/Desktop/Project180/src/build/robotpatrol -- -j8 -l8
[0.094s] [35m[1mScanning dependencies of target testnavigation[0m
[0.099s] [ 25%] Built target navigator
[0.101s] [ 62%] Built target testpackage
[0.134s] [ 75%] [32mBuilding CXX object CMakeFiles/testnavigation.dir/src/testnavigator.cpp.o[0m
[1.974s] [01m[K/home/admin/Desktop/Project180/src/robotpatrol/src/testnavigator.cpp:[m[K In function ‘[01m[Kvoid mapCallBack(nav_msgs::msg::OccupancyGrid_<std::allocator<void> >::SharedPtr)[m[K’:
[1.974s] [01m[K/home/admin/Desktop/Project180/src/robotpatrol/src/testnavigator.cpp:26:64:[m[K [01;35m[Kwarning: [m[Kunused parameter ‘[01m[Kmsg[m[K’ [[01;35m[K-Wunused-parameter[m[K]
[1.974s]    26 | void mapCallBack([01;35m[Kconst nav_msgs::msg::OccupancyGrid::SharedPtr msg[m[K) {
[1.974s]       |                  [01;35m[K~~~~~~~~~~~~~~~~~~~~~~~~~~~~~~~~~~~~~~~~~~~~~~^~~[m[K
[7.921s] [ 87%] [32m[1mLinking CXX executable testnavigation[0m
[9.158s] [100%] Built target testnavigation
[9.173s] Invoked command in '/home/admin/Desktop/Project180/src/build/robotpatrol' returned '0': CMAKE_PREFIX_PATH=${CMAKE_PREFIX_PATH}:/opt/ros/foxy /usr/bin/cmake --build /home/admin/Desktop/Project180/src/build/robotpatrol -- -j8 -l8
[9.230s] Invoking command in '/home/admin/Desktop/Project180/src/build/robotpatrol': CMAKE_PREFIX_PATH=${CMAKE_PREFIX_PATH}:/opt/ros/foxy /usr/bin/cmake --install /home/admin/Desktop/Project180/src/build/robotpatrol
[9.243s] -- Install configuration: ""
[9.243s] -- Up-to-date: /home/admin/Desktop/Project180/src/install/robotpatrol/share/robotpatrol/environment/library_path.sh
[9.243s] -- Up-to-date: /home/admin/Desktop/Project180/src/install/robotpatrol/share/robotpatrol/environment/library_path.dsv
[9.243s] -- Up-to-date: /home/admin/Desktop/Project180/src/install/robotpatrol/include
[9.243s] -- Up-to-date: /home/admin/Desktop/Project180/src/install/robotpatrol/include/navigation
[9.243s] -- Up-to-date: /home/admin/Desktop/Project180/src/install/robotpatrol/include/navigation/navigation.hpp
[9.243s] -- Up-to-date: /home/admin/Desktop/Project180/src/install/robotpatrol/lib/libnavigator.a
[9.243s] -- Installing: /home/admin/Desktop/Project180/src/install/robotpatrol/lib/robotpatrol/testnavigation
[9.253s] -- Set runtime path of "/home/admin/Desktop/Project180/src/install/robotpatrol/lib/robotpatrol/testnavigation" to ""
[9.253s] -- Up-to-date: /home/admin/Desktop/Project180/src/install/robotpatrol/lib/robotpatrol/testpackage
[9.253s] -- Up-to-date: /home/admin/Desktop/Project180/src/install/robotpatrol/share/ament_index/resource_index/package_run_dependencies/robotpatrol
[9.253s] -- Up-to-date: /home/admin/Desktop/Project180/src/install/robotpatrol/share/ament_index/resource_index/parent_prefix_path/robotpatrol
[9.253s] -- Up-to-date: /home/admin/Desktop/Project180/src/install/robotpatrol/share/robotpatrol/environment/ament_prefix_path.sh
[9.254s] -- Up-to-date: /home/admin/Desktop/Project180/src/install/robotpatrol/share/robotpatrol/environment/ament_prefix_path.dsv
[9.254s] -- Up-to-date: /home/admin/Desktop/Project180/src/install/robotpatrol/share/robotpatrol/environment/path.sh
[9.254s] -- Up-to-date: /home/admin/Desktop/Project180/src/install/robotpatrol/share/robotpatrol/environment/path.dsv
[9.254s] -- Up-to-date: /home/admin/Desktop/Project180/src/install/robotpatrol/share/robotpatrol/local_setup.bash
[9.254s] -- Up-to-date: /home/admin/Desktop/Project180/src/install/robotpatrol/share/robotpatrol/local_setup.sh
[9.254s] -- Up-to-date: /home/admin/Desktop/Project180/src/install/robotpatrol/share/robotpatrol/local_setup.zsh
[9.254s] -- Up-to-date: /home/admin/Desktop/Project180/src/install/robotpatrol/share/robotpatrol/local_setup.dsv
[9.254s] -- Installing: /home/admin/Desktop/Project180/src/install/robotpatrol/share/robotpatrol/package.dsv
[9.254s] -- Up-to-date: /home/admin/Desktop/Project180/src/install/robotpatrol/share/ament_index/resource_index/packages/robotpatrol
[9.255s] -- Up-to-date: /home/admin/Desktop/Project180/src/install/robotpatrol/share/robotpatrol/cmake/navigatorlibExport.cmake
[9.255s] -- Up-to-date: /home/admin/Desktop/Project180/src/install/robotpatrol/share/robotpatrol/cmake/navigatorlibExport-noconfig.cmake
[9.255s] -- Up-to-date: /home/admin/Desktop/Project180/src/install/robotpatrol/share/robotpatrol/cmake/ament_cmake_export_targets-extras.cmake
[9.255s] -- Up-to-date: /home/admin/Desktop/Project180/src/install/robotpatrol/share/robotpatrol/cmake/ament_cmake_export_dependencies-extras.cmake
[9.255s] -- Up-to-date: /home/admin/Desktop/Project180/src/install/robotpatrol/share/robotpatrol/cmake/robotpatrolConfig.cmake
[9.255s] -- Up-to-date: /home/admin/Desktop/Project180/src/install/robotpatrol/share/robotpatrol/cmake/robotpatrolConfig-version.cmake
[9.255s] -- Up-to-date: /home/admin/Desktop/Project180/src/install/robotpatrol/share/robotpatrol/package.xml
[9.261s] Invoked command in '/home/admin/Desktop/Project180/src/build/robotpatrol' returned '0': CMAKE_PREFIX_PATH=${CMAKE_PREFIX_PATH}:/opt/ros/foxy /usr/bin/cmake --install /home/admin/Desktop/Project180/src/build/robotpatrol
