[0.017s] Invoking command in '/home/admin/Desktop/Project180/src/build/robotpatrol': CMAKE_PREFIX_PATH=${CMAKE_PREFIX_PATH}:/opt/ros/foxy /usr/bin/cmake --build /home/admin/Desktop/Project180/src/build/robotpatrol -- -j8 -l8
[0.115s] [ 37%] Built target testpackage
[0.150s] [ 62%] Built target navigator
[0.166s] [35m[1mScanning dependencies of target testnavigation[0m
[0.211s] [ 75%] [32mBuilding CXX object CMakeFiles/testnavigation.dir/src/testnavigator.cpp.o[0m
[5.806s] [ 87%] [32m[1mLinking CXX executable testnavigation[0m
[6.752s] [100%] Built target testnavigation
[6.768s] Invoked command in '/home/admin/Desktop/Project180/src/build/robotpatrol' returned '0': CMAKE_PREFIX_PATH=${CMAKE_PREFIX_PATH}:/opt/ros/foxy /usr/bin/cmake --build /home/admin/Desktop/Project180/src/build/robotpatrol -- -j8 -l8
[6.817s] Invoking command in '/home/admin/Desktop/Project180/src/build/robotpatrol': CMAKE_PREFIX_PATH=${CMAKE_PREFIX_PATH}:/opt/ros/foxy /usr/bin/cmake --install /home/admin/Desktop/Project180/src/build/robotpatrol
[6.831s] -- Install configuration: ""
[6.831s] -- Up-to-date: /home/admin/Desktop/Project180/src/install/robotpatrol/share/robotpatrol/environment/library_path.sh
[6.831s] -- Up-to-date: /home/admin/Desktop/Project180/src/install/robotpatrol/share/robotpatrol/environment/library_path.dsv
[6.831s] -- Up-to-date: /home/admin/Desktop/Project180/src/install/robotpatrol/include
[6.831s] -- Up-to-date: /home/admin/Desktop/Project180/src/install/robotpatrol/include/navigation
[6.831s] -- Up-to-date: /home/admin/Desktop/Project180/src/install/robotpatrol/include/navigation/navigation.hpp
[6.831s] -- Up-to-date: /home/admin/Desktop/Project180/src/install/robotpatrol/lib/libnavigator.a
[6.832s] -- Installing: /home/admin/Desktop/Project180/src/install/robotpatrol/lib/robotpatrol/testnavigation
[6.841s] -- Set runtime path of "/home/admin/Desktop/Project180/src/install/robotpatrol/lib/robotpatrol/testnavigation" to ""
[6.841s] -- Up-to-date: /home/admin/Desktop/Project180/src/install/robotpatrol/lib/robotpatrol/testpackage
[6.842s] -- Up-to-date: /home/admin/Desktop/Project180/src/install/robotpatrol/share/ament_index/resource_index/package_run_dependencies/robotpatrol
[6.842s] -- Up-to-date: /home/admin/Desktop/Project180/src/install/robotpatrol/share/ament_index/resource_index/parent_prefix_path/robotpatrol
[6.842s] -- Up-to-date: /home/admin/Desktop/Project180/src/install/robotpatrol/share/robotpatrol/environment/ament_prefix_path.sh
[6.842s] -- Up-to-date: /home/admin/Desktop/Project180/src/install/robotpatrol/share/robotpatrol/environment/ament_prefix_path.dsv
[6.842s] -- Up-to-date: /home/admin/Desktop/Project180/src/install/robotpatrol/share/robotpatrol/environment/path.sh
[6.842s] -- Up-to-date: /home/admin/Desktop/Project180/src/install/robotpatrol/share/robotpatrol/environment/path.dsv
[6.842s] -- Up-to-date: /home/admin/Desktop/Project180/src/install/robotpatrol/share/robotpatrol/local_setup.bash
[6.842s] -- Up-to-date: /home/admin/Desktop/Project180/src/install/robotpatrol/share/robotpatrol/local_setup.sh
[6.842s] -- Up-to-date: /home/admin/Desktop/Project180/src/install/robotpatrol/share/robotpatrol/local_setup.zsh
[6.842s] -- Up-to-date: /home/admin/Desktop/Project180/src/install/robotpatrol/share/robotpatrol/local_setup.dsv
[6.842s] -- Installing: /home/admin/Desktop/Project180/src/install/robotpatrol/share/robotpatrol/package.dsv
[6.842s] -- Up-to-date: /home/admin/Desktop/Project180/src/install/robotpatrol/share/ament_index/resource_index/packages/robotpatrol
[6.842s] -- Up-to-date: /home/admin/Desktop/Project180/src/install/robotpatrol/share/robotpatrol/cmake/navigatorlibExport.cmake
[6.842s] -- Up-to-date: /home/admin/Desktop/Project180/src/install/robotpatrol/share/robotpatrol/cmake/navigatorlibExport-noconfig.cmake
[6.843s] -- Up-to-date: /home/admin/Desktop/Project180/src/install/robotpatrol/share/robotpatrol/cmake/ament_cmake_export_targets-extras.cmake
[6.843s] -- Up-to-date: /home/admin/Desktop/Project180/src/install/robotpatrol/share/robotpatrol/cmake/ament_cmake_export_dependencies-extras.cmake
[6.843s] -- Up-to-date: /home/admin/Desktop/Project180/src/install/robotpatrol/share/robotpatrol/cmake/robotpatrolConfig.cmake
[6.843s] -- Up-to-date: /home/admin/Desktop/Project180/src/install/robotpatrol/share/robotpatrol/cmake/robotpatrolConfig-version.cmake
[6.843s] -- Up-to-date: /home/admin/Desktop/Project180/src/install/robotpatrol/share/robotpatrol/package.xml
[6.860s] Invoked command in '/home/admin/Desktop/Project180/src/build/robotpatrol' returned '0': CMAKE_PREFIX_PATH=${CMAKE_PREFIX_PATH}:/opt/ros/foxy /usr/bin/cmake --install /home/admin/Desktop/Project180/src/build/robotpatrol
