[0.019s] Invoking command in '/home/admin/Desktop/Project180/src/build/robotpatrol': CMAKE_PREFIX_PATH=${CMAKE_PREFIX_PATH}:/opt/ros/foxy /usr/bin/cmake --build /home/admin/Desktop/Project180/src/build/robotpatrol -- -j8 -l8
[0.087s] [35m[1mScanning dependencies of target testnavigation[0m
[0.107s] [ 62%] Built target testpackage
[0.107s] [ 62%] Built target navigator
[0.125s] [ 75%] [32mBuilding CXX object CMakeFiles/testnavigation.dir/src/testnavigator.cpp.o[0m
[1.807s] [01m[K/home/admin/Desktop/Project180/src/robotpatrol/src/testnavigator.cpp:10:3:[m[K [01;31m[Kerror: [m[Kexpected ‘[01m[K}[m[K’ before numeric constant
[1.807s]    10 |   [01;31m[K2[m[K, 2, 1
[1.807s]       |   [01;31m[K^[m[K
[1.807s] [01m[K/home/admin/Desktop/Project180/src/robotpatrol/src/testnavigator.cpp:6:17:[m[K [01;36m[Knote: [m[Kto match this ‘[01m[K{[m[K’
[1.807s]     6 | float poses[] = [01;36m[K{[m[K
[1.807s]       |                 [01;36m[K^[m[K
[1.808s] [01m[K/home/admin/Desktop/Project180/src/robotpatrol/src/testnavigator.cpp:10:3:[m[K [01;31m[Kerror: [m[Kexpected ‘[01m[K,[m[K’ or ‘[01m[K;[m[K’ before numeric constant
[1.808s]    10 |   [01;31m[K2[m[K, 2, 1
[1.808s]       |   [01;31m[K^[m[K
[1.808s] [01m[K/home/admin/Desktop/Project180/src/robotpatrol/src/testnavigator.cpp:12:1:[m[K [01;31m[Kerror: [m[Kexpected declaration before ‘[01m[K}[m[K’ token
[1.808s]    12 | [01;31m[K}[m[K;
[1.808s]       | [01;31m[K^[m[K
[2.606s] make[2]: *** [CMakeFiles/testnavigation.dir/build.make:63: CMakeFiles/testnavigation.dir/src/testnavigator.cpp.o] Error 1
[2.607s] make[1]: *** [CMakeFiles/Makefile2:109: CMakeFiles/testnavigation.dir/all] Error 2
[2.607s] make: *** [Makefile:141: all] Error 2
[2.609s] Invoked command in '/home/admin/Desktop/Project180/src/build/robotpatrol' returned '2': CMAKE_PREFIX_PATH=${CMAKE_PREFIX_PATH}:/opt/ros/foxy /usr/bin/cmake --build /home/admin/Desktop/Project180/src/build/robotpatrol -- -j8 -l8
