[35m[1mScanning dependencies of target testnavigation[0m
[ 25%] Built target navigator
[ 62%] Built target testpackage
[ 75%] [32mBuilding CXX object CMakeFiles/testnavigation.dir/src/testnavigator.cpp.o[0m
In file included from [01m[K/opt/ros/foxy/include/rclcpp/service.hpp:34[m[K,
                 from [01m[K/opt/ros/foxy/include/rclcpp/callback_group.hpp:25[m[K,
                 from [01m[K/opt/ros/foxy/include/rclcpp/any_executable.hpp:20[m[K,
                 from [01m[K/opt/ros/foxy/include/rclcpp/memory_strategy.hpp:24[m[K,
                 from [01m[K/opt/ros/foxy/include/rclcpp/memory_strategies.hpp:18[m[K,
                 from [01m[K/opt/ros/foxy/include/rclcpp/executor_options.hpp:20[m[K,
                 from [01m[K/opt/ros/foxy/include/rclcpp/executor.hpp:33[m[K,
                 from [01m[K/opt/ros/foxy/include/rclcpp/executors/multi_threaded_executor.hpp:26[m[K,
                 from [01m[K/opt/ros/foxy/include/rclcpp/executors.hpp:21[m[K,
                 from [01m[K/opt/ros/foxy/include/rclcpp/rclcpp.hpp:146[m[K,
                 from [01m[K/home/admin/Desktop/Project180/src/robotpatrol/src/testnavigator.cpp:17[m[K:
[01m[K/home/admin/Desktop/Project180/src/robotpatrol/src/testnavigator.cpp:[m[K In function ‘[01m[Kvoid mapCallback(nav_msgs::msg::OccupancyGrid_<std::allocator<void> >::SharedPtr)[m[K’:
[01m[K/home/admin/Desktop/Project180/src/robotpatrol/src/testnavigator.cpp:27:21:[m[K [01;31m[Kerror: [m[K‘[01m[Knodeh[m[K’ was not declared in this scope
   27 |         RCLCPP_INFO([01;31m[Knodeh[m[K->get_logger(),"Size of Map: %d", msg->data.size());
      |                     [01;31m[K^~~~~[m[K
[01m[K/home/admin/Desktop/Project180/src/robotpatrol/src/testnavigator.cpp:27:9:[m[K [01;31m[Kerror: [m[Ktemplate argument 1 is invalid
   27 |         [01;31m[KRCLCPP_INFO[m[K(nodeh->get_logger(),"Size of Map: %d", msg->data.size());
      |         [01;31m[K^~~~~~~~~~~[m[K
[01m[K/home/admin/Desktop/Project180/src/robotpatrol/src/testnavigator.cpp:27:9:[m[K [01;31m[Kerror: [m[Ktemplate argument 1 is invalid
   27 |         [01;31m[KRCLCPP_INFO[m[K(nodeh->get_logger(),"Size of Map: %d", msg->data.size());
      |         [01;31m[K^~~~~~~~~~~[m[K
[01m[K/home/admin/Desktop/Project180/src/robotpatrol/src/testnavigator.cpp:27:9:[m[K [01;31m[Kerror: [m[Ktemplate argument 1 is invalid
   27 |         [01;31m[KRCLCPP_INFO[m[K(nodeh->get_logger(),"Size of Map: %d", msg->data.size());
      |         [01;31m[K^~~~~~~~~~~[m[K
[01m[K/home/admin/Desktop/Project180/src/robotpatrol/src/testnavigator.cpp:28:21:[m[K [01;31m[Kerror: [m[K‘[01m[Knodeh[m[K’ was not declared in this scope
   28 |         RCLCPP_INFO([01;31m[Knodeh[m[K->get_logger(), "Resolution: %f", msg->info.resolution());
      |                     [01;31m[K^~~~~[m[K
[01m[K/home/admin/Desktop/Project180/src/robotpatrol/src/testnavigator.cpp:28:9:[m[K [01;31m[Kerror: [m[Ktemplate argument 1 is invalid
   28 |         [01;31m[KRCLCPP_INFO[m[K(nodeh->get_logger(), "Resolution: %f", msg->info.resolution());
      |         [01;31m[K^~~~~~~~~~~[m[K
[01m[K/home/admin/Desktop/Project180/src/robotpatrol/src/testnavigator.cpp:28:9:[m[K [01;31m[Kerror: [m[Ktemplate argument 1 is invalid
   28 |         [01;31m[KRCLCPP_INFO[m[K(nodeh->get_logger(), "Resolution: %f", msg->info.resolution());
      |         [01;31m[K^~~~~~~~~~~[m[K
[01m[K/home/admin/Desktop/Project180/src/robotpatrol/src/testnavigator.cpp:28:9:[m[K [01;31m[Kerror: [m[Ktemplate argument 1 is invalid
   28 |         [01;31m[KRCLCPP_INFO[m[K(nodeh->get_logger(), "Resolution: %f", msg->info.resolution());
      |         [01;31m[K^~~~~~~~~~~[m[K
In file included from [01m[K/opt/ros/foxy/include/rclcpp/client.hpp:40[m[K,
                 from [01m[K/opt/ros/foxy/include/rclcpp/callback_group.hpp:23[m[K,
                 from [01m[K/opt/ros/foxy/include/rclcpp/any_executable.hpp:20[m[K,
                 from [01m[K/opt/ros/foxy/include/rclcpp/memory_strategy.hpp:24[m[K,
                 from [01m[K/opt/ros/foxy/include/rclcpp/memory_strategies.hpp:18[m[K,
                 from [01m[K/opt/ros/foxy/include/rclcpp/executor_options.hpp:20[m[K,
                 from [01m[K/opt/ros/foxy/include/rclcpp/executor.hpp:33[m[K,
                 from [01m[K/opt/ros/foxy/include/rclcpp/executors/multi_threaded_executor.hpp:26[m[K,
                 from [01m[K/opt/ros/foxy/include/rclcpp/executors.hpp:21[m[K,
                 from [01m[K/opt/ros/foxy/include/rclcpp/rclcpp.hpp:146[m[K,
                 from [01m[K/home/admin/Desktop/Project180/src/robotpatrol/src/testnavigator.cpp:17[m[K:
[01m[K/home/admin/Desktop/Project180/src/robotpatrol/src/testnavigator.cpp:28:81:[m[K [01;31m[Kerror: [m[Kexpression cannot be used as a function
   28 |         RCLCPP_INFO(nodeh->get_logger(), "Resolution: %f", msg->info.resolution([01;31m[K)[m[K);
      |                                                                                 [01;31m[K^[m[K
In file included from [01m[K/opt/ros/foxy/include/rclcpp/service.hpp:34[m[K,
                 from [01m[K/opt/ros/foxy/include/rclcpp/callback_group.hpp:25[m[K,
                 from [01m[K/opt/ros/foxy/include/rclcpp/any_executable.hpp:20[m[K,
                 from [01m[K/opt/ros/foxy/include/rclcpp/memory_strategy.hpp:24[m[K,
                 from [01m[K/opt/ros/foxy/include/rclcpp/memory_strategies.hpp:18[m[K,
                 from [01m[K/opt/ros/foxy/include/rclcpp/executor_options.hpp:20[m[K,
                 from [01m[K/opt/ros/foxy/include/rclcpp/executor.hpp:33[m[K,
                 from [01m[K/opt/ros/foxy/include/rclcpp/executors/multi_threaded_executor.hpp:26[m[K,
                 from [01m[K/opt/ros/foxy/include/rclcpp/executors.hpp:21[m[K,
                 from [01m[K/opt/ros/foxy/include/rclcpp/rclcpp.hpp:146[m[K,
                 from [01m[K/home/admin/Desktop/Project180/src/robotpatrol/src/testnavigator.cpp:17[m[K:
[01m[K/home/admin/Desktop/Project180/src/robotpatrol/src/testnavigator.cpp:29:21:[m[K [01;31m[Kerror: [m[K‘[01m[Knodeh[m[K’ was not declared in this scope
   29 |         RCLCPP_INFO([01;31m[Knodeh[m[K->get_logger(), "Width: %d", msg->info.width());
      |                     [01;31m[K^~~~~[m[K
[01m[K/home/admin/Desktop/Project180/src/robotpatrol/src/testnavigator.cpp:29:9:[m[K [01;31m[Kerror: [m[Ktemplate argument 1 is invalid
   29 |         [01;31m[KRCLCPP_INFO[m[K(nodeh->get_logger(), "Width: %d", msg->info.width());
      |         [01;31m[K^~~~~~~~~~~[m[K
[01m[K/home/admin/Desktop/Project180/src/robotpatrol/src/testnavigator.cpp:29:9:[m[K [01;31m[Kerror: [m[Ktemplate argument 1 is invalid
   29 |         [01;31m[KRCLCPP_INFO[m[K(nodeh->get_logger(), "Width: %d", msg->info.width());
      |         [01;31m[K^~~~~~~~~~~[m[K
[01m[K/home/admin/Desktop/Project180/src/robotpatrol/src/testnavigator.cpp:29:9:[m[K [01;31m[Kerror: [m[Ktemplate argument 1 is invalid
   29 |         [01;31m[KRCLCPP_INFO[m[K(nodeh->get_logger(), "Width: %d", msg->info.width());
      |         [01;31m[K^~~~~~~~~~~[m[K
In file included from [01m[K/opt/ros/foxy/include/rclcpp/client.hpp:40[m[K,
                 from [01m[K/opt/ros/foxy/include/rclcpp/callback_group.hpp:23[m[K,
                 from [01m[K/opt/ros/foxy/include/rclcpp/any_executable.hpp:20[m[K,
                 from [01m[K/opt/ros/foxy/include/rclcpp/memory_strategy.hpp:24[m[K,
                 from [01m[K/opt/ros/foxy/include/rclcpp/memory_strategies.hpp:18[m[K,
                 from [01m[K/opt/ros/foxy/include/rclcpp/executor_options.hpp:20[m[K,
                 from [01m[K/opt/ros/foxy/include/rclcpp/executor.hpp:33[m[K,
                 from [01m[K/opt/ros/foxy/include/rclcpp/executors/multi_threaded_executor.hpp:26[m[K,
                 from [01m[K/opt/ros/foxy/include/rclcpp/executors.hpp:21[m[K,
                 from [01m[K/opt/ros/foxy/include/rclcpp/rclcpp.hpp:146[m[K,
                 from [01m[K/home/admin/Desktop/Project180/src/robotpatrol/src/testnavigator.cpp:17[m[K:
[01m[K/home/admin/Desktop/Project180/src/robotpatrol/src/testnavigator.cpp:29:71:[m[K [01;31m[Kerror: [m[Kexpression cannot be used as a function
   29 |         RCLCPP_INFO(nodeh->get_logger(), "Width: %d", msg->info.width([01;31m[K)[m[K);
      |                                                                       [01;31m[K^[m[K
In file included from [01m[K/opt/ros/foxy/include/rclcpp/service.hpp:34[m[K,
                 from [01m[K/opt/ros/foxy/include/rclcpp/callback_group.hpp:25[m[K,
                 from [01m[K/opt/ros/foxy/include/rclcpp/any_executable.hpp:20[m[K,
                 from [01m[K/opt/ros/foxy/include/rclcpp/memory_strategy.hpp:24[m[K,
                 from [01m[K/opt/ros/foxy/include/rclcpp/memory_strategies.hpp:18[m[K,
                 from [01m[K/opt/ros/foxy/include/rclcpp/executor_options.hpp:20[m[K,
                 from [01m[K/opt/ros/foxy/include/rclcpp/executor.hpp:33[m[K,
                 from [01m[K/opt/ros/foxy/include/rclcpp/executors/multi_threaded_executor.hpp:26[m[K,
                 from [01m[K/opt/ros/foxy/include/rclcpp/executors.hpp:21[m[K,
                 from [01m[K/opt/ros/foxy/include/rclcpp/rclcpp.hpp:146[m[K,
                 from [01m[K/home/admin/Desktop/Project180/src/robotpatrol/src/testnavigator.cpp:17[m[K:
[01m[K/home/admin/Desktop/Project180/src/robotpatrol/src/testnavigator.cpp:30:21:[m[K [01;31m[Kerror: [m[K‘[01m[Knodeh[m[K’ was not declared in this scope
   30 |         RCLCPP_INFO([01;31m[Knodeh[m[K->get_logger(), "Height: %d", msg->info.height());
      |                     [01;31m[K^~~~~[m[K
[01m[K/home/admin/Desktop/Project180/src/robotpatrol/src/testnavigator.cpp:30:9:[m[K [01;31m[Kerror: [m[Ktemplate argument 1 is invalid
   30 |         [01;31m[KRCLCPP_INFO[m[K(nodeh->get_logger(), "Height: %d", msg->info.height());
      |         [01;31m[K^~~~~~~~~~~[m[K
[01m[K/home/admin/Desktop/Project180/src/robotpatrol/src/testnavigator.cpp:30:9:[m[K [01;31m[Kerror: [m[Ktemplate argument 1 is invalid
   30 |         [01;31m[KRCLCPP_INFO[m[K(nodeh->get_logger(), "Height: %d", msg->info.height());
      |         [01;31m[K^~~~~~~~~~~[m[K
[01m[K/home/admin/Desktop/Project180/src/robotpatrol/src/testnavigator.cpp:30:9:[m[K [01;31m[Kerror: [m[Ktemplate argument 1 is invalid
   30 |         [01;31m[KRCLCPP_INFO[m[K(nodeh->get_logger(), "Height: %d", msg->info.height());
      |         [01;31m[K^~~~~~~~~~~[m[K
In file included from [01m[K/opt/ros/foxy/include/rclcpp/client.hpp:40[m[K,
                 from [01m[K/opt/ros/foxy/include/rclcpp/callback_group.hpp:23[m[K,
                 from [01m[K/opt/ros/foxy/include/rclcpp/any_executable.hpp:20[m[K,
                 from [01m[K/opt/ros/foxy/include/rclcpp/memory_strategy.hpp:24[m[K,
                 from [01m[K/opt/ros/foxy/include/rclcpp/memory_strategies.hpp:18[m[K,
                 from [01m[K/opt/ros/foxy/include/rclcpp/executor_options.hpp:20[m[K,
                 from [01m[K/opt/ros/foxy/include/rclcpp/executor.hpp:33[m[K,
                 from [01m[K/opt/ros/foxy/include/rclcpp/executors/multi_threaded_executor.hpp:26[m[K,
                 from [01m[K/opt/ros/foxy/include/rclcpp/executors.hpp:21[m[K,
                 from [01m[K/opt/ros/foxy/include/rclcpp/rclcpp.hpp:146[m[K,
                 from [01m[K/home/admin/Desktop/Project180/src/robotpatrol/src/testnavigator.cpp:17[m[K:
[01m[K/home/admin/Desktop/Project180/src/robotpatrol/src/testnavigator.cpp:30:73:[m[K [01;31m[Kerror: [m[Kexpression cannot be used as a function
   30 |         RCLCPP_INFO(nodeh->get_logger(), "Height: %d", msg->info.height([01;31m[K)[m[K);
      |                                                                         [01;31m[K^[m[K
[01m[K/home/admin/Desktop/Project180/src/robotpatrol/src/testnavigator.cpp:[m[K In function ‘[01m[Kint main(int, char**)[m[K’:
[01m[K/home/admin/Desktop/Project180/src/robotpatrol/src/testnavigator.cpp:98:89:[m[K [01;31m[Kerror: [m[K‘[01m[KmapCallBack[m[K’ was not declared in this scope; did you mean ‘[01m[KmapCallback[m[K’?
   98 |   auto map_sub = navigator.create_subscription<nav_msgs::msg::OccupancyGrid>("map", 10, [01;31m[KmapCallBack[m[K);
      |                                                                                         [01;31m[K^~~~~~~~~~~[m[K
      |                                                                                         [32m[KmapCallback[m[K
make[2]: *** [CMakeFiles/testnavigation.dir/build.make:63: CMakeFiles/testnavigation.dir/src/testnavigator.cpp.o] Error 1
make[1]: *** [CMakeFiles/Makefile2:109: CMakeFiles/testnavigation.dir/all] Error 2
make: *** [Makefile:141: all] Error 2
