[ 37%] Built target testpackage
[ 62%] Built target navigator
[35m[1mScanning dependencies of target testnavigation[0m
[ 75%] [32mBuilding CXX object CMakeFiles/testnavigation.dir/src/testnavigator.cpp.o[0m
[01m[K/home/admin/Desktop/Project180/src/robotpatrol/src/testnavigator.cpp:105:30:[m[K [01;35m[Kwarning: [m[Kmulti-character character constant [[01;35m[K-Wmultichar[m[K]
  105 |   goal_pos.header.frame_id = [01;35m[K'map'[m[K
      |                              [01;35m[K^~~~~[m[K
[01m[K/home/admin/Desktop/Project180/src/robotpatrol/src/testnavigator.cpp:113:30:[m[K [01;35m[Kwarning: [m[Kmulti-character character constant [[01;35m[K-Wmultichar[m[K]
  113 |   goal_pos.header.frame_id = [01;35m[K'map'[m[K
      |                              [01;35m[K^~~~~[m[K
[01m[K/home/admin/Desktop/Project180/src/robotpatrol/src/testnavigator.cpp:121:30:[m[K [01;35m[Kwarning: [m[Kmulti-character character constant [[01;35m[K-Wmultichar[m[K]
  121 |   goal_pos.header.frame_id = [01;35m[K'map'[m[K
      |                              [01;35m[K^~~~~[m[K
[01m[K/home/admin/Desktop/Project180/src/robotpatrol/src/testnavigator.cpp:129:30:[m[K [01;35m[Kwarning: [m[Kmulti-character character constant [[01;35m[K-Wmultichar[m[K]
  129 |   goal_pos.header.frame_id = [01;35m[K'map'[m[K
      |                              [01;35m[K^~~~~[m[K
[01m[K/home/admin/Desktop/Project180/src/robotpatrol/src/testnavigator.cpp:[m[K In function ‘[01m[Kint main(int, char**)[m[K’:
[01m[K/home/admin/Desktop/Project180/src/robotpatrol/src/testnavigator.cpp:102:3:[m[K [01;31m[Kerror: [m[K‘[01m[Kgoal_pose[m[K’ was not declared in this scope; did you mean ‘[01m[Kgoal_pos[m[K’?
  102 |   [01;31m[Kgoal_pose[m[K = []
      |   [01;31m[K^~~~~~~~~[m[K
      |   [32m[Kgoal_pos[m[K
[01m[K/home/admin/Desktop/Project180/src/robotpatrol/src/testnavigator.cpp:[m[K In lambda function:
[01m[K/home/admin/Desktop/Project180/src/robotpatrol/src/testnavigator.cpp:104:3:[m[K [01;31m[Kerror: [m[Kexpected ‘[01m[K{[m[K’ before ‘[01m[Kgoal_pos[m[K’
  104 |   [01;31m[Kgoal_pos[m[K = PoseStamped()
      |   [01;31m[K^~~~~~~~[m[K
make[2]: *** [CMakeFiles/testnavigation.dir/build.make:63: CMakeFiles/testnavigation.dir/src/testnavigator.cpp.o] Error 1
make[1]: *** [CMakeFiles/Makefile2:109: CMakeFiles/testnavigation.dir/all] Error 2
make: *** [Makefile:141: all] Error 2
