[0.028s] Invoking command in '/home/admin/Desktop/Project180/build/robotpatrol': CMAKE_PREFIX_PATH=/opt/ros/foxy /usr/bin/cmake --build /home/admin/Desktop/Project180/build/robotpatrol -- -j8 -l8
[0.222s] [35m[1mScanning dependencies of target testnavigation[0m
[0.248s] [ 25%] Built target navigator
[0.258s] [ 62%] Built target testpackage
[0.293s] [ 75%] [32mBuilding CXX object CMakeFiles/testnavigation.dir/src/testnavigator.cpp.o[0m
[2.491s] [01m[K/home/admin/Desktop/Project180/src/robotpatrol/src/testnavigator.cpp:[m[K In function ‘[01m[Kvoid mapCallBack(nav_msgs::msg::OccupancyGrid_<std::allocator<void> >::SharedPtr)[m[K’:
[2.491s] [01m[K/home/admin/Desktop/Project180/src/robotpatrol/src/testnavigator.cpp:34:124:[m[K [01;31m[Kerror: [m[K‘[01m[Kendl[m[K’ was not declared in this scope; did you mean ‘[01m[Kstd::endl[m[K’?
[2.491s]    34 | h << " hieght:" << map_height << "resolution" << map_resolution << [01;31m[Kendl[m[K;
[2.491s]       |                                                                    [01;31m[K^~~~[m[K
[2.491s]       |                                                                    [32m[Kstd::endl[m[K
[2.491s] In file included from [01m[K/usr/include/c++/9/iostream:39[m[K,
[2.491s]                  from [01m[K/opt/ros/foxy/include/rclcpp/executor.hpp:22[m[K,
[2.491s]                  from [01m[K/opt/ros/foxy/include/rclcpp/executors/multi_threaded_executor.hpp:26[m[K,
[2.492s]                  from [01m[K/opt/ros/foxy/include/rclcpp/executors.hpp:21[m[K,
[2.492s]                  from [01m[K/opt/ros/foxy/include/rclcpp/rclcpp.hpp:146[m[K,
[2.492s]                  from [01m[K/home/admin/Desktop/Project180/src/robotpatrol/src/testnavigator.cpp:17[m[K:
[2.492s] [01m[K/usr/include/c++/9/ostream:599:5:[m[K [01;36m[Knote: [m[K‘[01m[Kstd::endl[m[K’ declared here
[2.492s]   599 |     [01;36m[Kendl[m[K(basic_ostream<_CharT, _Traits>& __os)
[2.492s]       |     [01;36m[K^~~~[m[K
[5.458s] make[2]: *** [CMakeFiles/testnavigation.dir/build.make:63: CMakeFiles/testnavigation.dir/src/testnavigator.cpp.o] Error 1
[5.458s] make[1]: *** [CMakeFiles/Makefile2:109: CMakeFiles/testnavigation.dir/all] Error 2
[5.459s] make: *** [Makefile:141: all] Error 2
[5.463s] Invoked command in '/home/admin/Desktop/Project180/build/robotpatrol' returned '2': CMAKE_PREFIX_PATH=/opt/ros/foxy /usr/bin/cmake --build /home/admin/Desktop/Project180/build/robotpatrol -- -j8 -l8
