[0.016s] Invoking command in '/home/admin/Desktop/Project180/build/robotpatrol': CMAKE_PREFIX_PATH=${CMAKE_PREFIX_PATH}:/opt/ros/foxy /usr/bin/cmake --build /home/admin/Desktop/Project180/build/robotpatrol -- -j8 -l8
[0.082s] [35m[1mScanning dependencies of target testnavigation[0m
[0.098s] [ 25%] Built target navigator
[0.112s] [ 62%] Built target testpackage
[0.123s] [ 75%] [32mBuilding CXX object CMakeFiles/testnavigation.dir/src/testnavigator.cpp.o[0m
[1.519s] In file included from [01m[K/opt/ros/foxy/include/rclcpp/service.hpp:34[m[K,
[1.519s]                  from [01m[K/opt/ros/foxy/include/rclcpp/callback_group.hpp:25[m[K,
[1.519s]                  from [01m[K/opt/ros/foxy/include/rclcpp/any_executable.hpp:20[m[K,
[1.520s]                  from [01m[K/opt/ros/foxy/include/rclcpp/memory_strategy.hpp:24[m[K,
[1.520s]                  from [01m[K/opt/ros/foxy/include/rclcpp/memory_strategies.hpp:18[m[K,
[1.520s]                  from [01m[K/opt/ros/foxy/include/rclcpp/executor_options.hpp:20[m[K,
[1.520s]                  from [01m[K/opt/ros/foxy/include/rclcpp/executor.hpp:33[m[K,
[1.520s]                  from [01m[K/opt/ros/foxy/include/rclcpp/executors/multi_threaded_executor.hpp:26[m[K,
[1.520s]                  from [01m[K/opt/ros/foxy/include/rclcpp/executors.hpp:21[m[K,
[1.520s]                  from [01m[K/opt/ros/foxy/include/rclcpp/rclcpp.hpp:146[m[K,
[1.520s]                  from [01m[K/home/admin/Desktop/Project180/src/robotpatrol/src/testnavigator.cpp:17[m[K:
[1.520s] [01m[K/home/admin/Desktop/Project180/src/robotpatrol/src/testnavigator.cpp:[m[K In function ‘[01m[Kint main(int, char**)[m[K’:
[1.520s] [01m[K/home/admin/Desktop/Project180/src/robotpatrol/src/testnavigator.cpp:48:43:[m[K [01;31m[Kerror: [m[Kinvalid initialization of reference of type ‘[01m[Kconst string&[m[K’ {aka ‘[01m[Kconst std::__cxx11::basic_string<char>&[m[K’} from expression of type ‘[01m[KNavigator[m[K’
[1.520s]    48 |   RCLCPP_INFO(rclcpp::get_logger(navigator[01;31m[K)[m[K,"--------------TEST-------------");
[1.520s]       |                                           [01;31m[K^[m[K
[1.520s] In file included from [01m[K/opt/ros/foxy/include/rclcpp/logging.hpp:23[m[K,
[1.520s]                  from [01m[K/opt/ros/foxy/include/rclcpp/service.hpp:34[m[K,
[1.520s]                  from [01m[K/opt/ros/foxy/include/rclcpp/callback_group.hpp:25[m[K,
[1.520s]                  from [01m[K/opt/ros/foxy/include/rclcpp/any_executable.hpp:20[m[K,
[1.520s]                  from [01m[K/opt/ros/foxy/include/rclcpp/memory_strategy.hpp:24[m[K,
[1.521s]                  from [01m[K/opt/ros/foxy/include/rclcpp/memory_strategies.hpp:18[m[K,
[1.521s]                  from [01m[K/opt/ros/foxy/include/rclcpp/executor_options.hpp:20[m[K,
[1.521s]                  from [01m[K/opt/ros/foxy/include/rclcpp/executor.hpp:33[m[K,
[1.521s]                  from [01m[K/opt/ros/foxy/include/rclcpp/executors/multi_threaded_executor.hpp:26[m[K,
[1.521s]                  from [01m[K/opt/ros/foxy/include/rclcpp/executors.hpp:21[m[K,
[1.521s]                  from [01m[K/opt/ros/foxy/include/rclcpp/rclcpp.hpp:146[m[K,
[1.521s]                  from [01m[K/home/admin/Desktop/Project180/src/robotpatrol/src/testnavigator.cpp:17[m[K:
[1.521s] [01m[K/opt/ros/foxy/include/rclcpp/logger.hpp:63:32:[m[K [01;36m[Knote: [m[Kin passing argument 1 of ‘[01m[Krclcpp::Logger rclcpp::get_logger(const string&)[m[K’
[1.521s]    63 | get_logger([01;36m[Kconst std::string & name[m[K);
[1.521s]       |            [01;36m[K~~~~~~~~~~~~~~~~~~~~^~~~[m[K
[1.521s] In file included from [01m[K/opt/ros/foxy/include/rclcpp/service.hpp:34[m[K,
[1.521s]                  from [01m[K/opt/ros/foxy/include/rclcpp/callback_group.hpp:25[m[K,
[1.521s]                  from [01m[K/opt/ros/foxy/include/rclcpp/any_executable.hpp:20[m[K,
[1.522s]                  from [01m[K/opt/ros/foxy/include/rclcpp/memory_strategy.hpp:24[m[K,
[1.522s]                  from [01m[K/opt/ros/foxy/include/rclcpp/memory_strategies.hpp:18[m[K,
[1.522s]                  from [01m[K/opt/ros/foxy/include/rclcpp/executor_options.hpp:20[m[K,
[1.522s]                  from [01m[K/opt/ros/foxy/include/rclcpp/executor.hpp:33[m[K,
[1.522s]                  from [01m[K/opt/ros/foxy/include/rclcpp/executors/multi_threaded_executor.hpp:26[m[K,
[1.522s]                  from [01m[K/opt/ros/foxy/include/rclcpp/executors.hpp:21[m[K,
[1.522s]                  from [01m[K/opt/ros/foxy/include/rclcpp/rclcpp.hpp:146[m[K,
[1.523s]                  from [01m[K/home/admin/Desktop/Project180/src/robotpatrol/src/testnavigator.cpp:17[m[K:
[1.523s] [01m[K/home/admin/Desktop/Project180/src/robotpatrol/src/testnavigator.cpp:48:43:[m[K [01;31m[Kerror: [m[Kinvalid initialization of reference of type ‘[01m[Kconst string&[m[K’ {aka ‘[01m[Kconst std::__cxx11::basic_string<char>&[m[K’} from expression of type ‘[01m[KNavigator[m[K’
[1.523s]    48 |   RCLCPP_INFO(rclcpp::get_logger(navigator[01;31m[K)[m[K,"--------------TEST-------------");
[1.523s]       |                                           [01;31m[K^[m[K
[1.523s] In file included from [01m[K/opt/ros/foxy/include/rclcpp/logging.hpp:23[m[K,
[1.523s]                  from [01m[K/opt/ros/foxy/include/rclcpp/service.hpp:34[m[K,
[1.523s]                  from [01m[K/opt/ros/foxy/include/rclcpp/callback_group.hpp:25[m[K,
[1.523s]                  from [01m[K/opt/ros/foxy/include/rclcpp/any_executable.hpp:20[m[K,
[1.523s]                  from [01m[K/opt/ros/foxy/include/rclcpp/memory_strategy.hpp:24[m[K,
[1.523s]                  from [01m[K/opt/ros/foxy/include/rclcpp/memory_strategies.hpp:18[m[K,
[1.523s]                  from [01m[K/opt/ros/foxy/include/rclcpp/executor_options.hpp:20[m[K,
[1.523s]                  from [01m[K/opt/ros/foxy/include/rclcpp/executor.hpp:33[m[K,
[1.523s]                  from [01m[K/opt/ros/foxy/include/rclcpp/executors/multi_threaded_executor.hpp:26[m[K,
[1.523s]                  from [01m[K/opt/ros/foxy/include/rclcpp/executors.hpp:21[m[K,
[1.524s]                  from [01m[K/opt/ros/foxy/include/rclcpp/rclcpp.hpp:146[m[K,
[1.524s]                  from [01m[K/home/admin/Desktop/Project180/src/robotpatrol/src/testnavigator.cpp:17[m[K:
[1.524s] [01m[K/opt/ros/foxy/include/rclcpp/logger.hpp:63:32:[m[K [01;36m[Knote: [m[Kin passing argument 1 of ‘[01m[Krclcpp::Logger rclcpp::get_logger(const string&)[m[K’
[1.524s]    63 | get_logger([01;36m[Kconst std::string & name[m[K);
[1.524s]       |            [01;36m[K~~~~~~~~~~~~~~~~~~~~^~~~[m[K
[1.524s] In file included from [01m[K/opt/ros/foxy/include/rclcpp/service.hpp:34[m[K,
[1.524s]                  from [01m[K/opt/ros/foxy/include/rclcpp/callback_group.hpp:25[m[K,
[1.524s]                  from [01m[K/opt/ros/foxy/include/rclcpp/any_executable.hpp:20[m[K,
[1.524s]                  from [01m[K/opt/ros/foxy/include/rclcpp/memory_strategy.hpp:24[m[K,
[1.524s]                  from [01m[K/opt/ros/foxy/include/rclcpp/memory_strategies.hpp:18[m[K,
[1.524s]                  from [01m[K/opt/ros/foxy/include/rclcpp/executor_options.hpp:20[m[K,
[1.524s]                  from [01m[K/opt/ros/foxy/include/rclcpp/executor.hpp:33[m[K,
[1.525s]                  from [01m[K/opt/ros/foxy/include/rclcpp/executors/multi_threaded_executor.hpp:26[m[K,
[1.525s]                  from [01m[K/opt/ros/foxy/include/rclcpp/executors.hpp:21[m[K,
[1.525s]                  from [01m[K/opt/ros/foxy/include/rclcpp/rclcpp.hpp:146[m[K,
[1.525s]                  from [01m[K/home/admin/Desktop/Project180/src/robotpatrol/src/testnavigator.cpp:17[m[K:
[1.525s] [01m[K/home/admin/Desktop/Project180/src/robotpatrol/src/testnavigator.cpp:48:3:[m[K [01;31m[Kerror: [m[Ktemplate argument 1 is invalid
[1.525s]    48 |   [01;31m[KRCLCPP_INFO[m[K(rclcpp::get_logger(navigator),"--------------TEST-------------");
[1.525s]       |   [01;31m[K^~~~~~~~~~~[m[K
[1.525s] [01m[K/home/admin/Desktop/Project180/src/robotpatrol/src/testnavigator.cpp:48:3:[m[K [01;31m[Kerror: [m[Ktemplate argument 1 is invalid
[1.525s]    48 |   [01;31m[KRCLCPP_INFO[m[K(rclcpp::get_logger(navigator),"--------------TEST-------------");
[1.525s]       |   [01;31m[K^~~~~~~~~~~[m[K
[1.525s] [01m[K/home/admin/Desktop/Project180/src/robotpatrol/src/testnavigator.cpp:48:3:[m[K [01;31m[Kerror: [m[Ktemplate argument 1 is invalid
[1.525s]    48 |   [01;31m[KRCLCPP_INFO[m[K(rclcpp::get_logger(navigator),"--------------TEST-------------");
[1.525s]       |   [01;31m[K^~~~~~~~~~~[m[K
[1.525s] In file included from [01m[K/opt/ros/foxy/include/rclcpp/client.hpp:40[m[K,
[1.525s]                  from [01m[K/opt/ros/foxy/include/rclcpp/callback_group.hpp:23[m[K,
[1.525s]                  from [01m[K/opt/ros/foxy/include/rclcpp/any_executable.hpp:20[m[K,
[1.525s]                  from [01m[K/opt/ros/foxy/include/rclcpp/memory_strategy.hpp:24[m[K,
[1.525s]                  from [01m[K/opt/ros/foxy/include/rclcpp/memory_strategies.hpp:18[m[K,
[1.525s]                  from [01m[K/opt/ros/foxy/include/rclcpp/executor_options.hpp:20[m[K,
[1.526s]                  from [01m[K/opt/ros/foxy/include/rclcpp/executor.hpp:33[m[K,
[1.526s]                  from [01m[K/opt/ros/foxy/include/rclcpp/executors/multi_threaded_executor.hpp:26[m[K,
[1.526s]                  from [01m[K/opt/ros/foxy/include/rclcpp/executors.hpp:21[m[K,
[1.526s]                  from [01m[K/opt/ros/foxy/include/rclcpp/rclcpp.hpp:146[m[K,
[1.526s]                  from [01m[K/home/admin/Desktop/Project180/src/robotpatrol/src/testnavigator.cpp:17[m[K:
[1.526s] [01m[K/home/admin/Desktop/Project180/src/robotpatrol/src/testnavigator.cpp:48:34:[m[K [01;31m[Kerror: [m[Kinvalid initialization of reference of type ‘[01m[Kconst string&[m[K’ {aka ‘[01m[Kconst std::__cxx11::basic_string<char>&[m[K’} from expression of type ‘[01m[KNavigator[m[K’
[1.526s]    48 |   RCLCPP_INFO(rclcpp::get_logger([01;31m[Knavigator[m[K),"--------------TEST-------------");
[1.526s]       |                                  [01;31m[K^~~~~~~~~[m[K
[1.526s] In file included from [01m[K/opt/ros/foxy/include/rclcpp/logging.hpp:23[m[K,
[1.526s]                  from [01m[K/opt/ros/foxy/include/rclcpp/service.hpp:34[m[K,
[1.526s]                  from [01m[K/opt/ros/foxy/include/rclcpp/callback_group.hpp:25[m[K,
[1.526s]                  from [01m[K/opt/ros/foxy/include/rclcpp/any_executable.hpp:20[m[K,
[1.526s]                  from [01m[K/opt/ros/foxy/include/rclcpp/memory_strategy.hpp:24[m[K,
[1.526s]                  from [01m[K/opt/ros/foxy/include/rclcpp/memory_strategies.hpp:18[m[K,
[1.527s]                  from [01m[K/opt/ros/foxy/include/rclcpp/executor_options.hpp:20[m[K,
[1.527s]                  from [01m[K/opt/ros/foxy/include/rclcpp/executor.hpp:33[m[K,
[1.527s]                  from [01m[K/opt/ros/foxy/include/rclcpp/executors/multi_threaded_executor.hpp:26[m[K,
[1.527s]                  from [01m[K/opt/ros/foxy/include/rclcpp/executors.hpp:21[m[K,
[1.527s]                  from [01m[K/opt/ros/foxy/include/rclcpp/rclcpp.hpp:146[m[K,
[1.527s]                  from [01m[K/home/admin/Desktop/Project180/src/robotpatrol/src/testnavigator.cpp:17[m[K:
[1.527s] [01m[K/opt/ros/foxy/include/rclcpp/logger.hpp:63:32:[m[K [01;36m[Knote: [m[Kin passing argument 1 of ‘[01m[Krclcpp::Logger rclcpp::get_logger(const string&)[m[K’
[1.527s]    63 | get_logger([01;36m[Kconst std::string & name[m[K);
[1.527s]       |            [01;36m[K~~~~~~~~~~~~~~~~~~~~^~~~[m[K
[1.527s] In file included from [01m[K/opt/ros/foxy/include/rclcpp/client.hpp:40[m[K,
[1.527s]                  from [01m[K/opt/ros/foxy/include/rclcpp/callback_group.hpp:23[m[K,
[1.527s]                  from [01m[K/opt/ros/foxy/include/rclcpp/any_executable.hpp:20[m[K,
[1.527s]                  from [01m[K/opt/ros/foxy/include/rclcpp/memory_strategy.hpp:24[m[K,
[1.527s]                  from [01m[K/opt/ros/foxy/include/rclcpp/memory_strategies.hpp:18[m[K,
[1.528s]                  from [01m[K/opt/ros/foxy/include/rclcpp/executor_options.hpp:20[m[K,
[1.528s]                  from [01m[K/opt/ros/foxy/include/rclcpp/executor.hpp:33[m[K,
[1.528s]                  from [01m[K/opt/ros/foxy/include/rclcpp/executors/multi_threaded_executor.hpp:26[m[K,
[1.528s]                  from [01m[K/opt/ros/foxy/include/rclcpp/executors.hpp:21[m[K,
[1.528s]                  from [01m[K/opt/ros/foxy/include/rclcpp/rclcpp.hpp:146[m[K,
[1.528s]                  from [01m[K/home/admin/Desktop/Project180/src/robotpatrol/src/testnavigator.cpp:17[m[K:
[1.528s] [01m[K/home/admin/Desktop/Project180/src/robotpatrol/src/testnavigator.cpp:48:34:[m[K [01;31m[Kerror: [m[Kinvalid initialization of reference of type ‘[01m[Kconst string&[m[K’ {aka ‘[01m[Kconst std::__cxx11::basic_string<char>&[m[K’} from expression of type ‘[01m[KNavigator[m[K’
[1.528s]    48 |   RCLCPP_INFO(rclcpp::get_logger([01;31m[Knavigator[m[K),"--------------TEST-------------");
[1.528s]       |                                  [01;31m[K^~~~~~~~~[m[K
[1.528s] In file included from [01m[K/opt/ros/foxy/include/rclcpp/logging.hpp:23[m[K,
[1.528s]                  from [01m[K/opt/ros/foxy/include/rclcpp/service.hpp:34[m[K,
[1.528s]                  from [01m[K/opt/ros/foxy/include/rclcpp/callback_group.hpp:25[m[K,
[1.528s]                  from [01m[K/opt/ros/foxy/include/rclcpp/any_executable.hpp:20[m[K,
[1.529s]                  from [01m[K/opt/ros/foxy/include/rclcpp/memory_strategy.hpp:24[m[K,
[1.529s]                  from [01m[K/opt/ros/foxy/include/rclcpp/memory_strategies.hpp:18[m[K,
[1.529s]                  from [01m[K/opt/ros/foxy/include/rclcpp/executor_options.hpp:20[m[K,
[1.529s]                  from [01m[K/opt/ros/foxy/include/rclcpp/executor.hpp:33[m[K,
[1.529s]                  from [01m[K/opt/ros/foxy/include/rclcpp/executors/multi_threaded_executor.hpp:26[m[K,
[1.529s]                  from [01m[K/opt/ros/foxy/include/rclcpp/executors.hpp:21[m[K,
[1.529s]                  from [01m[K/opt/ros/foxy/include/rclcpp/rclcpp.hpp:146[m[K,
[1.529s]                  from [01m[K/home/admin/Desktop/Project180/src/robotpatrol/src/testnavigator.cpp:17[m[K:
[1.529s] [01m[K/opt/ros/foxy/include/rclcpp/logger.hpp:63:32:[m[K [01;36m[Knote: [m[Kin passing argument 1 of ‘[01m[Krclcpp::Logger rclcpp::get_logger(const string&)[m[K’
[1.529s]    63 | get_logger([01;36m[Kconst std::string & name[m[K);
[1.529s]       |            [01;36m[K~~~~~~~~~~~~~~~~~~~~^~~~[m[K
[3.041s] make[2]: *** [CMakeFiles/testnavigation.dir/build.make:63: CMakeFiles/testnavigation.dir/src/testnavigator.cpp.o] Error 1
[3.042s] make[1]: *** [CMakeFiles/Makefile2:109: CMakeFiles/testnavigation.dir/all] Error 2
[3.042s] make: *** [Makefile:141: all] Error 2
[3.044s] Invoked command in '/home/admin/Desktop/Project180/build/robotpatrol' returned '2': CMAKE_PREFIX_PATH=${CMAKE_PREFIX_PATH}:/opt/ros/foxy /usr/bin/cmake --build /home/admin/Desktop/Project180/build/robotpatrol -- -j8 -l8
