[0.031s] Invoking command in '/home/admin/Desktop/Project180/build/robotpatrol': CMAKE_PREFIX_PATH=${CMAKE_PREFIX_PATH}:/opt/ros/foxy /usr/bin/cmake --build /home/admin/Desktop/Project180/build/robotpatrol -- -j8 -l8
[0.081s] [35m[1mScanning dependencies of target testnavigation[0m
[0.105s] [ 37%] Built target testpackage
[0.112s] [ 62%] Built target navigator
[0.123s] [ 75%] [32mBuilding CXX object CMakeFiles/testnavigation.dir/src/testnavigator.cpp.o[0m
[1.737s] In file included from [01m[K/opt/ros/foxy/include/rclcpp/service.hpp:34[m[K,
[1.737s]                  from [01m[K/opt/ros/foxy/include/rclcpp/callback_group.hpp:25[m[K,
[1.737s]                  from [01m[K/opt/ros/foxy/include/rclcpp/any_executable.hpp:20[m[K,
[1.737s]                  from [01m[K/opt/ros/foxy/include/rclcpp/memory_strategy.hpp:24[m[K,
[1.737s]                  from [01m[K/opt/ros/foxy/include/rclcpp/memory_strategies.hpp:18[m[K,
[1.737s]                  from [01m[K/opt/ros/foxy/include/rclcpp/executor_options.hpp:20[m[K,
[1.737s]                  from [01m[K/opt/ros/foxy/include/rclcpp/executor.hpp:33[m[K,
[1.737s]                  from [01m[K/opt/ros/foxy/include/rclcpp/executors/multi_threaded_executor.hpp:26[m[K,
[1.737s]                  from [01m[K/opt/ros/foxy/include/rclcpp/executors.hpp:21[m[K,
[1.737s]                  from [01m[K/opt/ros/foxy/include/rclcpp/rclcpp.hpp:146[m[K,
[1.737s]                  from [01m[K/home/admin/Desktop/Project180/src/robotpatrol/src/testnavigator.cpp:17[m[K:
[1.737s] [01m[K/home/admin/Desktop/Project180/src/robotpatrol/src/testnavigator.cpp:[m[K In function ‘[01m[Kvoid mapCallBack(nav_msgs::msg::OccupancyGrid_<std::allocator<void> >::SharedPtr)[m[K’:
[1.737s] [01m[K/home/admin/Desktop/Project180/src/robotpatrol/src/testnavigator.cpp:28:15:[m[K [01;31m[Kerror: [m[Kinvalid use of ‘[01m[Kthis[m[K’ in non-member function
[1.737s]    28 |   RCLCPP_INFO([01;31m[Kthis[m[K->get_logger(), "Received map with width: %d, height: %d, and resolution: %f", map_width, map_height, map_resolution);
[1.737s]       |               [01;31m[K^~~~[m[K
[1.738s] [01m[K/home/admin/Desktop/Project180/src/robotpatrol/src/testnavigator.cpp:28:15:[m[K [01;31m[Kerror: [m[Kinvalid use of ‘[01m[Kthis[m[K’ in non-member function
[1.738s] [01m[K/home/admin/Desktop/Project180/src/robotpatrol/src/testnavigator.cpp:28:3:[m[K [01;31m[Kerror: [m[Ktemplate argument 1 is invalid
[1.738s]    28 |   [01;31m[KRCLCPP_INFO[m[K(this->get_logger(), "Received map with width: %d, height: %d, and resolution: %f", map_width, map_height, map_resolution);
[1.738s]       |   [01;31m[K^~~~~~~~~~~[m[K
[1.738s] [01m[K/home/admin/Desktop/Project180/src/robotpatrol/src/testnavigator.cpp:28:3:[m[K [01;31m[Kerror: [m[Ktemplate argument 1 is invalid
[1.738s]    28 |   [01;31m[KRCLCPP_INFO[m[K(this->get_logger(), "Received map with width: %d, height: %d, and resolution: %f", map_width, map_height, map_resolution);
[1.738s]       |   [01;31m[K^~~~~~~~~~~[m[K
[1.738s] [01m[K/home/admin/Desktop/Project180/src/robotpatrol/src/testnavigator.cpp:28:3:[m[K [01;31m[Kerror: [m[Ktemplate argument 1 is invalid
[1.738s]    28 |   [01;31m[KRCLCPP_INFO[m[K(this->get_logger(), "Received map with width: %d, height: %d, and resolution: %f", map_width, map_height, map_resolution);
[1.738s]       |   [01;31m[K^~~~~~~~~~~[m[K
[1.738s] In file included from [01m[K/opt/ros/foxy/include/rclcpp/client.hpp:40[m[K,
[1.738s]                  from [01m[K/opt/ros/foxy/include/rclcpp/callback_group.hpp:23[m[K,
[1.738s]                  from [01m[K/opt/ros/foxy/include/rclcpp/any_executable.hpp:20[m[K,
[1.738s]                  from [01m[K/opt/ros/foxy/include/rclcpp/memory_strategy.hpp:24[m[K,
[1.738s]                  from [01m[K/opt/ros/foxy/include/rclcpp/memory_strategies.hpp:18[m[K,
[1.738s]                  from [01m[K/opt/ros/foxy/include/rclcpp/executor_options.hpp:20[m[K,
[1.738s]                  from [01m[K/opt/ros/foxy/include/rclcpp/executor.hpp:33[m[K,
[1.738s]                  from [01m[K/opt/ros/foxy/include/rclcpp/executors/multi_threaded_executor.hpp:26[m[K,
[1.738s]                  from [01m[K/opt/ros/foxy/include/rclcpp/executors.hpp:21[m[K,
[1.738s]                  from [01m[K/opt/ros/foxy/include/rclcpp/rclcpp.hpp:146[m[K,
[1.739s]                  from [01m[K/home/admin/Desktop/Project180/src/robotpatrol/src/testnavigator.cpp:17[m[K:
[1.739s] [01m[K/home/admin/Desktop/Project180/src/robotpatrol/src/testnavigator.cpp:28:15:[m[K [01;31m[Kerror: [m[Kinvalid use of ‘[01m[Kthis[m[K’ in non-member function
[1.739s]    28 |   RCLCPP_INFO([01;31m[Kthis[m[K->get_logger(), "Received map with width: %d, height: %d, and resolution: %f", map_width, map_height, map_resolution);
[1.739s]       |               [01;31m[K^~~~[m[K
[1.739s] [01m[K/home/admin/Desktop/Project180/src/robotpatrol/src/testnavigator.cpp:28:15:[m[K [01;31m[Kerror: [m[Kinvalid use of ‘[01m[Kthis[m[K’ in non-member function
[1.739s]    28 |   RCLCPP_INFO([01;31m[Kthis[m[K->get_logger(), "Received map with width: %d, height: %d, and resolution: %f", map_width, map_height, map_resolution);
[1.739s]       |               [01;31m[K^~~~[m[K
[1.739s] In file included from [01m[K/opt/ros/foxy/include/rclcpp/service.hpp:34[m[K,
[1.739s]                  from [01m[K/opt/ros/foxy/include/rclcpp/callback_group.hpp:25[m[K,
[1.739s]                  from [01m[K/opt/ros/foxy/include/rclcpp/any_executable.hpp:20[m[K,
[1.739s]                  from [01m[K/opt/ros/foxy/include/rclcpp/memory_strategy.hpp:24[m[K,
[1.739s]                  from [01m[K/opt/ros/foxy/include/rclcpp/memory_strategies.hpp:18[m[K,
[1.739s]                  from [01m[K/opt/ros/foxy/include/rclcpp/executor_options.hpp:20[m[K,
[1.739s]                  from [01m[K/opt/ros/foxy/include/rclcpp/executor.hpp:33[m[K,
[1.739s]                  from [01m[K/opt/ros/foxy/include/rclcpp/executors/multi_threaded_executor.hpp:26[m[K,
[1.739s]                  from [01m[K/opt/ros/foxy/include/rclcpp/executors.hpp:21[m[K,
[1.739s]                  from [01m[K/opt/ros/foxy/include/rclcpp/rclcpp.hpp:146[m[K,
[1.739s]                  from [01m[K/home/admin/Desktop/Project180/src/robotpatrol/src/testnavigator.cpp:17[m[K:
[1.739s] [01m[K/home/admin/Desktop/Project180/src/robotpatrol/src/testnavigator.cpp:35:19:[m[K [01;31m[Kerror: [m[Kinvalid use of ‘[01m[Kthis[m[K’ in non-member function
[1.739s]    35 |       RCLCPP_INFO([01;31m[Kthis[m[K->get_logger(), "Occupancy value of cell (%d, %d): %d", j, i, occupancy_value);
[1.739s]       |                   [01;31m[K^~~~[m[K
[1.739s] [01m[K/home/admin/Desktop/Project180/src/robotpatrol/src/testnavigator.cpp:35:19:[m[K [01;31m[Kerror: [m[Kinvalid use of ‘[01m[Kthis[m[K’ in non-member function
[1.740s] [01m[K/home/admin/Desktop/Project180/src/robotpatrol/src/testnavigator.cpp:35:7:[m[K [01;31m[Kerror: [m[Ktemplate argument 1 is invalid
[1.740s]    35 |       [01;31m[KRCLCPP_INFO[m[K(this->get_logger(), "Occupancy value of cell (%d, %d): %d", j, i, occupancy_value);
[1.740s]       |       [01;31m[K^~~~~~~~~~~[m[K
[1.740s] [01m[K/home/admin/Desktop/Project180/src/robotpatrol/src/testnavigator.cpp:35:7:[m[K [01;31m[Kerror: [m[Ktemplate argument 1 is invalid
[1.740s]    35 |       [01;31m[KRCLCPP_INFO[m[K(this->get_logger(), "Occupancy value of cell (%d, %d): %d", j, i, occupancy_value);
[1.740s]       |       [01;31m[K^~~~~~~~~~~[m[K
[1.740s] [01m[K/home/admin/Desktop/Project180/src/robotpatrol/src/testnavigator.cpp:35:7:[m[K [01;31m[Kerror: [m[Ktemplate argument 1 is invalid
[1.740s]    35 |       [01;31m[KRCLCPP_INFO[m[K(this->get_logger(), "Occupancy value of cell (%d, %d): %d", j, i, occupancy_value);
[1.741s]       |       [01;31m[K^~~~~~~~~~~[m[K
[1.741s] In file included from [01m[K/opt/ros/foxy/include/rclcpp/client.hpp:40[m[K,
[1.741s]                  from [01m[K/opt/ros/foxy/include/rclcpp/callback_group.hpp:23[m[K,
[1.741s]                  from [01m[K/opt/ros/foxy/include/rclcpp/any_executable.hpp:20[m[K,
[1.741s]                  from [01m[K/opt/ros/foxy/include/rclcpp/memory_strategy.hpp:24[m[K,
[1.741s]                  from [01m[K/opt/ros/foxy/include/rclcpp/memory_strategies.hpp:18[m[K,
[1.741s]                  from [01m[K/opt/ros/foxy/include/rclcpp/executor_options.hpp:20[m[K,
[1.741s]                  from [01m[K/opt/ros/foxy/include/rclcpp/executor.hpp:33[m[K,
[1.741s]                  from [01m[K/opt/ros/foxy/include/rclcpp/executors/multi_threaded_executor.hpp:26[m[K,
[1.741s]                  from [01m[K/opt/ros/foxy/include/rclcpp/executors.hpp:21[m[K,
[1.741s]                  from [01m[K/opt/ros/foxy/include/rclcpp/rclcpp.hpp:146[m[K,
[1.741s]                  from [01m[K/home/admin/Desktop/Project180/src/robotpatrol/src/testnavigator.cpp:17[m[K:
[1.741s] [01m[K/home/admin/Desktop/Project180/src/robotpatrol/src/testnavigator.cpp:35:19:[m[K [01;31m[Kerror: [m[Kinvalid use of ‘[01m[Kthis[m[K’ in non-member function
[1.741s]    35 |       RCLCPP_INFO([01;31m[Kthis[m[K->get_logger(), "Occupancy value of cell (%d, %d): %d", j, i, occupancy_value);
[1.741s]       |                   [01;31m[K^~~~[m[K
[1.741s] [01m[K/home/admin/Desktop/Project180/src/robotpatrol/src/testnavigator.cpp:35:19:[m[K [01;31m[Kerror: [m[Kinvalid use of ‘[01m[Kthis[m[K’ in non-member function
[1.741s]    35 |       RCLCPP_INFO([01;31m[Kthis[m[K->get_logger(), "Occupancy value of cell (%d, %d): %d", j, i, occupancy_value);
[1.741s]       |                   [01;31m[K^~~~[m[K
[2.452s] make[2]: *** [CMakeFiles/testnavigation.dir/build.make:63: CMakeFiles/testnavigation.dir/src/testnavigator.cpp.o] Error 1
[2.453s] make[1]: *** [CMakeFiles/Makefile2:109: CMakeFiles/testnavigation.dir/all] Error 2
[2.453s] make: *** [Makefile:141: all] Error 2
[2.456s] Invoked command in '/home/admin/Desktop/Project180/build/robotpatrol' returned '2': CMAKE_PREFIX_PATH=${CMAKE_PREFIX_PATH}:/opt/ros/foxy /usr/bin/cmake --build /home/admin/Desktop/Project180/build/robotpatrol -- -j8 -l8
