[0.023s] Invoking command in '/home/admin/Desktop/Project180/build/navigation': CMAKE_PREFIX_PATH=/opt/ros/foxy /usr/bin/cmake /home/admin/Desktop/Project180/src/navigation -DCMAKE_INSTALL_PREFIX=/home/admin/Desktop/Project180/install/navigation
[0.079s] -- The C compiler identification is GNU 9.4.0
[0.154s] -- The CXX compiler identification is GNU 9.4.0
[0.159s] -- Check for working C compiler: /usr/bin/cc
[0.232s] -- Check for working C compiler: /usr/bin/cc -- works
[0.233s] -- Detecting C compiler ABI info
[0.294s] -- Detecting C compiler ABI info - done
[0.305s] -- Detecting C compile features
[0.305s] -- Detecting C compile features - done
[0.308s] -- Check for working CXX compiler: /usr/bin/c++
[0.396s] -- Check for working CXX compiler: /usr/bin/c++ -- works
[0.397s] -- Detecting CXX compiler ABI info
[0.458s] -- Detecting CXX compiler ABI info - done
[0.469s] -- Detecting CXX compile features
[0.469s] -- Detecting CXX compile features - done
[0.472s] -- Found ament_cmake: 0.9.11 (/opt/ros/foxy/share/ament_cmake/cmake)
[0.493s] -- Found PythonInterp: /usr/bin/python3 (found suitable version "3.8.10", minimum required is "3") 
[0.494s] -- Using PYTHON_EXECUTABLE: /usr/bin/python3
[0.659s] -- Found rclcpp: 2.4.2 (/opt/ros/foxy/share/rclcpp/cmake)
[0.700s] -- Using all available rosidl_typesupport_c: rosidl_typesupport_fastrtps_c;rosidl_typesupport_introspection_c
[0.708s] -- Found rosidl_adapter: 1.3.0 (/opt/ros/foxy/share/rosidl_adapter/cmake)
[0.777s] -- Found OpenSSL: /usr/lib/x86_64-linux-gnu/libcrypto.so (found version "1.1.1f")  
[0.803s] -- Found FastRTPS: /opt/ros/foxy/include  
[0.875s] -- Using all available rosidl_typesupport_cpp: rosidl_typesupport_fastrtps_cpp;rosidl_typesupport_introspection_cpp
[0.931s] -- Found rmw_implementation_cmake: 1.0.3 (/opt/ros/foxy/share/rmw_implementation_cmake/cmake)
[0.931s] -- Using RMW implementation 'rmw_fastrtps_cpp' as default
[0.932s] -- Looking for pthread.h
[0.996s] -- Looking for pthread.h - found
[0.996s] -- Performing Test CMAKE_HAVE_LIBC_PTHREAD
[1.061s] -- Performing Test CMAKE_HAVE_LIBC_PTHREAD - Failed
[1.061s] -- Looking for pthread_create in pthreads
[1.111s] -- Looking for pthread_create in pthreads - not found
[1.111s] -- Looking for pthread_create in pthread
[1.178s] -- Looking for pthread_create in pthread - found
[1.179s] -- Found Threads: TRUE  
[1.327s] -- Found geometry_msgs: 2.0.5 (/opt/ros/foxy/share/geometry_msgs/cmake)
[1.361s] -- Found nav_msgs: 2.0.5 (/opt/ros/foxy/share/nav_msgs/cmake)
[1.430s] -- Found nav2_msgs: 0.4.7 (/opt/ros/foxy/share/nav2_msgs/cmake)
[1.691s] -- Found rclcpp_action: 2.4.2 (/opt/ros/foxy/share/rclcpp_action/cmake)
[1.724s] -- Found lifecycle_msgs: 1.0.0 (/opt/ros/foxy/share/lifecycle_msgs/cmake)
[1.735s] -- Found ament_lint_auto: 0.9.7 (/opt/ros/foxy/share/ament_lint_auto/cmake)
[1.801s] -- Added test 'copyright' to check source files copyright and LICENSE
[1.802s] -- Added test 'cppcheck' to perform static code analysis on C / C++ code
[1.802s] -- Configured cppcheck include dirs: $<BUILD_INTERFACE:/home/admin/Desktop/Project180/src/navigation/include>
[1.802s] -- Configured cppcheck exclude dirs and/or files: 
[1.803s] -- Added test 'cpplint' to check C / C++ code against the Google style
[1.803s] -- Configured cpplint exclude dirs and/or files: 
[1.804s] -- Added test 'lint_cmake' to check CMake code style
[1.804s] -- Added test 'uncrustify' to check C / C++ code style
[1.804s] -- Configured uncrustify additional arguments: 
[1.805s] -- Added test 'xmllint' to check XML markup files
[1.811s] -- Configuring done
[1.830s] -- Generating done
[1.832s] -- Build files have been written to: /home/admin/Desktop/Project180/build/navigation
[1.842s] Invoked command in '/home/admin/Desktop/Project180/build/navigation' returned '0': CMAKE_PREFIX_PATH=/opt/ros/foxy /usr/bin/cmake /home/admin/Desktop/Project180/src/navigation -DCMAKE_INSTALL_PREFIX=/home/admin/Desktop/Project180/install/navigation
[1.844s] Invoking command in '/home/admin/Desktop/Project180/build/navigation': CMAKE_PREFIX_PATH=/opt/ros/foxy /usr/bin/cmake --build /home/admin/Desktop/Project180/build/navigation -- -j8 -l8
[1.883s] [35m[1mScanning dependencies of target testpackage[0m
[1.884s] [35m[1mScanning dependencies of target navigator[0m
[1.884s] [35m[1mScanning dependencies of target testnavigation[0m
[2.053s] [ 12%] [32mBuilding CXX object CMakeFiles/navigator.dir/src/navigation.cpp.o[0m
[2.063s] [ 25%] [32mBuilding CXX object CMakeFiles/testnavigation.dir/src/testnavigator.cpp.o[0m
[2.067s] [ 37%] [32mBuilding CXX object CMakeFiles/testpackage.dir/src/testpackage.cpp.o[0m
[2.070s] [ 50%] [32mBuilding CXX object CMakeFiles/testpackage.dir/src/navigation.cpp.o[0m
[2.072s] [ 62%] [32mBuilding CXX object CMakeFiles/testnavigation.dir/src/navigation.cpp.o[0m
[18.532s] [ 75%] [32m[1mLinking CXX executable testnavigation[0m
[18.603s] [ 87%] [32m[1mLinking CXX executable testpackage[0m
[18.623s] [100%] [32m[1mLinking CXX static library libnavigator.a[0m
[18.903s] [100%] Built target navigator
[19.311s] [100%] Built target testnavigation
[19.324s] [100%] Built target testpackage
[19.338s] Invoked command in '/home/admin/Desktop/Project180/build/navigation' returned '0': CMAKE_PREFIX_PATH=/opt/ros/foxy /usr/bin/cmake --build /home/admin/Desktop/Project180/build/navigation -- -j8 -l8
[19.364s] Invoking command in '/home/admin/Desktop/Project180/build/navigation': CMAKE_PREFIX_PATH=/opt/ros/foxy /usr/bin/cmake --install /home/admin/Desktop/Project180/build/navigation
[19.371s] -- Install configuration: ""
[19.371s] -- Installing: /home/admin/Desktop/Project180/install/navigation/share/navigation/environment/library_path.sh
[19.371s] -- Installing: /home/admin/Desktop/Project180/install/navigation/share/navigation/environment/library_path.dsv
[19.371s] -- Installing: /home/admin/Desktop/Project180/install/navigation/include
[19.371s] -- Installing: /home/admin/Desktop/Project180/install/navigation/include/navigation
[19.371s] -- Installing: /home/admin/Desktop/Project180/install/navigation/include/navigation/navigation.hpp
[19.372s] -- Installing: /home/admin/Desktop/Project180/install/navigation/lib/libnavigator.a
[19.388s] -- Installing: /home/admin/Desktop/Project180/install/navigation/lib/navigation/testnavigation
[19.395s] -- Set runtime path of "/home/admin/Desktop/Project180/install/navigation/lib/navigation/testnavigation" to ""
[19.395s] -- Installing: /home/admin/Desktop/Project180/install/navigation/lib/navigation/testpackage
[19.399s] -- Set runtime path of "/home/admin/Desktop/Project180/install/navigation/lib/navigation/testpackage" to ""
[19.400s] -- Installing: /home/admin/Desktop/Project180/install/navigation/share/ament_index/resource_index/package_run_dependencies/navigation
[19.400s] -- Installing: /home/admin/Desktop/Project180/install/navigation/share/ament_index/resource_index/parent_prefix_path/navigation
[19.400s] -- Installing: /home/admin/Desktop/Project180/install/navigation/share/navigation/environment/ament_prefix_path.sh
[19.400s] -- Installing: /home/admin/Desktop/Project180/install/navigation/share/navigation/environment/ament_prefix_path.dsv
[19.400s] -- Installing: /home/admin/Desktop/Project180/install/navigation/share/navigation/environment/path.sh
[19.400s] -- Installing: /home/admin/Desktop/Project180/install/navigation/share/navigation/environment/path.dsv
[19.404s] -- Installing: /home/admin/Desktop/Project180/install/navigation/share/navigation/local_setup.bash
[19.404s] -- Installing: /home/admin/Desktop/Project180/install/navigation/share/navigation/local_setup.sh
[19.404s] -- Installing: /home/admin/Desktop/Project180/install/navigation/share/navigation/local_setup.zsh
[19.405s] -- Installing: /home/admin/Desktop/Project180/install/navigation/share/navigation/local_setup.dsv
[19.405s] -- Installing: /home/admin/Desktop/Project180/install/navigation/share/navigation/package.dsv
[19.405s] -- Installing: /home/admin/Desktop/Project180/install/navigation/share/ament_index/resource_index/packages/navigation
[19.405s] -- Installing: /home/admin/Desktop/Project180/install/navigation/share/navigation/cmake/navigatorlibExport.cmake
[19.408s] -- Installing: /home/admin/Desktop/Project180/install/navigation/share/navigation/cmake/navigatorlibExport-noconfig.cmake
[19.408s] -- Installing: /home/admin/Desktop/Project180/install/navigation/share/navigation/cmake/ament_cmake_export_targets-extras.cmake
[19.408s] -- Installing: /home/admin/Desktop/Project180/install/navigation/share/navigation/cmake/ament_cmake_export_dependencies-extras.cmake
[19.408s] -- Installing: /home/admin/Desktop/Project180/install/navigation/share/navigation/cmake/navigationConfig.cmake
[19.409s] -- Installing: /home/admin/Desktop/Project180/install/navigation/share/navigation/cmake/navigationConfig-version.cmake
[19.409s] -- Installing: /home/admin/Desktop/Project180/install/navigation/share/navigation/package.xml
[19.409s] Invoked command in '/home/admin/Desktop/Project180/build/navigation' returned '0': CMAKE_PREFIX_PATH=/opt/ros/foxy /usr/bin/cmake --install /home/admin/Desktop/Project180/build/navigation
