-- The C compiler identification is GNU 9.4.0
-- The CXX compiler identification is GNU 9.4.0
-- Check for working C compiler: /usr/bin/cc
-- Check for working C compiler: /usr/bin/cc -- works
-- Detecting C compiler ABI info
-- Detecting C compiler ABI info - done
-- Detecting C compile features
-- Detecting C compile features - done
-- Check for working CXX compiler: /usr/bin/c++
-- Check for working CXX compiler: /usr/bin/c++ -- works
-- Detecting CXX compiler ABI info
-- Detecting CXX compiler ABI info - done
-- Detecting CXX compile features
-- Detecting CXX compile features - done
-- Found ament_cmake: 0.9.11 (/opt/ros/foxy/share/ament_cmake/cmake)
-- Found PythonInterp: /usr/bin/python3 (found suitable version "3.8.10", minimum required is "3") 
-- Using PYTHON_EXECUTABLE: /usr/bin/python3
-- Found ament_lint_auto: 0.9.7 (/opt/ros/foxy/share/ament_lint_auto/cmake)
-- Added test 'copyright' to check source files copyright and LICENSE
-- Added test 'lint_cmake' to check CMake code style
-- Added test 'xmllint' to check XML markup files
-- Configuring done
-- Generating done
-- Build files have been written to: /home/admin/Desktop/Project180/build/robotpatrol
-- Install configuration: ""
-- Installing: /home/admin/Desktop/Project180/install/robotpatrol/share/ament_index/resource_index/package_run_dependencies/robotpatrol
-- Installing: /home/admin/Desktop/Project180/install/robotpatrol/share/ament_index/resource_index/parent_prefix_path/robotpatrol
-- Installing: /home/admin/Desktop/Project180/install/robotpatrol/share/robotpatrol/environment/ament_prefix_path.sh
-- Installing: /home/admin/Desktop/Project180/install/robotpatrol/share/robotpatrol/environment/ament_prefix_path.dsv
-- Installing: /home/admin/Desktop/Project180/install/robotpatrol/share/robotpatrol/environment/path.sh
-- Installing: /home/admin/Desktop/Project180/install/robotpatrol/share/robotpatrol/environment/path.dsv
-- Installing: /home/admin/Desktop/Project180/install/robotpatrol/share/robotpatrol/local_setup.bash
-- Installing: /home/admin/Desktop/Project180/install/robotpatrol/share/robotpatrol/local_setup.sh
-- Installing: /home/admin/Desktop/Project180/install/robotpatrol/share/robotpatrol/local_setup.zsh
-- Installing: /home/admin/Desktop/Project180/install/robotpatrol/share/robotpatrol/local_setup.dsv
-- Installing: /home/admin/Desktop/Project180/install/robotpatrol/share/robotpatrol/package.dsv
-- Installing: /home/admin/Desktop/Project180/install/robotpatrol/share/ament_index/resource_index/packages/robotpatrol
-- Installing: /home/admin/Desktop/Project180/install/robotpatrol/share/robotpatrol/cmake/robotpatrolConfig.cmake
-- Installing: /home/admin/Desktop/Project180/install/robotpatrol/share/robotpatrol/cmake/robotpatrolConfig-version.cmake
-- Installing: /home/admin/Desktop/Project180/install/robotpatrol/share/robotpatrol/package.xml
