[0.029s] Invoking command in '/home/admin/Desktop/Project180/src/build/robotpatrol': CMAKE_PREFIX_PATH=${CMAKE_PREFIX_PATH}:/opt/ros/foxy /usr/bin/cmake --build /home/admin/Desktop/Project180/src/build/robotpatrol -- -j8 -l8
[0.115s] [ 25%] Built target navigator
[0.124s] [ 62%] Built target testpackage
[0.128s] [ 75%] [32mBuilding CXX object CMakeFiles/testnavigation.dir/src/testnavigator.cpp.o[0m
[1.602s] In file included from [01m[K/opt/ros/foxy/include/rclcpp/service.hpp:34[m[K,
[1.603s]                  from [01m[K/opt/ros/foxy/include/rclcpp/callback_group.hpp:25[m[K,
[1.603s]                  from [01m[K/opt/ros/foxy/include/rclcpp/any_executable.hpp:20[m[K,
[1.603s]                  from [01m[K/opt/ros/foxy/include/rclcpp/memory_strategy.hpp:24[m[K,
[1.603s]                  from [01m[K/opt/ros/foxy/include/rclcpp/memory_strategies.hpp:18[m[K,
[1.603s]                  from [01m[K/opt/ros/foxy/include/rclcpp/executor_options.hpp:20[m[K,
[1.603s]                  from [01m[K/opt/ros/foxy/include/rclcpp/executor.hpp:33[m[K,
[1.604s]                  from [01m[K/opt/ros/foxy/include/rclcpp/executors/multi_threaded_executor.hpp:26[m[K,
[1.604s]                  from [01m[K/opt/ros/foxy/include/rclcpp/executors.hpp:21[m[K,
[1.604s]                  from [01m[K/opt/ros/foxy/include/rclcpp/rclcpp.hpp:146[m[K,
[1.604s]                  from [01m[K/home/admin/Desktop/Project180/src/robotpatrol/src/testnavigator.cpp:17[m[K:
[1.604s] [01m[K/home/admin/Desktop/Project180/src/robotpatrol/src/testnavigator.cpp:[m[K In function ‘[01m[Kvoid mapCallback(nav_msgs::msg::OccupancyGrid_<std::allocator<void> >::SharedPtr)[m[K’:
[1.604s] [01m[K/home/admin/Desktop/Project180/src/robotpatrol/src/testnavigator.cpp:27:9:[m[K [01;31m[Kerror: [m[Kstatic assertion failed: First argument to logging macros must be an rclcpp::Logger
[1.604s]    27 |         [01;31m[KRCLCPP_INFO[m[K("Size of Map: %d", msg->data.size());
[1.604s]       |         [01;31m[K^~~~~~~~~~~[m[K
[1.604s] In file included from [01m[K/opt/ros/foxy/include/rclcpp/client.hpp:40[m[K,
[1.604s]                  from [01m[K/opt/ros/foxy/include/rclcpp/callback_group.hpp:23[m[K,
[1.604s]                  from [01m[K/opt/ros/foxy/include/rclcpp/any_executable.hpp:20[m[K,
[1.604s]                  from [01m[K/opt/ros/foxy/include/rclcpp/memory_strategy.hpp:24[m[K,
[1.604s]                  from [01m[K/opt/ros/foxy/include/rclcpp/memory_strategies.hpp:18[m[K,
[1.604s]                  from [01m[K/opt/ros/foxy/include/rclcpp/executor_options.hpp:20[m[K,
[1.604s]                  from [01m[K/opt/ros/foxy/include/rclcpp/executor.hpp:33[m[K,
[1.604s]                  from [01m[K/opt/ros/foxy/include/rclcpp/executors/multi_threaded_executor.hpp:26[m[K,
[1.605s]                  from [01m[K/opt/ros/foxy/include/rclcpp/executors.hpp:21[m[K,
[1.605s]                  from [01m[K/opt/ros/foxy/include/rclcpp/rclcpp.hpp:146[m[K,
[1.605s]                  from [01m[K/home/admin/Desktop/Project180/src/robotpatrol/src/testnavigator.cpp:17[m[K:
[1.605s] [01m[K/home/admin/Desktop/Project180/src/robotpatrol/src/testnavigator.cpp:27:9:[m[K [01;31m[Kerror: [m[Krequest for member ‘[01m[Kget_name[m[K’ in ‘[01m[K("Size of Map: %d")[m[K’, which is of non-class type ‘[01m[Kconst char [16][m[K’
[1.605s]    27 |         [01;31m[KRCLCPP_INFO[m[K("Size of Map: %d", msg->data.size());
[1.605s]       |         [01;31m[K^~~~~~~~~~~[m[K
[1.605s] [01m[K/home/admin/Desktop/Project180/src/robotpatrol/src/testnavigator.cpp:27:9:[m[K [01;31m[Kerror: [m[Krequest for member ‘[01m[Kget_name[m[K’ in ‘[01m[K("Size of Map: %d")[m[K’, which is of non-class type ‘[01m[Kconst char [16][m[K’
[1.605s]    27 |         [01;31m[KRCLCPP_INFO[m[K("Size of Map: %d", msg->data.size());
[1.605s]       |         [01;31m[K^~~~~~~~~~~[m[K
[1.605s] [01m[K/home/admin/Desktop/Project180/src/robotpatrol/src/testnavigator.cpp:27:54:[m[K [01;31m[Kerror: [m[Kinvalid conversion from ‘[01m[Kstd::vector<signed char, std::allocator<signed char> >::size_type[m[K’ {aka ‘[01m[Klong unsigned int[m[K’} to ‘[01m[Kconst char*[m[K’ [[01;31m[K-fpermissive[m[K]
[1.605s]    27 |         RCLCPP_INFO("Size of Map: %d", [01;31m[Kmsg->data.size()[m[K);
[1.605s]       |                                        [01;31m[K~~~~~~~~~~~~~~^~[m[K
[1.605s]       |                                                      [01;31m[K|[m[K
[1.605s]       |                                                      [01;31m[Kstd::vector<signed char, std::allocator<signed char> >::size_type {aka long unsigned int}[m[K
[1.605s] In file included from [01m[K/opt/ros/foxy/include/rclcpp/client.hpp:36[m[K,
[1.605s]                  from [01m[K/opt/ros/foxy/include/rclcpp/callback_group.hpp:23[m[K,
[1.605s]                  from [01m[K/opt/ros/foxy/include/rclcpp/any_executable.hpp:20[m[K,
[1.606s]                  from [01m[K/opt/ros/foxy/include/rclcpp/memory_strategy.hpp:24[m[K,
[1.606s]                  from [01m[K/opt/ros/foxy/include/rclcpp/memory_strategies.hpp:18[m[K,
[1.606s]                  from [01m[K/opt/ros/foxy/include/rclcpp/executor_options.hpp:20[m[K,
[1.606s]                  from [01m[K/opt/ros/foxy/include/rclcpp/executor.hpp:33[m[K,
[1.606s]                  from [01m[K/opt/ros/foxy/include/rclcpp/executors/multi_threaded_executor.hpp:26[m[K,
[1.606s]                  from [01m[K/opt/ros/foxy/include/rclcpp/executors.hpp:21[m[K,
[1.606s]                  from [01m[K/opt/ros/foxy/include/rclcpp/rclcpp.hpp:146[m[K,
[1.606s]                  from [01m[K/home/admin/Desktop/Project180/src/robotpatrol/src/testnavigator.cpp:17[m[K:
[1.606s] [01m[K/opt/ros/foxy/include/rclcpp/utilities.hpp:296:27:[m[K [01;36m[Knote: [m[K  initializing argument 1 of ‘[01m[Kconst char* rclcpp::get_c_string(const char*)[m[K’
[1.606s]   296 | get_c_string([01;36m[Kconst char * string_in[m[K);
[1.606s]       |              [01;36m[K~~~~~~~~~~~~~^~~~~~~~~[m[K
[1.606s] In file included from [01m[K/opt/ros/foxy/include/rclcpp/service.hpp:34[m[K,
[1.606s]                  from [01m[K/opt/ros/foxy/include/rclcpp/callback_group.hpp:25[m[K,
[1.606s]                  from [01m[K/opt/ros/foxy/include/rclcpp/any_executable.hpp:20[m[K,
[1.606s]                  from [01m[K/opt/ros/foxy/include/rclcpp/memory_strategy.hpp:24[m[K,
[1.606s]                  from [01m[K/opt/ros/foxy/include/rclcpp/memory_strategies.hpp:18[m[K,
[1.606s]                  from [01m[K/opt/ros/foxy/include/rclcpp/executor_options.hpp:20[m[K,
[1.606s]                  from [01m[K/opt/ros/foxy/include/rclcpp/executor.hpp:33[m[K,
[1.606s]                  from [01m[K/opt/ros/foxy/include/rclcpp/executors/multi_threaded_executor.hpp:26[m[K,
[1.606s]                  from [01m[K/opt/ros/foxy/include/rclcpp/executors.hpp:21[m[K,
[1.607s]                  from [01m[K/opt/ros/foxy/include/rclcpp/rclcpp.hpp:146[m[K,
[1.607s]                  from [01m[K/home/admin/Desktop/Project180/src/robotpatrol/src/testnavigator.cpp:17[m[K:
[1.607s] [01m[K/home/admin/Desktop/Project180/src/robotpatrol/src/testnavigator.cpp:28:9:[m[K [01;31m[Kerror: [m[Kstatic assertion failed: First argument to logging macros must be an rclcpp::Logger
[1.607s]    28 |         [01;31m[KRCLCPP_INFO[m[K( "Resolution: %f", msg->info.resolution());
[1.607s]       |         [01;31m[K^~~~~~~~~~~[m[K
[1.607s] In file included from [01m[K/opt/ros/foxy/include/rclcpp/client.hpp:40[m[K,
[1.607s]                  from [01m[K/opt/ros/foxy/include/rclcpp/callback_group.hpp:23[m[K,
[1.607s]                  from [01m[K/opt/ros/foxy/include/rclcpp/any_executable.hpp:20[m[K,
[1.607s]                  from [01m[K/opt/ros/foxy/include/rclcpp/memory_strategy.hpp:24[m[K,
[1.607s]                  from [01m[K/opt/ros/foxy/include/rclcpp/memory_strategies.hpp:18[m[K,
[1.607s]                  from [01m[K/opt/ros/foxy/include/rclcpp/executor_options.hpp:20[m[K,
[1.607s]                  from [01m[K/opt/ros/foxy/include/rclcpp/executor.hpp:33[m[K,
[1.607s]                  from [01m[K/opt/ros/foxy/include/rclcpp/executors/multi_threaded_executor.hpp:26[m[K,
[1.607s]                  from [01m[K/opt/ros/foxy/include/rclcpp/executors.hpp:21[m[K,
[1.607s]                  from [01m[K/opt/ros/foxy/include/rclcpp/rclcpp.hpp:146[m[K,
[1.607s]                  from [01m[K/home/admin/Desktop/Project180/src/robotpatrol/src/testnavigator.cpp:17[m[K:
[1.607s] [01m[K/home/admin/Desktop/Project180/src/robotpatrol/src/testnavigator.cpp:28:9:[m[K [01;31m[Kerror: [m[Krequest for member ‘[01m[Kget_name[m[K’ in ‘[01m[K("Resolution: %f")[m[K’, which is of non-class type ‘[01m[Kconst char [15][m[K’
[1.607s]    28 |         [01;31m[KRCLCPP_INFO[m[K( "Resolution: %f", msg->info.resolution());
[1.607s]       |         [01;31m[K^~~~~~~~~~~[m[K
[1.608s] [01m[K/home/admin/Desktop/Project180/src/robotpatrol/src/testnavigator.cpp:28:9:[m[K [01;31m[Kerror: [m[Krequest for member ‘[01m[Kget_name[m[K’ in ‘[01m[K("Resolution: %f")[m[K’, which is of non-class type ‘[01m[Kconst char [15][m[K’
[1.608s]    28 |         [01;31m[KRCLCPP_INFO[m[K( "Resolution: %f", msg->info.resolution());
[1.608s]       |         [01;31m[K^~~~~~~~~~~[m[K
[1.608s] [01m[K/home/admin/Desktop/Project180/src/robotpatrol/src/testnavigator.cpp:28:61:[m[K [01;31m[Kerror: [m[Kexpression cannot be used as a function
[1.608s]    28 |         RCLCPP_INFO( "Resolution: %f", msg->info.resolution([01;31m[K)[m[K);
[1.608s]       |                                                             [01;31m[K^[m[K
[1.608s] In file included from [01m[K/opt/ros/foxy/include/rclcpp/service.hpp:34[m[K,
[1.608s]                  from [01m[K/opt/ros/foxy/include/rclcpp/callback_group.hpp:25[m[K,
[1.608s]                  from [01m[K/opt/ros/foxy/include/rclcpp/any_executable.hpp:20[m[K,
[1.608s]                  from [01m[K/opt/ros/foxy/include/rclcpp/memory_strategy.hpp:24[m[K,
[1.608s]                  from [01m[K/opt/ros/foxy/include/rclcpp/memory_strategies.hpp:18[m[K,
[1.608s]                  from [01m[K/opt/ros/foxy/include/rclcpp/executor_options.hpp:20[m[K,
[1.608s]                  from [01m[K/opt/ros/foxy/include/rclcpp/executor.hpp:33[m[K,
[1.608s]                  from [01m[K/opt/ros/foxy/include/rclcpp/executors/multi_threaded_executor.hpp:26[m[K,
[1.608s]                  from [01m[K/opt/ros/foxy/include/rclcpp/executors.hpp:21[m[K,
[1.608s]                  from [01m[K/opt/ros/foxy/include/rclcpp/rclcpp.hpp:146[m[K,
[1.608s]                  from [01m[K/home/admin/Desktop/Project180/src/robotpatrol/src/testnavigator.cpp:17[m[K:
[1.608s] [01m[K/home/admin/Desktop/Project180/src/robotpatrol/src/testnavigator.cpp:29:9:[m[K [01;31m[Kerror: [m[Kstatic assertion failed: First argument to logging macros must be an rclcpp::Logger
[1.608s]    29 |         [01;31m[KRCLCPP_INFO[m[K( "Width: %d", msg->info.width());
[1.608s]       |         [01;31m[K^~~~~~~~~~~[m[K
[1.609s] In file included from [01m[K/opt/ros/foxy/include/rclcpp/client.hpp:40[m[K,
[1.609s]                  from [01m[K/opt/ros/foxy/include/rclcpp/callback_group.hpp:23[m[K,
[1.609s]                  from [01m[K/opt/ros/foxy/include/rclcpp/any_executable.hpp:20[m[K,
[1.609s]                  from [01m[K/opt/ros/foxy/include/rclcpp/memory_strategy.hpp:24[m[K,
[1.609s]                  from [01m[K/opt/ros/foxy/include/rclcpp/memory_strategies.hpp:18[m[K,
[1.609s]                  from [01m[K/opt/ros/foxy/include/rclcpp/executor_options.hpp:20[m[K,
[1.609s]                  from [01m[K/opt/ros/foxy/include/rclcpp/executor.hpp:33[m[K,
[1.609s]                  from [01m[K/opt/ros/foxy/include/rclcpp/executors/multi_threaded_executor.hpp:26[m[K,
[1.609s]                  from [01m[K/opt/ros/foxy/include/rclcpp/executors.hpp:21[m[K,
[1.609s]                  from [01m[K/opt/ros/foxy/include/rclcpp/rclcpp.hpp:146[m[K,
[1.609s]                  from [01m[K/home/admin/Desktop/Project180/src/robotpatrol/src/testnavigator.cpp:17[m[K:
[1.609s] [01m[K/home/admin/Desktop/Project180/src/robotpatrol/src/testnavigator.cpp:29:9:[m[K [01;31m[Kerror: [m[Krequest for member ‘[01m[Kget_name[m[K’ in ‘[01m[K("Width: %d")[m[K’, which is of non-class type ‘[01m[Kconst char [10][m[K’
[1.609s]    29 |         [01;31m[KRCLCPP_INFO[m[K( "Width: %d", msg->info.width());
[1.609s]       |         [01;31m[K^~~~~~~~~~~[m[K
[1.609s] [01m[K/home/admin/Desktop/Project180/src/robotpatrol/src/testnavigator.cpp:29:9:[m[K [01;31m[Kerror: [m[Krequest for member ‘[01m[Kget_name[m[K’ in ‘[01m[K("Width: %d")[m[K’, which is of non-class type ‘[01m[Kconst char [10][m[K’
[1.609s]    29 |         [01;31m[KRCLCPP_INFO[m[K( "Width: %d", msg->info.width());
[1.609s]       |         [01;31m[K^~~~~~~~~~~[m[K
[1.609s] [01m[K/home/admin/Desktop/Project180/src/robotpatrol/src/testnavigator.cpp:29:51:[m[K [01;31m[Kerror: [m[Kexpression cannot be used as a function
[1.609s]    29 |         RCLCPP_INFO( "Width: %d", msg->info.width([01;31m[K)[m[K);
[1.610s]       |                                                   [01;31m[K^[m[K
[1.610s] In file included from [01m[K/opt/ros/foxy/include/rclcpp/service.hpp:34[m[K,
[1.610s]                  from [01m[K/opt/ros/foxy/include/rclcpp/callback_group.hpp:25[m[K,
[1.610s]                  from [01m[K/opt/ros/foxy/include/rclcpp/any_executable.hpp:20[m[K,
[1.610s]                  from [01m[K/opt/ros/foxy/include/rclcpp/memory_strategy.hpp:24[m[K,
[1.610s]                  from [01m[K/opt/ros/foxy/include/rclcpp/memory_strategies.hpp:18[m[K,
[1.610s]                  from [01m[K/opt/ros/foxy/include/rclcpp/executor_options.hpp:20[m[K,
[1.610s]                  from [01m[K/opt/ros/foxy/include/rclcpp/executor.hpp:33[m[K,
[1.610s]                  from [01m[K/opt/ros/foxy/include/rclcpp/executors/multi_threaded_executor.hpp:26[m[K,
[1.610s]                  from [01m[K/opt/ros/foxy/include/rclcpp/executors.hpp:21[m[K,
[1.610s]                  from [01m[K/opt/ros/foxy/include/rclcpp/rclcpp.hpp:146[m[K,
[1.610s]                  from [01m[K/home/admin/Desktop/Project180/src/robotpatrol/src/testnavigator.cpp:17[m[K:
[1.610s] [01m[K/home/admin/Desktop/Project180/src/robotpatrol/src/testnavigator.cpp:30:9:[m[K [01;31m[Kerror: [m[Kstatic assertion failed: First argument to logging macros must be an rclcpp::Logger
[1.610s]    30 |         [01;31m[KRCLCPP_INFO[m[K( "Height: %d", msg->info.height());
[1.610s]       |         [01;31m[K^~~~~~~~~~~[m[K
[1.610s] In file included from [01m[K/opt/ros/foxy/include/rclcpp/client.hpp:40[m[K,
[1.611s]                  from [01m[K/opt/ros/foxy/include/rclcpp/callback_group.hpp:23[m[K,
[1.611s]                  from [01m[K/opt/ros/foxy/include/rclcpp/any_executable.hpp:20[m[K,
[1.611s]                  from [01m[K/opt/ros/foxy/include/rclcpp/memory_strategy.hpp:24[m[K,
[1.611s]                  from [01m[K/opt/ros/foxy/include/rclcpp/memory_strategies.hpp:18[m[K,
[1.611s]                  from [01m[K/opt/ros/foxy/include/rclcpp/executor_options.hpp:20[m[K,
[1.611s]                  from [01m[K/opt/ros/foxy/include/rclcpp/executor.hpp:33[m[K,
[1.611s]                  from [01m[K/opt/ros/foxy/include/rclcpp/executors/multi_threaded_executor.hpp:26[m[K,
[1.611s]                  from [01m[K/opt/ros/foxy/include/rclcpp/executors.hpp:21[m[K,
[1.611s]                  from [01m[K/opt/ros/foxy/include/rclcpp/rclcpp.hpp:146[m[K,
[1.611s]                  from [01m[K/home/admin/Desktop/Project180/src/robotpatrol/src/testnavigator.cpp:17[m[K:
[1.611s] [01m[K/home/admin/Desktop/Project180/src/robotpatrol/src/testnavigator.cpp:30:9:[m[K [01;31m[Kerror: [m[Krequest for member ‘[01m[Kget_name[m[K’ in ‘[01m[K("Height: %d")[m[K’, which is of non-class type ‘[01m[Kconst char [11][m[K’
[1.611s]    30 |         [01;31m[KRCLCPP_INFO[m[K( "Height: %d", msg->info.height());
[1.611s]       |         [01;31m[K^~~~~~~~~~~[m[K
[1.611s] [01m[K/home/admin/Desktop/Project180/src/robotpatrol/src/testnavigator.cpp:30:9:[m[K [01;31m[Kerror: [m[Krequest for member ‘[01m[Kget_name[m[K’ in ‘[01m[K("Height: %d")[m[K’, which is of non-class type ‘[01m[Kconst char [11][m[K’
[1.611s]    30 |         [01;31m[KRCLCPP_INFO[m[K( "Height: %d", msg->info.height());
[1.612s]       |         [01;31m[K^~~~~~~~~~~[m[K
[1.612s] [01m[K/home/admin/Desktop/Project180/src/robotpatrol/src/testnavigator.cpp:30:53:[m[K [01;31m[Kerror: [m[Kexpression cannot be used as a function
[1.612s]    30 |         RCLCPP_INFO( "Height: %d", msg->info.height([01;31m[K)[m[K);
[1.612s]       |                                                     [01;31m[K^[m[K
[1.658s] [01m[K/home/admin/Desktop/Project180/src/robotpatrol/src/testnavigator.cpp:[m[K In function ‘[01m[Kint main(int, char**)[m[K’:
[1.658s] [01m[K/home/admin/Desktop/Project180/src/robotpatrol/src/testnavigator.cpp:97:89:[m[K [01;31m[Kerror: [m[K‘[01m[KmapCallBack[m[K’ was not declared in this scope; did you mean ‘[01m[KmapCallback[m[K’?
[1.658s]    97 |   auto map_sub = navigator.create_subscription<nav_msgs::msg::OccupancyGrid>("map", 10, [01;31m[KmapCallBack[m[K);
[1.658s]       |                                                                                         [01;31m[K^~~~~~~~~~~[m[K
[1.658s]       |                                                                                         [32m[KmapCallback[m[K
[3.173s] make[2]: *** [CMakeFiles/testnavigation.dir/build.make:63: CMakeFiles/testnavigation.dir/src/testnavigator.cpp.o] Error 1
[3.173s] make[1]: *** [CMakeFiles/Makefile2:109: CMakeFiles/testnavigation.dir/all] Error 2
[3.175s] make: *** [Makefile:141: all] Error 2
[3.178s] Invoked command in '/home/admin/Desktop/Project180/src/build/robotpatrol' returned '2': CMAKE_PREFIX_PATH=${CMAKE_PREFIX_PATH}:/opt/ros/foxy /usr/bin/cmake --build /home/admin/Desktop/Project180/src/build/robotpatrol -- -j8 -l8
