[0.323s] DEBUG:colcon:Command line arguments: ['/usr/bin/colcon', 'build']
[0.323s] DEBUG:colcon:Parsed command line arguments: Namespace(allow_overriding=[], ament_cmake_args=None, base_paths=['.'], build_base='build', catkin_cmake_args=None, catkin_skip_building_tests=False, cmake_args=None, cmake_clean_cache=False, cmake_clean_first=False, cmake_force_configure=False, cmake_target=None, cmake_target_skip_unavailable=False, continue_on_error=False, event_handlers=None, executor='parallel', ignore_user_meta=False, install_base='install', log_base=None, log_level=None, main=<bound method BuildVerb.main of <colcon_core.verb.build.BuildVerb object at 0x7fa611a5a190>>, merge_install=False, metas=['./colcon.meta'], packages_above=None, packages_above_and_dependencies=None, packages_above_depth=None, packages_end=None, packages_ignore=None, packages_ignore_regex=None, packages_select=None, packages_select_build_failed=False, packages_select_by_dep=None, packages_select_regex=None, packages_select_test_failures=False, packages_skip=None, packages_skip_build_finished=False, packages_skip_by_dep=None, packages_skip_regex=None, packages_skip_test_passed=False, packages_skip_up_to=None, packages_start=None, packages_up_to=None, packages_up_to_regex=None, parallel_workers=8, paths=None, symlink_install=False, test_result_base=None, verb_extension=<colcon_core.verb.build.BuildVerb object at 0x7fa611a5a190>, verb_name='build', verb_parser=<colcon_defaults.argument_parser.defaults.DefaultArgumentsDecorator object at 0x7fa611a5a6d0>)
[0.349s] Level 1:colcon.colcon_core.package_discovery:discover_packages(colcon_meta) check parameters
[0.349s] Level 1:colcon.colcon_core.package_discovery:discover_packages(recursive) check parameters
[0.349s] Level 1:colcon.colcon_core.package_discovery:discover_packages(ignore) check parameters
[0.349s] Level 1:colcon.colcon_core.package_discovery:discover_packages(path) check parameters
[0.349s] Level 1:colcon.colcon_core.package_discovery:discover_packages(colcon_meta) discover
[0.349s] Level 1:colcon.colcon_core.package_discovery:discover_packages(recursive) discover
[0.349s] INFO:colcon.colcon_core.package_discovery:Crawling recursively for packages in '/home/admin/Desktop/Project180/src'
[0.349s] Level 1:colcon.colcon_core.package_identification:_identify(.) by extensions ['ignore', 'ignore_ament_install']
[0.349s] Level 1:colcon.colcon_core.package_identification:_identify(.) by extension 'ignore'
[0.349s] Level 1:colcon.colcon_core.package_identification:_identify(.) by extension 'ignore_ament_install'
[0.350s] Level 1:colcon.colcon_core.package_identification:_identify(.) by extensions ['colcon_pkg']
[0.350s] Level 1:colcon.colcon_core.package_identification:_identify(.) by extension 'colcon_pkg'
[0.350s] Level 1:colcon.colcon_core.package_identification:_identify(.) by extensions ['colcon_meta']
[0.350s] Level 1:colcon.colcon_core.package_identification:_identify(.) by extension 'colcon_meta'
[0.350s] Level 1:colcon.colcon_core.package_identification:_identify(.) by extensions ['ros']
[0.350s] Level 1:colcon.colcon_core.package_identification:_identify(.) by extension 'ros'
[0.379s] Level 1:colcon.colcon_core.package_identification:_identify(.) by extensions ['cmake', 'python']
[0.379s] Level 1:colcon.colcon_core.package_identification:_identify(.) by extension 'cmake'
[0.379s] Level 1:colcon.colcon_core.package_identification:_identify(.) by extension 'python'
[0.379s] Level 1:colcon.colcon_core.package_identification:_identify(.) by extensions ['python_setup_py']
[0.379s] Level 1:colcon.colcon_core.package_identification:_identify(.) by extension 'python_setup_py'
[0.379s] Level 1:colcon.colcon_core.package_identification:_identify(build) by extensions ['ignore', 'ignore_ament_install']
[0.380s] Level 1:colcon.colcon_core.package_identification:_identify(build) by extension 'ignore'
[0.380s] Level 1:colcon.colcon_core.package_identification:_identify(build) ignored
[0.380s] Level 1:colcon.colcon_core.package_identification:_identify(install) by extensions ['ignore', 'ignore_ament_install']
[0.380s] Level 1:colcon.colcon_core.package_identification:_identify(install) by extension 'ignore'
[0.380s] Level 1:colcon.colcon_core.package_identification:_identify(install) ignored
[0.380s] Level 1:colcon.colcon_core.package_identification:_identify(log) by extensions ['ignore', 'ignore_ament_install']
[0.380s] Level 1:colcon.colcon_core.package_identification:_identify(log) by extension 'ignore'
[0.380s] Level 1:colcon.colcon_core.package_identification:_identify(log) ignored
[0.380s] Level 1:colcon.colcon_core.package_identification:_identify(robotpatrol) by extensions ['ignore', 'ignore_ament_install']
[0.380s] Level 1:colcon.colcon_core.package_identification:_identify(robotpatrol) by extension 'ignore'
[0.380s] Level 1:colcon.colcon_core.package_identification:_identify(robotpatrol) by extension 'ignore_ament_install'
[0.380s] Level 1:colcon.colcon_core.package_identification:_identify(robotpatrol) by extensions ['colcon_pkg']
[0.380s] Level 1:colcon.colcon_core.package_identification:_identify(robotpatrol) by extension 'colcon_pkg'
[0.380s] Level 1:colcon.colcon_core.package_identification:_identify(robotpatrol) by extensions ['colcon_meta']
[0.380s] Level 1:colcon.colcon_core.package_identification:_identify(robotpatrol) by extension 'colcon_meta'
[0.381s] Level 1:colcon.colcon_core.package_identification:_identify(robotpatrol) by extensions ['ros']
[0.381s] Level 1:colcon.colcon_core.package_identification:_identify(robotpatrol) by extension 'ros'
[0.383s] DEBUG:colcon.colcon_core.package_identification:Package 'robotpatrol' with type 'ros.ament_cmake' and name 'robotpatrol'
[0.383s] Level 1:colcon.colcon_core.package_discovery:discover_packages(recursive) using defaults
[0.383s] Level 1:colcon.colcon_core.package_discovery:discover_packages(ignore) discover
[0.383s] Level 1:colcon.colcon_core.package_discovery:discover_packages(ignore) using defaults
[0.383s] Level 1:colcon.colcon_core.package_discovery:discover_packages(path) discover
[0.383s] Level 1:colcon.colcon_core.package_discovery:discover_packages(path) using defaults
[0.404s] Level 1:colcon.colcon_core.package_discovery:discover_packages(prefix_path) check parameters
[0.404s] Level 1:colcon.colcon_core.package_discovery:discover_packages(prefix_path) discover
[0.407s] DEBUG:colcon.colcon_installed_package_information.package_discovery:Found 1 installed packages in /home/admin/Desktop/Project180/src/install
[0.409s] DEBUG:colcon.colcon_installed_package_information.package_discovery:Found 335 installed packages in /opt/ros/foxy
[0.412s] Level 1:colcon.colcon_core.package_discovery:discover_packages(prefix_path) using defaults
[0.487s] Level 5:colcon.colcon_core.verb:set package 'robotpatrol' build argument 'cmake_args' from command line to 'None'
[0.487s] Level 5:colcon.colcon_core.verb:set package 'robotpatrol' build argument 'cmake_target' from command line to 'None'
[0.487s] Level 5:colcon.colcon_core.verb:set package 'robotpatrol' build argument 'cmake_target_skip_unavailable' from command line to 'False'
[0.487s] Level 5:colcon.colcon_core.verb:set package 'robotpatrol' build argument 'cmake_clean_cache' from command line to 'False'
[0.487s] Level 5:colcon.colcon_core.verb:set package 'robotpatrol' build argument 'cmake_clean_first' from command line to 'False'
[0.487s] Level 5:colcon.colcon_core.verb:set package 'robotpatrol' build argument 'cmake_force_configure' from command line to 'False'
[0.487s] Level 5:colcon.colcon_core.verb:set package 'robotpatrol' build argument 'ament_cmake_args' from command line to 'None'
[0.487s] Level 5:colcon.colcon_core.verb:set package 'robotpatrol' build argument 'catkin_cmake_args' from command line to 'None'
[0.487s] Level 5:colcon.colcon_core.verb:set package 'robotpatrol' build argument 'catkin_skip_building_tests' from command line to 'False'
[0.487s] DEBUG:colcon.colcon_core.verb:Building package 'robotpatrol' with the following arguments: {'ament_cmake_args': None, 'build_base': '/home/admin/Desktop/Project180/src/build/robotpatrol', 'catkin_cmake_args': None, 'catkin_skip_building_tests': False, 'cmake_args': None, 'cmake_clean_cache': False, 'cmake_clean_first': False, 'cmake_force_configure': False, 'cmake_target': None, 'cmake_target_skip_unavailable': False, 'install_base': '/home/admin/Desktop/Project180/src/install/robotpatrol', 'merge_install': False, 'path': '/home/admin/Desktop/Project180/src/robotpatrol', 'symlink_install': False, 'test_result_base': None}
[0.489s] INFO:colcon.colcon_core.executor:Executing jobs using 'parallel' executor
[0.493s] DEBUG:colcon.colcon_parallel_executor.executor.parallel:run_until_complete
[0.493s] INFO:colcon.colcon_ros.task.ament_cmake.build:Building ROS package in '/home/admin/Desktop/Project180/src/robotpatrol' with build type 'ament_cmake'
[0.494s] INFO:colcon.colcon_cmake.task.cmake.build:Building CMake package in '/home/admin/Desktop/Project180/src/robotpatrol'
[0.499s] INFO:colcon.colcon_core.plugin_system:Skipping extension 'colcon_core.shell.bat': Not used on non-Windows systems
[0.499s] INFO:colcon.colcon_core.shell:Skip shell extension 'powershell' for command environment: Not usable outside of PowerShell
[0.500s] DEBUG:colcon.colcon_core.shell:Skip shell extension 'dsv' for command environment
[0.516s] DEBUG:colcon.colcon_core.event_handler.log_command:Invoking command in '/home/admin/Desktop/Project180/src/build/robotpatrol': CMAKE_PREFIX_PATH=${CMAKE_PREFIX_PATH}:/opt/ros/foxy /usr/bin/cmake --build /home/admin/Desktop/Project180/src/build/robotpatrol -- -j8 -l8
[10.554s] DEBUG:colcon.colcon_core.event_handler.log_command:Invoked command in '/home/admin/Desktop/Project180/src/build/robotpatrol' returned '0': CMAKE_PREFIX_PATH=${CMAKE_PREFIX_PATH}:/opt/ros/foxy /usr/bin/cmake --build /home/admin/Desktop/Project180/src/build/robotpatrol -- -j8 -l8
[10.619s] DEBUG:colcon.colcon_core.event_handler.log_command:Invoking command in '/home/admin/Desktop/Project180/src/build/robotpatrol': CMAKE_PREFIX_PATH=${CMAKE_PREFIX_PATH}:/opt/ros/foxy /usr/bin/cmake --install /home/admin/Desktop/Project180/src/build/robotpatrol
[10.646s] Level 1:colcon.colcon_core.environment:create_environment_scripts_only(robotpatrol)
[10.651s] Level 1:colcon.colcon_core.environment:checking '/home/admin/Desktop/Project180/src/install/robotpatrol' for CMake module files
[10.651s] Level 1:colcon.colcon_core.environment:checking '/home/admin/Desktop/Project180/src/install/robotpatrol' for CMake config files
[10.652s] Level 1:colcon.colcon_core.shell:create_environment_hook('robotpatrol', 'cmake_prefix_path')
[10.653s] INFO:colcon.colcon_core.shell:Creating environment hook '/home/admin/Desktop/Project180/src/install/robotpatrol/share/robotpatrol/hook/cmake_prefix_path.ps1'
[10.654s] INFO:colcon.colcon_core.shell:Creating environment descriptor '/home/admin/Desktop/Project180/src/install/robotpatrol/share/robotpatrol/hook/cmake_prefix_path.dsv'
[10.655s] INFO:colcon.colcon_core.shell:Creating environment hook '/home/admin/Desktop/Project180/src/install/robotpatrol/share/robotpatrol/hook/cmake_prefix_path.sh'
[10.656s] Level 1:colcon.colcon_core.environment:checking '/home/admin/Desktop/Project180/src/install/robotpatrol/lib'
[10.656s] Level 1:colcon.colcon_core.environment:checking '/home/admin/Desktop/Project180/src/install/robotpatrol/bin'
[10.656s] Level 1:colcon.colcon_core.environment:checking '/home/admin/Desktop/Project180/src/install/robotpatrol/lib/pkgconfig/robotpatrol.pc'
[10.657s] Level 1:colcon.colcon_core.environment:checking '/home/admin/Desktop/Project180/src/install/robotpatrol/lib/python3.8/site-packages'
[10.657s] Level 1:colcon.colcon_core.environment:checking '/home/admin/Desktop/Project180/src/install/robotpatrol/bin'
[10.658s] INFO:colcon.colcon_core.shell:Creating package script '/home/admin/Desktop/Project180/src/install/robotpatrol/share/robotpatrol/package.ps1'
[10.659s] INFO:colcon.colcon_core.shell:Creating package descriptor '/home/admin/Desktop/Project180/src/install/robotpatrol/share/robotpatrol/package.dsv'
[10.659s] INFO:colcon.colcon_core.shell:Creating package script '/home/admin/Desktop/Project180/src/install/robotpatrol/share/robotpatrol/package.sh'
[10.660s] INFO:colcon.colcon_core.shell:Creating package script '/home/admin/Desktop/Project180/src/install/robotpatrol/share/robotpatrol/package.bash'
[10.660s] DEBUG:colcon.colcon_core.event_handler.log_command:Invoked command in '/home/admin/Desktop/Project180/src/build/robotpatrol' returned '0': CMAKE_PREFIX_PATH=${CMAKE_PREFIX_PATH}:/opt/ros/foxy /usr/bin/cmake --install /home/admin/Desktop/Project180/src/build/robotpatrol
[10.660s] INFO:colcon.colcon_core.shell:Creating package script '/home/admin/Desktop/Project180/src/install/robotpatrol/share/robotpatrol/package.zsh'
[10.661s] Level 1:colcon.colcon_core.environment:create_file_with_runtime_dependencies(/home/admin/Desktop/Project180/src/install/robotpatrol/share/colcon-core/packages/robotpatrol)
[10.721s] Level 1:colcon.colcon_core.environment:create_environment_scripts_only(robotpatrol)
[10.724s] Level 1:colcon.colcon_core.environment:checking '/home/admin/Desktop/Project180/src/install/robotpatrol' for CMake module files
[10.725s] Level 1:colcon.colcon_core.environment:checking '/home/admin/Desktop/Project180/src/install/robotpatrol' for CMake config files
[10.725s] Level 1:colcon.colcon_core.shell:create_environment_hook('robotpatrol', 'cmake_prefix_path')
[10.727s] INFO:colcon.colcon_core.shell:Creating environment hook '/home/admin/Desktop/Project180/src/install/robotpatrol/share/robotpatrol/hook/cmake_prefix_path.ps1'
[10.727s] INFO:colcon.colcon_core.shell:Creating environment descriptor '/home/admin/Desktop/Project180/src/install/robotpatrol/share/robotpatrol/hook/cmake_prefix_path.dsv'
[10.728s] INFO:colcon.colcon_core.shell:Creating environment hook '/home/admin/Desktop/Project180/src/install/robotpatrol/share/robotpatrol/hook/cmake_prefix_path.sh'
[10.728s] Level 1:colcon.colcon_core.environment:checking '/home/admin/Desktop/Project180/src/install/robotpatrol/lib'
[10.728s] Level 1:colcon.colcon_core.environment:checking '/home/admin/Desktop/Project180/src/install/robotpatrol/bin'
[10.728s] Level 1:colcon.colcon_core.environment:checking '/home/admin/Desktop/Project180/src/install/robotpatrol/lib/pkgconfig/robotpatrol.pc'
[10.728s] Level 1:colcon.colcon_core.environment:checking '/home/admin/Desktop/Project180/src/install/robotpatrol/lib/python3.8/site-packages'
[10.729s] Level 1:colcon.colcon_core.environment:checking '/home/admin/Desktop/Project180/src/install/robotpatrol/bin'
[10.730s] INFO:colcon.colcon_core.shell:Creating package script '/home/admin/Desktop/Project180/src/install/robotpatrol/share/robotpatrol/package.ps1'
[10.730s] INFO:colcon.colcon_core.shell:Creating package descriptor '/home/admin/Desktop/Project180/src/install/robotpatrol/share/robotpatrol/package.dsv'
[10.731s] INFO:colcon.colcon_core.shell:Creating package script '/home/admin/Desktop/Project180/src/install/robotpatrol/share/robotpatrol/package.sh'
[10.731s] INFO:colcon.colcon_core.shell:Creating package script '/home/admin/Desktop/Project180/src/install/robotpatrol/share/robotpatrol/package.bash'
[10.731s] INFO:colcon.colcon_core.shell:Creating package script '/home/admin/Desktop/Project180/src/install/robotpatrol/share/robotpatrol/package.zsh'
[10.732s] Level 1:colcon.colcon_core.environment:create_file_with_runtime_dependencies(/home/admin/Desktop/Project180/src/install/robotpatrol/share/colcon-core/packages/robotpatrol)
[10.732s] DEBUG:colcon.colcon_parallel_executor.executor.parallel:closing loop
[10.732s] DEBUG:colcon.colcon_parallel_executor.executor.parallel:loop closed
[10.732s] DEBUG:colcon.colcon_parallel_executor.executor.parallel:run_until_complete finished with '0'
[10.732s] DEBUG:colcon.colcon_core.event_reactor:joining thread
[10.740s] INFO:colcon.colcon_core.plugin_system:Skipping extension 'colcon_notification.desktop_notification.terminal_notifier': Not used on non-Darwin systems
[10.741s] INFO:colcon.colcon_core.plugin_system:Skipping extension 'colcon_notification.desktop_notification.win32': Not used on non-Windows systems
[10.741s] INFO:colcon.colcon_notification.desktop_notification:Sending desktop notification using 'notify2'
[10.762s] DEBUG:colcon.colcon_core.event_reactor:joined thread
[10.764s] INFO:colcon.colcon_core.shell:Creating prefix script '/home/admin/Desktop/Project180/src/install/local_setup.ps1'
[10.766s] INFO:colcon.colcon_core.shell:Creating prefix util module '/home/admin/Desktop/Project180/src/install/_local_setup_util_ps1.py'
[10.768s] INFO:colcon.colcon_core.shell:Creating prefix chain script '/home/admin/Desktop/Project180/src/install/setup.ps1'
[10.770s] INFO:colcon.colcon_core.shell:Creating prefix script '/home/admin/Desktop/Project180/src/install/local_setup.sh'
[10.770s] INFO:colcon.colcon_core.shell:Creating prefix util module '/home/admin/Desktop/Project180/src/install/_local_setup_util_sh.py'
[10.771s] INFO:colcon.colcon_core.shell:Creating prefix chain script '/home/admin/Desktop/Project180/src/install/setup.sh'
[10.772s] INFO:colcon.colcon_core.shell:Creating prefix script '/home/admin/Desktop/Project180/src/install/local_setup.bash'
[10.773s] INFO:colcon.colcon_core.shell:Creating prefix chain script '/home/admin/Desktop/Project180/src/install/setup.bash'
[10.774s] INFO:colcon.colcon_core.shell:Creating prefix script '/home/admin/Desktop/Project180/src/install/local_setup.zsh'
[10.774s] INFO:colcon.colcon_core.shell:Creating prefix chain script '/home/admin/Desktop/Project180/src/install/setup.zsh'
