[0.017s] Invoking command in '/home/admin/Desktop/Project180/build/robotpatrol': CMAKE_PREFIX_PATH=${CMAKE_PREFIX_PATH}:/opt/ros/foxy /usr/bin/cmake --build /home/admin/Desktop/Project180/build/robotpatrol -- -j8 -l8
[0.092s] [35m[1mScanning dependencies of target testnavigation[0m
[0.138s] [ 37%] Built target testpackage
[0.148s] [ 50%] [32mBuilding CXX object CMakeFiles/testnavigation.dir/src/testnavigator.cpp.o[0m
[0.196s] [ 75%] Built target navigator
[1.843s] [01m[K/home/admin/Desktop/Project180/src/robotpatrol/src/testnavigator.cpp:[m[K In function ‘[01m[Kvoid mapCallBack(nav_msgs::msg::OccupancyGrid_<std::allocator<void> >::SharedPtr)[m[K’:
[1.844s] [01m[K/home/admin/Desktop/Project180/src/robotpatrol/src/testnavigator.cpp:34:12:[m[K [01;31m[Kerror: [m[Kno match for ‘[01m[Koperator<<[m[K’ (operand types are ‘[01m[Kstd::ostream[m[K’ {aka ‘[01m[Kstd::basic_ostream<char>[m[K’} and ‘[01m[Knav_msgs::msg::OccupancyGrid_<std::allocator<void> >::_info_type[m[K’ {aka ‘[01m[Knav_msgs::msg::MapMetaData_<std::allocator<void> >[m[K’})
[1.844s]    34 |   [32m[Kstd::cout[m[K[01;31m[K<<[m[K[34m[Kmsg->info[m[K<<std:end;
[1.844s]       |   [32m[K~~~~~~~~~[m[K[01;31m[K^~[m[K[34m[K~~~~~~~~~[m[K
[1.844s]       |        [32m[K|[m[K          [34m[K|[m[K
[1.844s]       |        [32m[K|[m[K          [34m[Knav_msgs::msg::OccupancyGrid_<std::allocator<void> >::_info_type {aka nav_msgs::msg::MapMetaData_<std::allocator<void> >}[m[K
[1.844s]       |        [32m[Kstd::ostream {aka std::basic_ostream<char>}[m[K
[1.844s] In file included from [01m[K/usr/include/c++/9/iostream:39[m[K,
[1.844s]                  from [01m[K/opt/ros/foxy/include/rclcpp/executor.hpp:22[m[K,
[1.844s]                  from [01m[K/opt/ros/foxy/include/rclcpp/executors/multi_threaded_executor.hpp:26[m[K,
[1.844s]                  from [01m[K/opt/ros/foxy/include/rclcpp/executors.hpp:21[m[K,
[1.844s]                  from [01m[K/opt/ros/foxy/include/rclcpp/rclcpp.hpp:146[m[K,
[1.844s]                  from [01m[K/home/admin/Desktop/Project180/src/robotpatrol/src/testnavigator.cpp:17[m[K:
[1.845s] [01m[K/usr/include/c++/9/ostream:108:7:[m[K [01;36m[Knote: [m[Kcandidate: ‘[01m[Kstd::basic_ostream<_CharT, _Traits>::__ostream_type& std::basic_ostream<_CharT, _Traits>::operator<<(std::basic_ostream<_CharT, _Traits>::__ostream_type& (*)(std::basic_ostream<_CharT, _Traits>::__ostream_type&)) [with _CharT = char; _Traits = std::char_traits<char>; std::basic_ostream<_CharT, _Traits>::__ostream_type = std::basic_ostream<char>][m[K’
[1.845s]   108 |       [01;36m[Koperator[m[K<<(__ostream_type& (*__pf)(__ostream_type&))
[1.845s]       |       [01;36m[K^~~~~~~~[m[K
[1.845s] [01m[K/usr/include/c++/9/ostream:108:36:[m[K [01;36m[Knote: [m[K  no known conversion for argument 1 from ‘[01m[Knav_msgs::msg::OccupancyGrid_<std::allocator<void> >::_info_type[m[K’ {aka ‘[01m[Knav_msgs::msg::MapMetaData_<std::allocator<void> >[m[K’} to ‘[01m[Kstd::basic_ostream<char>::__ostream_type& (*)(std::basic_ostream<char>::__ostream_type&)[m[K’ {aka ‘[01m[Kstd::basic_ostream<char>& (*)(std::basic_ostream<char>&)[m[K’}
[1.845s]   108 |       operator<<([01;36m[K__ostream_type& (*__pf)(__ostream_type&)[m[K)
[1.845s]       |                  [01;36m[K~~~~~~~~~~~~~~~~~~^~~~~~~~~~~~~~~~~~~~~~[m[K
[1.845s] [01m[K/usr/include/c++/9/ostream:117:7:[m[K [01;36m[Knote: [m[Kcandidate: ‘[01m[Kstd::basic_ostream<_CharT, _Traits>::__ostream_type& std::basic_ostream<_CharT, _Traits>::operator<<(std::basic_ostream<_CharT, _Traits>::__ios_type& (*)(std::basic_ostream<_CharT, _Traits>::__ios_type&)) [with _CharT = char; _Traits = std::char_traits<char>; std::basic_ostream<_CharT, _Traits>::__ostream_type = std::basic_ostream<char>; std::basic_ostream<_CharT, _Traits>::__ios_type = std::basic_ios<char>][m[K’
[1.845s]   117 |       [01;36m[Koperator[m[K<<(__ios_type& (*__pf)(__ios_type&))
[1.845s]       |       [01;36m[K^~~~~~~~[m[K
[1.846s] [01m[K/usr/include/c++/9/ostream:117:32:[m[K [01;36m[Knote: [m[K  no known conversion for argument 1 from ‘[01m[Knav_msgs::msg::OccupancyGrid_<std::allocator<void> >::_info_type[m[K’ {aka ‘[01m[Knav_msgs::msg::MapMetaData_<std::allocator<void> >[m[K’} to ‘[01m[Kstd::basic_ostream<char>::__ios_type& (*)(std::basic_ostream<char>::__ios_type&)[m[K’ {aka ‘[01m[Kstd::basic_ios<char>& (*)(std::basic_ios<char>&)[m[K’}
[1.846s]   117 |       operator<<([01;36m[K__ios_type& (*__pf)(__ios_type&)[m[K)
[1.846s]       |                  [01;36m[K~~~~~~~~~~~~~~^~~~~~~~~~~~~~~~~~[m[K
[1.846s] [01m[K/usr/include/c++/9/ostream:127:7:[m[K [01;36m[Knote: [m[Kcandidate: ‘[01m[Kstd::basic_ostream<_CharT, _Traits>::__ostream_type& std::basic_ostream<_CharT, _Traits>::operator<<(std::ios_base& (*)(std::ios_base&)) [with _CharT = char; _Traits = std::char_traits<char>; std::basic_ostream<_CharT, _Traits>::__ostream_type = std::basic_ostream<char>][m[K’
[1.846s]   127 |       [01;36m[Koperator[m[K<<(ios_base& (*__pf) (ios_base&))
[1.846s]       |       [01;36m[K^~~~~~~~[m[K
[1.846s] [01m[K/usr/include/c++/9/ostream:127:30:[m[K [01;36m[Knote: [m[K  no known conversion for argument 1 from ‘[01m[Knav_msgs::msg::OccupancyGrid_<std::allocator<void> >::_info_type[m[K’ {aka ‘[01m[Knav_msgs::msg::MapMetaData_<std::allocator<void> >[m[K’} to ‘[01m[Kstd::ios_base& (*)(std::ios_base&)[m[K’
[1.846s]   127 |       operator<<([01;36m[Kios_base& (*__pf) (ios_base&)[m[K)
[1.846s]       |                  [01;36m[K~~~~~~~~~~~~^~~~~~~~~~~~~~~~~[m[K
[1.846s] [01m[K/usr/include/c++/9/ostream:166:7:[m[K [01;36m[Knote: [m[Kcandidate: ‘[01m[Kstd::basic_ostream<_CharT, _Traits>::__ostream_type& std::basic_ostream<_CharT, _Traits>::operator<<(long int) [with _CharT = char; _Traits = std::char_traits<char>; std::basic_ostream<_CharT, _Traits>::__ostream_type = std::basic_ostream<char>][m[K’
[1.847s]   166 |       [01;36m[Koperator[m[K<<(long __n)
[1.847s]       |       [01;36m[K^~~~~~~~[m[K
[1.847s] [01m[K/usr/include/c++/9/ostream:166:23:[m[K [01;36m[Knote: [m[K  no known conversion for argument 1 from ‘[01m[Knav_msgs::msg::OccupancyGrid_<std::allocator<void> >::_info_type[m[K’ {aka ‘[01m[Knav_msgs::msg::MapMetaData_<std::allocator<void> >[m[K’} to ‘[01m[Klong int[m[K’
[1.847s]   166 |       operator<<([01;36m[Klong __n[m[K)
[1.847s]       |                  [01;36m[K~~~~~^~~[m[K
[1.847s] [01m[K/usr/include/c++/9/ostream:170:7:[m[K [01;36m[Knote: [m[Kcandidate: ‘[01m[Kstd::basic_ostream<_CharT, _Traits>::__ostream_type& std::basic_ostream<_CharT, _Traits>::operator<<(long unsigned int) [with _CharT = char; _Traits = std::char_traits<char>; std::basic_ostream<_CharT, _Traits>::__ostream_type = std::basic_ostream<char>][m[K’
[1.847s]   170 |       [01;36m[Koperator[m[K<<(unsigned long __n)
[1.847s]       |       [01;36m[K^~~~~~~~[m[K
[1.847s] [01m[K/usr/include/c++/9/ostream:170:32:[m[K [01;36m[Knote: [m[K  no known conversion for argument 1 from ‘[01m[Knav_msgs::msg::OccupancyGrid_<std::allocator<void> >::_info_type[m[K’ {aka ‘[01m[Knav_msgs::msg::MapMetaData_<std::allocator<void> >[m[K’} to ‘[01m[Klong unsigned int[m[K’
[1.847s]   170 |       operator<<([01;36m[Kunsigned long __n[m[K)
[1.847s]       |                  [01;36m[K~~~~~~~~~~~~~~^~~[m[K
[1.848s] [01m[K/usr/include/c++/9/ostream:174:7:[m[K [01;36m[Knote: [m[Kcandidate: ‘[01m[Kstd::basic_ostream<_CharT, _Traits>::__ostream_type& std::basic_ostream<_CharT, _Traits>::operator<<(bool) [with _CharT = char; _Traits = std::char_traits<char>; std::basic_ostream<_CharT, _Traits>::__ostream_type = std::basic_ostream<char>][m[K’
[1.848s]   174 |       [01;36m[Koperator[m[K<<(bool __n)
[1.848s]       |       [01;36m[K^~~~~~~~[m[K
[1.848s] [01m[K/usr/include/c++/9/ostream:174:23:[m[K [01;36m[Knote: [m[K  no known conversion for argument 1 from ‘[01m[Knav_msgs::msg::OccupancyGrid_<std::allocator<void> >::_info_type[m[K’ {aka ‘[01m[Knav_msgs::msg::MapMetaData_<std::allocator<void> >[m[K’} to ‘[01m[Kbool[m[K’
[1.848s]   174 |       operator<<([01;36m[Kbool __n[m[K)
[1.848s]       |                  [01;36m[K~~~~~^~~[m[K
[1.848s] In file included from [01m[K/usr/include/c++/9/ostream:702[m[K,
[1.848s]                  from [01m[K/usr/include/c++/9/iostream:39[m[K,
[1.848s]                  from [01m[K/opt/ros/foxy/include/rclcpp/executor.hpp:22[m[K,
[1.848s]                  from [01m[K/opt/ros/foxy/include/rclcpp/executors/multi_threaded_executor.hpp:26[m[K,
[1.848s]                  from [01m[K/opt/ros/foxy/include/rclcpp/executors.hpp:21[m[K,
[1.848s]                  from [01m[K/opt/ros/foxy/include/rclcpp/rclcpp.hpp:146[m[K,
[1.848s]                  from [01m[K/home/admin/Desktop/Project180/src/robotpatrol/src/testnavigator.cpp:17[m[K:
[1.848s] [01m[K/usr/include/c++/9/bits/ostream.tcc:91:5:[m[K [01;36m[Knote: [m[Kcandidate: ‘[01m[Kstd::basic_ostream<_CharT, _Traits>& std::basic_ostream<_CharT, _Traits>::operator<<(short int) [with _CharT = char; _Traits = std::char_traits<char>][m[K’
[1.848s]    91 |     [01;36m[Kbasic_ostream<_CharT, _Traits>[m[K::
[1.848s]       |     [01;36m[K^~~~~~~~~~~~~~~~~~~~~~~~~~~~~~[m[K
[1.848s] [01m[K/usr/include/c++/9/bits/ostream.tcc:92:22:[m[K [01;36m[Knote: [m[K  no known conversion for argument 1 from ‘[01m[Knav_msgs::msg::OccupancyGrid_<std::allocator<void> >::_info_type[m[K’ {aka ‘[01m[Knav_msgs::msg::MapMetaData_<std::allocator<void> >[m[K’} to ‘[01m[Kshort int[m[K’
[1.849s]    92 |     operator<<([01;36m[Kshort __n[m[K)
[1.849s]       |                [01;36m[K~~~~~~^~~[m[K
[1.849s] In file included from [01m[K/usr/include/c++/9/iostream:39[m[K,
[1.849s]                  from [01m[K/opt/ros/foxy/include/rclcpp/executor.hpp:22[m[K,
[1.849s]                  from [01m[K/opt/ros/foxy/include/rclcpp/executors/multi_threaded_executor.hpp:26[m[K,
[1.849s]                  from [01m[K/opt/ros/foxy/include/rclcpp/executors.hpp:21[m[K,
[1.849s]                  from [01m[K/opt/ros/foxy/include/rclcpp/rclcpp.hpp:146[m[K,
[1.849s]                  from [01m[K/home/admin/Desktop/Project180/src/robotpatrol/src/testnavigator.cpp:17[m[K:
[1.849s] [01m[K/usr/include/c++/9/ostream:181:7:[m[K [01;36m[Knote: [m[Kcandidate: ‘[01m[Kstd::basic_ostream<_CharT, _Traits>::__ostream_type& std::basic_ostream<_CharT, _Traits>::operator<<(short unsigned int) [with _CharT = char; _Traits = std::char_traits<char>; std::basic_ostream<_CharT, _Traits>::__ostream_type = std::basic_ostream<char>][m[K’
[1.849s]   181 |       [01;36m[Koperator[m[K<<(unsigned short __n)
[1.849s]       |       [01;36m[K^~~~~~~~[m[K
[1.849s] [01m[K/usr/include/c++/9/ostream:181:33:[m[K [01;36m[Knote: [m[K  no known conversion for argument 1 from ‘[01m[Knav_msgs::msg::OccupancyGrid_<std::allocator<void> >::_info_type[m[K’ {aka ‘[01m[Knav_msgs::msg::MapMetaData_<std::allocator<void> >[m[K’} to ‘[01m[Kshort unsigned int[m[K’
[1.849s]   181 |       operator<<([01;36m[Kunsigned short __n[m[K)
[1.849s]       |                  [01;36m[K~~~~~~~~~~~~~~~^~~[m[K
[1.849s] In file included from [01m[K/usr/include/c++/9/ostream:702[m[K,
[1.849s]                  from [01m[K/usr/include/c++/9/iostream:39[m[K,
[1.850s]                  from [01m[K/opt/ros/foxy/include/rclcpp/executor.hpp:22[m[K,
[1.850s]                  from [01m[K/opt/ros/foxy/include/rclcpp/executors/multi_threaded_executor.hpp:26[m[K,
[1.850s]                  from [01m[K/opt/ros/foxy/include/rclcpp/executors.hpp:21[m[K,
[1.850s]                  from [01m[K/opt/ros/foxy/include/rclcpp/rclcpp.hpp:146[m[K,
[1.850s]                  from [01m[K/home/admin/Desktop/Project180/src/robotpatrol/src/testnavigator.cpp:17[m[K:
[1.850s] [01m[K/usr/include/c++/9/bits/ostream.tcc:105:5:[m[K [01;36m[Knote: [m[Kcandidate: ‘[01m[Kstd::basic_ostream<_CharT, _Traits>& std::basic_ostream<_CharT, _Traits>::operator<<(int) [with _CharT = char; _Traits = std::char_traits<char>][m[K’
[1.850s]   105 |     [01;36m[Kbasic_ostream<_CharT, _Traits>[m[K::
[1.850s]       |     [01;36m[K^~~~~~~~~~~~~~~~~~~~~~~~~~~~~~[m[K
[1.850s] [01m[K/usr/include/c++/9/bits/ostream.tcc:106:20:[m[K [01;36m[Knote: [m[K  no known conversion for argument 1 from ‘[01m[Knav_msgs::msg::OccupancyGrid_<std::allocator<void> >::_info_type[m[K’ {aka ‘[01m[Knav_msgs::msg::MapMetaData_<std::allocator<void> >[m[K’} to ‘[01m[Kint[m[K’
[1.850s]   106 |     operator<<([01;36m[Kint __n[m[K)
[1.850s]       |                [01;36m[K~~~~^~~[m[K
[1.850s] In file included from [01m[K/usr/include/c++/9/iostream:39[m[K,
[1.850s]                  from [01m[K/opt/ros/foxy/include/rclcpp/executor.hpp:22[m[K,
[1.850s]                  from [01m[K/opt/ros/foxy/include/rclcpp/executors/multi_threaded_executor.hpp:26[m[K,
[1.850s]                  from [01m[K/opt/ros/foxy/include/rclcpp/executors.hpp:21[m[K,
[1.850s]                  from [01m[K/opt/ros/foxy/include/rclcpp/rclcpp.hpp:146[m[K,
[1.851s]                  from [01m[K/home/admin/Desktop/Project180/src/robotpatrol/src/testnavigator.cpp:17[m[K:
[1.851s] [01m[K/usr/include/c++/9/ostream:192:7:[m[K [01;36m[Knote: [m[Kcandidate: ‘[01m[Kstd::basic_ostream<_CharT, _Traits>::__ostream_type& std::basic_ostream<_CharT, _Traits>::operator<<(unsigned int) [with _CharT = char; _Traits = std::char_traits<char>; std::basic_ostream<_CharT, _Traits>::__ostream_type = std::basic_ostream<char>][m[K’
[1.851s]   192 |       [01;36m[Koperator[m[K<<(unsigned int __n)
[1.851s]       |       [01;36m[K^~~~~~~~[m[K
[1.851s] [01m[K/usr/include/c++/9/ostream:192:31:[m[K [01;36m[Knote: [m[K  no known conversion for argument 1 from ‘[01m[Knav_msgs::msg::OccupancyGrid_<std::allocator<void> >::_info_type[m[K’ {aka ‘[01m[Knav_msgs::msg::MapMetaData_<std::allocator<void> >[m[K’} to ‘[01m[Kunsigned int[m[K’
[1.851s]   192 |       operator<<([01;36m[Kunsigned int __n[m[K)
[1.851s]       |                  [01;36m[K~~~~~~~~~~~~~^~~[m[K
[1.851s] [01m[K/usr/include/c++/9/ostream:201:7:[m[K [01;36m[Knote: [m[Kcandidate: ‘[01m[Kstd::basic_ostream<_CharT, _Traits>::__ostream_type& std::basic_ostream<_CharT, _Traits>::operator<<(long long int) [with _CharT = char; _Traits = std::char_traits<char>; std::basic_ostream<_CharT, _Traits>::__ostream_type = std::basic_ostream<char>][m[K’
[1.851s]   201 |       [01;36m[Koperator[m[K<<(long long __n)
[1.851s]       |       [01;36m[K^~~~~~~~[m[K
[1.851s] [01m[K/usr/include/c++/9/ostream:201:28:[m[K [01;36m[Knote: [m[K  no known conversion for argument 1 from ‘[01m[Knav_msgs::msg::OccupancyGrid_<std::allocator<void> >::_info_type[m[K’ {aka ‘[01m[Knav_msgs::msg::MapMetaData_<std::allocator<void> >[m[K’} to ‘[01m[Klong long int[m[K’
[1.851s]   201 |       operator<<([01;36m[Klong long __n[m[K)
[1.851s]       |                  [01;36m[K~~~~~~~~~~^~~[m[K
[1.852s] [01m[K/usr/include/c++/9/ostream:205:7:[m[K [01;36m[Knote: [m[Kcandidate: ‘[01m[Kstd::basic_ostream<_CharT, _Traits>::__ostream_type& std::basic_ostream<_CharT, _Traits>::operator<<(long long unsigned int) [with _CharT = char; _Traits = std::char_traits<char>; std::basic_ostream<_CharT, _Traits>::__ostream_type = std::basic_ostream<char>][m[K’
[1.852s]   205 |       [01;36m[Koperator[m[K<<(unsigned long long __n)
[1.852s]       |       [01;36m[K^~~~~~~~[m[K
[1.853s] [01m[K/usr/include/c++/9/ostream:205:37:[m[K [01;36m[Knote: [m[K  no known conversion for argument 1 from ‘[01m[Knav_msgs::msg::OccupancyGrid_<std::allocator<void> >::_info_type[m[K’ {aka ‘[01m[Knav_msgs::msg::MapMetaData_<std::allocator<void> >[m[K’} to ‘[01m[Klong long unsigned int[m[K’
[1.853s]   205 |       operator<<([01;36m[Kunsigned long long __n[m[K)
[1.853s]       |                  [01;36m[K~~~~~~~~~~~~~~~~~~~^~~[m[K
[1.853s] [01m[K/usr/include/c++/9/ostream:220:7:[m[K [01;36m[Knote: [m[Kcandidate: ‘[01m[Kstd::basic_ostream<_CharT, _Traits>::__ostream_type& std::basic_ostream<_CharT, _Traits>::operator<<(double) [with _CharT = char; _Traits = std::char_traits<char>; std::basic_ostream<_CharT, _Traits>::__ostream_type = std::basic_ostream<char>][m[K’
[1.853s]   220 |       [01;36m[Koperator[m[K<<(double __f)
[1.853s]       |       [01;36m[K^~~~~~~~[m[K
[1.853s] [01m[K/usr/include/c++/9/ostream:220:25:[m[K [01;36m[Knote: [m[K  no known conversion for argument 1 from ‘[01m[Knav_msgs::msg::OccupancyGrid_<std::allocator<void> >::_info_type[m[K’ {aka ‘[01m[Knav_msgs::msg::MapMetaData_<std::allocator<void> >[m[K’} to ‘[01m[Kdouble[m[K’
[1.853s]   220 |       operator<<([01;36m[Kdouble __f[m[K)
[1.853s]       |                  [01;36m[K~~~~~~~^~~[m[K
[1.853s] [01m[K/usr/include/c++/9/ostream:224:7:[m[K [01;36m[Knote: [m[Kcandidate: ‘[01m[Kstd::basic_ostream<_CharT, _Traits>::__ostream_type& std::basic_ostream<_CharT, _Traits>::operator<<(float) [with _CharT = char; _Traits = std::char_traits<char>; std::basic_ostream<_CharT, _Traits>::__ostream_type = std::basic_ostream<char>][m[K’
[1.853s]   224 |       [01;36m[Koperator[m[K<<(float __f)
[1.853s]       |       [01;36m[K^~~~~~~~[m[K
[1.853s] [01m[K/usr/include/c++/9/ostream:224:24:[m[K [01;36m[Knote: [m[K  no known conversion for argument 1 from ‘[01m[Knav_msgs::msg::OccupancyGrid_<std::allocator<void> >::_info_type[m[K’ {aka ‘[01m[Knav_msgs::msg::MapMetaData_<std::allocator<void> >[m[K’} to ‘[01m[Kfloat[m[K’
[1.853s]   224 |       operator<<([01;36m[Kfloat __f[m[K)
[1.853s]       |                  [01;36m[K~~~~~~^~~[m[K
[1.853s] [01m[K/usr/include/c++/9/ostream:232:7:[m[K [01;36m[Knote: [m[Kcandidate: ‘[01m[Kstd::basic_ostream<_CharT, _Traits>::__ostream_type& std::basic_ostream<_CharT, _Traits>::operator<<(long double) [with _CharT = char; _Traits = std::char_traits<char>; std::basic_ostream<_CharT, _Traits>::__ostream_type = std::basic_ostream<char>][m[K’
[1.853s]   232 |       [01;36m[Koperator[m[K<<(long double __f)
[1.854s]       |       [01;36m[K^~~~~~~~[m[K
[1.854s] [01m[K/usr/include/c++/9/ostream:232:30:[m[K [01;36m[Knote: [m[K  no known conversion for argument 1 from ‘[01m[Knav_msgs::msg::OccupancyGrid_<std::allocator<void> >::_info_type[m[K’ {aka ‘[01m[Knav_msgs::msg::MapMetaData_<std::allocator<void> >[m[K’} to ‘[01m[Klong double[m[K’
[1.854s]   232 |       operator<<([01;36m[Klong double __f[m[K)
[1.854s]       |                  [01;36m[K~~~~~~~~~~~~^~~[m[K
[1.854s] [01m[K/usr/include/c++/9/ostream:245:7:[m[K [01;36m[Knote: [m[Kcandidate: ‘[01m[Kstd::basic_ostream<_CharT, _Traits>::__ostream_type& std::basic_ostream<_CharT, _Traits>::operator<<(const void*) [with _CharT = char; _Traits = std::char_traits<char>; std::basic_ostream<_CharT, _Traits>::__ostream_type = std::basic_ostream<char>][m[K’
[1.854s]   245 |       [01;36m[Koperator[m[K<<(const void* __p)
[1.854s]       |       [01;36m[K^~~~~~~~[m[K
[1.854s] [01m[K/usr/include/c++/9/ostream:245:30:[m[K [01;36m[Knote: [m[K  no known conversion for argument 1 from ‘[01m[Knav_msgs::msg::OccupancyGrid_<std::allocator<void> >::_info_type[m[K’ {aka ‘[01m[Knav_msgs::msg::MapMetaData_<std::allocator<void> >[m[K’} to ‘[01m[Kconst void*[m[K’
[1.854s]   245 |       operator<<([01;36m[Kconst void* __p[m[K)
[1.854s]       |                  [01;36m[K~~~~~~~~~~~~^~~[m[K
[1.854s] In file included from [01m[K/usr/include/c++/9/ostream:702[m[K,
[1.854s]                  from [01m[K/usr/include/c++/9/iostream:39[m[K,
[1.854s]                  from [01m[K/opt/ros/foxy/include/rclcpp/executor.hpp:22[m[K,
[1.854s]                  from [01m[K/opt/ros/foxy/include/rclcpp/executors/multi_threaded_executor.hpp:26[m[K,
[1.854s]                  from [01m[K/opt/ros/foxy/include/rclcpp/executors.hpp:21[m[K,
[1.855s]                  from [01m[K/opt/ros/foxy/include/rclcpp/rclcpp.hpp:146[m[K,
[1.855s]                  from [01m[K/home/admin/Desktop/Project180/src/robotpatrol/src/testnavigator.cpp:17[m[K:
[1.855s] [01m[K/usr/include/c++/9/bits/ostream.tcc:119:5:[m[K [01;36m[Knote: [m[Kcandidate: ‘[01m[Kstd::basic_ostream<_CharT, _Traits>& std::basic_ostream<_CharT, _Traits>::operator<<(std::basic_ostream<_CharT, _Traits>::__streambuf_type*) [with _CharT = char; _Traits = std::char_traits<char>; std::basic_ostream<_CharT, _Traits>::__streambuf_type = std::basic_streambuf<char>][m[K’
[1.855s]   119 |     [01;36m[Kbasic_ostream<_CharT, _Traits>[m[K::
[1.855s]       |     [01;36m[K^~~~~~~~~~~~~~~~~~~~~~~~~~~~~~[m[K
[1.855s] [01m[K/usr/include/c++/9/bits/ostream.tcc:120:34:[m[K [01;36m[Knote: [m[K  no known conversion for argument 1 from ‘[01m[Knav_msgs::msg::OccupancyGrid_<std::allocator<void> >::_info_type[m[K’ {aka ‘[01m[Knav_msgs::msg::MapMetaData_<std::allocator<void> >[m[K’} to ‘[01m[Kstd::basic_ostream<char>::__streambuf_type*[m[K’ {aka ‘[01m[Kstd::basic_streambuf<char>*[m[K’}
[1.855s]   120 |     operator<<([01;36m[K__streambuf_type* __sbin[m[K)
[1.855s]       |                [01;36m[K~~~~~~~~~~~~~~~~~~^~~~~~[m[K
[1.855s] In file included from [01m[K/usr/include/c++/9/string:55[m[K,
[1.855s]                  from [01m[K/usr/include/c++/9/stdexcept:39[m[K,
[1.855s]                  from [01m[K/usr/include/c++/9/array:39[m[K,
[1.855s]                  from [01m[K/usr/include/c++/9/tuple:39[m[K,
[1.855s]                  from [01m[K/usr/include/c++/9/bits/unique_ptr.h:37[m[K,
[1.855s]                  from [01m[K/usr/include/c++/9/memory:80[m[K,
[1.855s]                  from [01m[K/opt/ros/foxy/include/rclcpp/rclcpp.hpp:144[m[K,
[1.855s]                  from [01m[K/home/admin/Desktop/Project180/src/robotpatrol/src/testnavigator.cpp:17[m[K:
[1.856s] [01m[K/usr/include/c++/9/bits/basic_string.h:6419:5:[m[K [01;36m[Knote: [m[Kcandidate: ‘[01m[Ktemplate<class _CharT, class _Traits, class _Alloc> std::basic_ostream<_CharT, _Traits>& std::operator<<(std::basic_ostream<_CharT, _Traits>&, const std::__cxx11::basic_string<_CharT, _Traits, _Alloc>&)[m[K’
[1.856s]  6419 |     [01;36m[Koperator[m[K<<(basic_ostream<_CharT, _Traits>& __os,
[1.856s]       |     [01;36m[K^~~~~~~~[m[K
[1.856s] [01m[K/usr/include/c++/9/bits/basic_string.h:6419:5:[m[K [01;36m[Knote: [m[K  template argument deduction/substitution failed:
[1.856s] [01m[K/home/admin/Desktop/Project180/src/robotpatrol/src/testnavigator.cpp:34:19:[m[K [01;36m[Knote: [m[K  ‘[01m[Knav_msgs::msg::OccupancyGrid_<std::allocator<void> >::_info_type[m[K’ {aka ‘[01m[Knav_msgs::msg::MapMetaData_<std::allocator<void> >[m[K’} is not derived from ‘[01m[Kconst std::__cxx11::basic_string<_CharT, _Traits, _Alloc>[m[K’
[1.856s]    34 |   std::cout<<msg->[01;36m[Kinfo[m[K<<std:end;
[1.856s]       |                   [01;36m[K^~~~[m[K
[1.856s] In file included from [01m[K/usr/include/c++/9/memory:81[m[K,
[1.856s]                  from [01m[K/opt/ros/foxy/include/rclcpp/rclcpp.hpp:144[m[K,
[1.856s]                  from [01m[K/home/admin/Desktop/Project180/src/robotpatrol/src/testnavigator.cpp:17[m[K:
[1.856s] [01m[K/usr/include/c++/9/bits/shared_ptr.h:66:5:[m[K [01;36m[Knote: [m[Kcandidate: ‘[01m[Ktemplate<class _Ch, class _Tr, class _Tp, __gnu_cxx::_Lock_policy _Lp> std::basic_ostream<_CharT, _Traits>& std::operator<<(std::basic_ostream<_CharT, _Traits>&, const std::__shared_ptr<_Tp, _Lp>&)[m[K’
[1.856s]    66 |     [01;36m[Koperator[m[K<<(std::basic_ostream<_Ch, _Tr>& __os,
[1.856s]       |     [01;36m[K^~~~~~~~[m[K
[1.856s] [01m[K/usr/include/c++/9/bits/shared_ptr.h:66:5:[m[K [01;36m[Knote: [m[K  template argument deduction/substitution failed:
[1.856s] [01m[K/home/admin/Desktop/Project180/src/robotpatrol/src/testnavigator.cpp:34:19:[m[K [01;36m[Knote: [m[K  ‘[01m[Knav_msgs::msg::OccupancyGrid_<std::allocator<void> >::_info_type[m[K’ {aka ‘[01m[Knav_msgs::msg::MapMetaData_<std::allocator<void> >[m[K’} is not derived from ‘[01m[Kconst std::__shared_ptr<_Tp, _Lp>[m[K’
[1.856s]    34 |   std::cout<<msg->[01;36m[Kinfo[m[K<<std:end;
[1.856s]       |                   [01;36m[K^~~~[m[K
[1.856s] In file included from [01m[K/usr/include/c++/9/mutex:42[m[K,
[1.857s]                  from [01m[K/usr/include/c++/9/future:38[m[K,
[1.857s]                  from [01m[K/opt/ros/foxy/include/rclcpp/executors.hpp:18[m[K,
[1.857s]                  from [01m[K/opt/ros/foxy/include/rclcpp/rclcpp.hpp:146[m[K,
[1.857s]                  from [01m[K/home/admin/Desktop/Project180/src/robotpatrol/src/testnavigator.cpp:17[m[K:
[1.857s] [01m[K/usr/include/c++/9/system_error:217:5:[m[K [01;36m[Knote: [m[Kcandidate: ‘[01m[Ktemplate<class _CharT, class _Traits> std::basic_ostream<_CharT, _Traits>& std::operator<<(std::basic_ostream<_CharT, _Traits>&, const std::error_code&)[m[K’
[1.857s]   217 |     [01;36m[Koperator[m[K<<(basic_ostream<_CharT, _Traits>& __os, const error_code& __e)
[1.857s]       |     [01;36m[K^~~~~~~~[m[K
[1.857s] [01m[K/usr/include/c++/9/system_error:217:5:[m[K [01;36m[Knote: [m[K  template argument deduction/substitution failed:
[1.857s] [01m[K/home/admin/Desktop/Project180/src/robotpatrol/src/testnavigator.cpp:34:19:[m[K [01;36m[Knote: [m[K  cannot convert ‘[01m[K((const std::__shared_ptr_access<nav_msgs::msg::OccupancyGrid_<std::allocator<void> >, __gnu_cxx::_S_atomic, false, false>*)(& msg))->std::__shared_ptr_access<nav_msgs::msg::OccupancyGrid_<std::allocator<void> >, __gnu_cxx::_S_atomic, false, false>::operator->()->nav_msgs::msg::OccupancyGrid_<std::allocator<void> >::info[m[K’ (type ‘[01m[Knav_msgs::msg::OccupancyGrid_<std::allocator<void> >::_info_type[m[K’ {aka ‘[01m[Knav_msgs::msg::MapMetaData_<std::allocator<void> >[m[K’}) to type ‘[01m[Kconst std::error_code&[m[K’
[1.857s]    34 |   std::cout<<[01;36m[Kmsg->info[m[K<<std:end;
[1.857s]       |              [01;36m[K~~~~~^~~~[m[K
[1.857s] In file included from [01m[K/usr/include/c++/9/future:39[m[K,
[1.858s]                  from [01m[K/opt/ros/foxy/include/rclcpp/executors.hpp:18[m[K,
[1.858s]                  from [01m[K/opt/ros/foxy/include/rclcpp/rclcpp.hpp:146[m[K,
[1.858s]                  from [01m[K/home/admin/Desktop/Project180/src/robotpatrol/src/testnavigator.cpp:17[m[K:
[1.858s] [01m[K/usr/include/c++/9/thread:322:5:[m[K [01;36m[Knote: [m[Kcandidate: ‘[01m[Ktemplate<class _CharT, class _Traits> std::basic_ostream<_CharT, _Traits>& std::operator<<(std::basic_ostream<_CharT, _Traits>&, std::thread::id)[m[K’
[1.858s]   322 |     [01;36m[Koperator[m[K<<(basic_ostream<_CharT, _Traits>& __out, thread::id __id)
[1.858s]       |     [01;36m[K^~~~~~~~[m[K
[1.858s] [01m[K/usr/include/c++/9/thread:322:5:[m[K [01;36m[Knote: [m[K  template argument deduction/substitution failed:
[1.858s] [01m[K/home/admin/Desktop/Project180/src/robotpatrol/src/testnavigator.cpp:34:19:[m[K [01;36m[Knote: [m[K  cannot convert ‘[01m[K((const std::__shared_ptr_access<nav_msgs::msg::OccupancyGrid_<std::allocator<void> >, __gnu_cxx::_S_atomic, false, false>*)(& msg))->std::__shared_ptr_access<nav_msgs::msg::OccupancyGrid_<std::allocator<void> >, __gnu_cxx::_S_atomic, false, false>::operator->()->nav_msgs::msg::OccupancyGrid_<std::allocator<void> >::info[m[K’ (type ‘[01m[Knav_msgs::msg::OccupancyGrid_<std::allocator<void> >::_info_type[m[K’ {aka ‘[01m[Knav_msgs::msg::MapMetaData_<std::allocator<void> >[m[K’}) to type ‘[01m[Kstd::thread::id[m[K’
[1.858s]    34 |   std::cout<<[01;36m[Kmsg->info[m[K<<std:end;
[1.858s]       |              [01;36m[K~~~~~^~~~[m[K
[1.858s] In file included from [01m[K/usr/include/c++/9/iostream:39[m[K,
[1.858s]                  from [01m[K/opt/ros/foxy/include/rclcpp/executor.hpp:22[m[K,
[1.858s]                  from [01m[K/opt/ros/foxy/include/rclcpp/executors/multi_threaded_executor.hpp:26[m[K,
[1.858s]                  from [01m[K/opt/ros/foxy/include/rclcpp/executors.hpp:21[m[K,
[1.858s]                  from [01m[K/opt/ros/foxy/include/rclcpp/rclcpp.hpp:146[m[K,
[1.858s]                  from [01m[K/home/admin/Desktop/Project180/src/robotpatrol/src/testnavigator.cpp:17[m[K:
[1.859s] [01m[K/usr/include/c++/9/ostream:506:5:[m[K [01;36m[Knote: [m[Kcandidate: ‘[01m[Ktemplate<class _CharT, class _Traits> std::basic_ostream<_CharT, _Traits>& std::operator<<(std::basic_ostream<_CharT, _Traits>&, _CharT)[m[K’
[1.859s]   506 |     [01;36m[Koperator[m[K<<(basic_ostream<_CharT, _Traits>& __out, _CharT __c)
[1.859s]       |     [01;36m[K^~~~~~~~[m[K
[1.859s] [01m[K/usr/include/c++/9/ostream:506:5:[m[K [01;36m[Knote: [m[K  template argument deduction/substitution failed:
[1.859s] [01m[K/home/admin/Desktop/Project180/src/robotpatrol/src/testnavigator.cpp:34:19:[m[K [01;36m[Knote: [m[K  deduced conflicting types for parameter ‘[01m[K_CharT[m[K’ (‘[01m[Kchar[m[K’ and ‘[01m[Knav_msgs::msg::MapMetaData_<std::allocator<void> >[m[K’)
[1.859s]    34 |   std::cout<<msg->[01;36m[Kinfo[m[K<<std:end;
[1.859s]       |                   [01;36m[K^~~~[m[K
[1.859s] In file included from [01m[K/usr/include/c++/9/iostream:39[m[K,
[1.859s]                  from [01m[K/opt/ros/foxy/include/rclcpp/executor.hpp:22[m[K,
[1.859s]                  from [01m[K/opt/ros/foxy/include/rclcpp/executors/multi_threaded_executor.hpp:26[m[K,
[1.859s]                  from [01m[K/opt/ros/foxy/include/rclcpp/executors.hpp:21[m[K,
[1.859s]                  from [01m[K/opt/ros/foxy/include/rclcpp/rclcpp.hpp:146[m[K,
[1.859s]                  from [01m[K/home/admin/Desktop/Project180/src/robotpatrol/src/testnavigator.cpp:17[m[K:
[1.859s] [01m[K/usr/include/c++/9/ostream:511:5:[m[K [01;36m[Knote: [m[Kcandidate: ‘[01m[Ktemplate<class _CharT, class _Traits> std::basic_ostream<_CharT, _Traits>& std::operator<<(std::basic_ostream<_CharT, _Traits>&, char)[m[K’
[1.859s]   511 |     [01;36m[Koperator[m[K<<(basic_ostream<_CharT, _Traits>& __out, char __c)
[1.859s]       |     [01;36m[K^~~~~~~~[m[K
[1.859s] [01m[K/usr/include/c++/9/ostream:511:5:[m[K [01;36m[Knote: [m[K  template argument deduction/substitution failed:
[1.859s] [01m[K/home/admin/Desktop/Project180/src/robotpatrol/src/testnavigator.cpp:34:19:[m[K [01;36m[Knote: [m[K  cannot convert ‘[01m[K((const std::__shared_ptr_access<nav_msgs::msg::OccupancyGrid_<std::allocator<void> >, __gnu_cxx::_S_atomic, false, false>*)(& msg))->std::__shared_ptr_access<nav_msgs::msg::OccupancyGrid_<std::allocator<void> >, __gnu_cxx::_S_atomic, false, false>::operator->()->nav_msgs::msg::OccupancyGrid_<std::allocator<void> >::info[m[K’ (type ‘[01m[Knav_msgs::msg::OccupancyGrid_<std::allocator<void> >::_info_type[m[K’ {aka ‘[01m[Knav_msgs::msg::MapMetaData_<std::allocator<void> >[m[K’}) to type ‘[01m[Kchar[m[K’
[1.860s]    34 |   std::cout<<[01;36m[Kmsg->info[m[K<<std:end;
[1.860s]       |              [01;36m[K~~~~~^~~~[m[K
[1.860s] In file included from [01m[K/usr/include/c++/9/iostream:39[m[K,
[1.860s]                  from [01m[K/opt/ros/foxy/include/rclcpp/executor.hpp:22[m[K,
[1.860s]                  from [01m[K/opt/ros/foxy/include/rclcpp/executors/multi_threaded_executor.hpp:26[m[K,
[1.860s]                  from [01m[K/opt/ros/foxy/include/rclcpp/executors.hpp:21[m[K,
[1.860s]                  from [01m[K/opt/ros/foxy/include/rclcpp/rclcpp.hpp:146[m[K,
[1.860s]                  from [01m[K/home/admin/Desktop/Project180/src/robotpatrol/src/testnavigator.cpp:17[m[K:
[1.860s] [01m[K/usr/include/c++/9/ostream:517:5:[m[K [01;36m[Knote: [m[Kcandidate: ‘[01m[Ktemplate<class _Traits> std::basic_ostream<char, _Traits>& std::operator<<(std::basic_ostream<char, _Traits>&, char)[m[K’
[1.860s]   517 |     [01;36m[Koperator[m[K<<(basic_ostream<char, _Traits>& __out, char __c)
[1.860s]       |     [01;36m[K^~~~~~~~[m[K
[1.860s] [01m[K/usr/include/c++/9/ostream:517:5:[m[K [01;36m[Knote: [m[K  template argument deduction/substitution failed:
[1.860s] [01m[K/home/admin/Desktop/Project180/src/robotpatrol/src/testnavigator.cpp:34:19:[m[K [01;36m[Knote: [m[K  cannot convert ‘[01m[K((const std::__shared_ptr_access<nav_msgs::msg::OccupancyGrid_<std::allocator<void> >, __gnu_cxx::_S_atomic, false, false>*)(& msg))->std::__shared_ptr_access<nav_msgs::msg::OccupancyGrid_<std::allocator<void> >, __gnu_cxx::_S_atomic, false, false>::operator->()->nav_msgs::msg::OccupancyGrid_<std::allocator<void> >::info[m[K’ (type ‘[01m[Knav_msgs::msg::OccupancyGrid_<std::allocator<void> >::_info_type[m[K’ {aka ‘[01m[Knav_msgs::msg::MapMetaData_<std::allocator<void> >[m[K’}) to type ‘[01m[Kchar[m[K’
[1.860s]    34 |   std::cout<<[01;36m[Kmsg->info[m[K<<std:end;
[1.860s]       |              [01;36m[K~~~~~^~~~[m[K
[1.860s] In file included from [01m[K/usr/include/c++/9/iostream:39[m[K,
[1.861s]                  from [01m[K/opt/ros/foxy/include/rclcpp/executor.hpp:22[m[K,
[1.861s]                  from [01m[K/opt/ros/foxy/include/rclcpp/executors/multi_threaded_executor.hpp:26[m[K,
[1.861s]                  from [01m[K/opt/ros/foxy/include/rclcpp/executors.hpp:21[m[K,
[1.861s]                  from [01m[K/opt/ros/foxy/include/rclcpp/rclcpp.hpp:146[m[K,
[1.861s]                  from [01m[K/home/admin/Desktop/Project180/src/robotpatrol/src/testnavigator.cpp:17[m[K:
[1.861s] [01m[K/usr/include/c++/9/ostream:523:5:[m[K [01;36m[Knote: [m[Kcandidate: ‘[01m[Ktemplate<class _Traits> std::basic_ostream<char, _Traits>& std::operator<<(std::basic_ostream<char, _Traits>&, signed char)[m[K’
[1.861s]   523 |     [01;36m[Koperator[m[K<<(basic_ostream<char, _Traits>& __out, signed char __c)
[1.861s]       |     [01;36m[K^~~~~~~~[m[K
[1.861s] [01m[K/usr/include/c++/9/ostream:523:5:[m[K [01;36m[Knote: [m[K  template argument deduction/substitution failed:
[1.861s] [01m[K/home/admin/Desktop/Project180/src/robotpatrol/src/testnavigator.cpp:34:19:[m[K [01;36m[Knote: [m[K  cannot convert ‘[01m[K((const std::__shared_ptr_access<nav_msgs::msg::OccupancyGrid_<std::allocator<void> >, __gnu_cxx::_S_atomic, false, false>*)(& msg))->std::__shared_ptr_access<nav_msgs::msg::OccupancyGrid_<std::allocator<void> >, __gnu_cxx::_S_atomic, false, false>::operator->()->nav_msgs::msg::OccupancyGrid_<std::allocator<void> >::info[m[K’ (type ‘[01m[Knav_msgs::msg::OccupancyGrid_<std::allocator<void> >::_info_type[m[K’ {aka ‘[01m[Knav_msgs::msg::MapMetaData_<std::allocator<void> >[m[K’}) to type ‘[01m[Ksigned char[m[K’
[1.861s]    34 |   std::cout<<[01;36m[Kmsg->info[m[K<<std:end;
[1.861s]       |              [01;36m[K~~~~~^~~~[m[K
[1.861s] In file included from [01m[K/usr/include/c++/9/iostream:39[m[K,
[1.861s]                  from [01m[K/opt/ros/foxy/include/rclcpp/executor.hpp:22[m[K,
[1.861s]                  from [01m[K/opt/ros/foxy/include/rclcpp/executors/multi_threaded_executor.hpp:26[m[K,
[1.861s]                  from [01m[K/opt/ros/foxy/include/rclcpp/executors.hpp:21[m[K,
[1.862s]                  from [01m[K/opt/ros/foxy/include/rclcpp/rclcpp.hpp:146[m[K,
[1.862s]                  from [01m[K/home/admin/Desktop/Project180/src/robotpatrol/src/testnavigator.cpp:17[m[K:
[1.862s] [01m[K/usr/include/c++/9/ostream:528:5:[m[K [01;36m[Knote: [m[Kcandidate: ‘[01m[Ktemplate<class _Traits> std::basic_ostream<char, _Traits>& std::operator<<(std::basic_ostream<char, _Traits>&, unsigned char)[m[K’
[1.862s]   528 |     [01;36m[Koperator[m[K<<(basic_ostream<char, _Traits>& __out, unsigned char __c)
[1.862s]       |     [01;36m[K^~~~~~~~[m[K
[1.862s] [01m[K/usr/include/c++/9/ostream:528:5:[m[K [01;36m[Knote: [m[K  template argument deduction/substitution failed:
[1.862s] [01m[K/home/admin/Desktop/Project180/src/robotpatrol/src/testnavigator.cpp:34:19:[m[K [01;36m[Knote: [m[K  cannot convert ‘[01m[K((const std::__shared_ptr_access<nav_msgs::msg::OccupancyGrid_<std::allocator<void> >, __gnu_cxx::_S_atomic, false, false>*)(& msg))->std::__shared_ptr_access<nav_msgs::msg::OccupancyGrid_<std::allocator<void> >, __gnu_cxx::_S_atomic, false, false>::operator->()->nav_msgs::msg::OccupancyGrid_<std::allocator<void> >::info[m[K’ (type ‘[01m[Knav_msgs::msg::OccupancyGrid_<std::allocator<void> >::_info_type[m[K’ {aka ‘[01m[Knav_msgs::msg::MapMetaData_<std::allocator<void> >[m[K’}) to type ‘[01m[Kunsigned char[m[K’
[1.862s]    34 |   std::cout<<[01;36m[Kmsg->info[m[K<<std:end;
[1.862s]       |              [01;36m[K~~~~~^~~~[m[K
[1.862s] In file included from [01m[K/usr/include/c++/9/iostream:39[m[K,
[1.862s]                  from [01m[K/opt/ros/foxy/include/rclcpp/executor.hpp:22[m[K,
[1.862s]                  from [01m[K/opt/ros/foxy/include/rclcpp/executors/multi_threaded_executor.hpp:26[m[K,
[1.862s]                  from [01m[K/opt/ros/foxy/include/rclcpp/executors.hpp:21[m[K,
[1.862s]                  from [01m[K/opt/ros/foxy/include/rclcpp/rclcpp.hpp:146[m[K,
[1.862s]                  from [01m[K/home/admin/Desktop/Project180/src/robotpatrol/src/testnavigator.cpp:17[m[K:
[1.862s] [01m[K/usr/include/c++/9/ostream:548:5:[m[K [01;36m[Knote: [m[Kcandidate: ‘[01m[Ktemplate<class _CharT, class _Traits> std::basic_ostream<_CharT, _Traits>& std::operator<<(std::basic_ostream<_CharT, _Traits>&, const _CharT*)[m[K’
[1.862s]   548 |     [01;36m[Koperator[m[K<<(basic_ostream<_CharT, _Traits>& __out, const _CharT* __s)
[1.862s]       |     [01;36m[K^~~~~~~~[m[K
[1.862s] [01m[K/usr/include/c++/9/ostream:548:5:[m[K [01;36m[Knote: [m[K  template argument deduction/substitution failed:
[1.863s] [01m[K/home/admin/Desktop/Project180/src/robotpatrol/src/testnavigator.cpp:34:19:[m[K [01;36m[Knote: [m[K  mismatched types ‘[01m[Kconst _CharT*[m[K’ and ‘[01m[Knav_msgs::msg::MapMetaData_<std::allocator<void> >[m[K’
[1.863s]    34 |   std::cout<<msg->[01;36m[Kinfo[m[K<<std:end;
[1.863s]       |                   [01;36m[K^~~~[m[K
[1.863s] In file included from [01m[K/usr/include/c++/9/ostream:702[m[K,
[1.863s]                  from [01m[K/usr/include/c++/9/iostream:39[m[K,
[1.863s]                  from [01m[K/opt/ros/foxy/include/rclcpp/executor.hpp:22[m[K,
[1.863s]                  from [01m[K/opt/ros/foxy/include/rclcpp/executors/multi_threaded_executor.hpp:26[m[K,
[1.863s]                  from [01m[K/opt/ros/foxy/include/rclcpp/executors.hpp:21[m[K,
[1.863s]                  from [01m[K/opt/ros/foxy/include/rclcpp/rclcpp.hpp:146[m[K,
[1.863s]                  from [01m[K/home/admin/Desktop/Project180/src/robotpatrol/src/testnavigator.cpp:17[m[K:
[1.863s] [01m[K/usr/include/c++/9/bits/ostream.tcc:321:5:[m[K [01;36m[Knote: [m[Kcandidate: ‘[01m[Ktemplate<class _CharT, class _Traits> std::basic_ostream<_CharT, _Traits>& std::operator<<(std::basic_ostream<_CharT, _Traits>&, const char*)[m[K’
[1.863s]   321 |     [01;36m[Koperator[m[K<<(basic_ostream<_CharT, _Traits>& __out, const char* __s)
[1.863s]       |     [01;36m[K^~~~~~~~[m[K
[1.863s] [01m[K/usr/include/c++/9/bits/ostream.tcc:321:5:[m[K [01;36m[Knote: [m[K  template argument deduction/substitution failed:
[1.863s] [01m[K/home/admin/Desktop/Project180/src/robotpatrol/src/testnavigator.cpp:34:19:[m[K [01;36m[Knote: [m[K  cannot convert ‘[01m[K((const std::__shared_ptr_access<nav_msgs::msg::OccupancyGrid_<std::allocator<void> >, __gnu_cxx::_S_atomic, false, false>*)(& msg))->std::__shared_ptr_access<nav_msgs::msg::OccupancyGrid_<std::allocator<void> >, __gnu_cxx::_S_atomic, false, false>::operator->()->nav_msgs::msg::OccupancyGrid_<std::allocator<void> >::info[m[K’ (type ‘[01m[Knav_msgs::msg::OccupancyGrid_<std::allocator<void> >::_info_type[m[K’ {aka ‘[01m[Knav_msgs::msg::MapMetaData_<std::allocator<void> >[m[K’}) to type ‘[01m[Kconst char*[m[K’
[1.863s]    34 |   std::cout<<[01;36m[Kmsg->info[m[K<<std:end;
[1.863s]       |              [01;36m[K~~~~~^~~~[m[K
[1.863s] In file included from [01m[K/usr/include/c++/9/iostream:39[m[K,
[1.864s]                  from [01m[K/opt/ros/foxy/include/rclcpp/executor.hpp:22[m[K,
[1.864s]                  from [01m[K/opt/ros/foxy/include/rclcpp/executors/multi_threaded_executor.hpp:26[m[K,
[1.864s]                  from [01m[K/opt/ros/foxy/include/rclcpp/executors.hpp:21[m[K,
[1.864s]                  from [01m[K/opt/ros/foxy/include/rclcpp/rclcpp.hpp:146[m[K,
[1.864s]                  from [01m[K/home/admin/Desktop/Project180/src/robotpatrol/src/testnavigator.cpp:17[m[K:
[1.864s] [01m[K/usr/include/c++/9/ostream:565:5:[m[K [01;36m[Knote: [m[Kcandidate: ‘[01m[Ktemplate<class _Traits> std::basic_ostream<char, _Traits>& std::operator<<(std::basic_ostream<char, _Traits>&, const char*)[m[K’
[1.864s]   565 |     [01;36m[Koperator[m[K<<(basic_ostream<char, _Traits>& __out, const char* __s)
[1.864s]       |     [01;36m[K^~~~~~~~[m[K
[1.864s] [01m[K/usr/include/c++/9/ostream:565:5:[m[K [01;36m[Knote: [m[K  template argument deduction/substitution failed:
[1.864s] [01m[K/home/admin/Desktop/Project180/src/robotpatrol/src/testnavigator.cpp:34:19:[m[K [01;36m[Knote: [m[K  cannot convert ‘[01m[K((const std::__shared_ptr_access<nav_msgs::msg::OccupancyGrid_<std::allocator<void> >, __gnu_cxx::_S_atomic, false, false>*)(& msg))->std::__shared_ptr_access<nav_msgs::msg::OccupancyGrid_<std::allocator<void> >, __gnu_cxx::_S_atomic, false, false>::operator->()->nav_msgs::msg::OccupancyGrid_<std::allocator<void> >::info[m[K’ (type ‘[01m[Knav_msgs::msg::OccupancyGrid_<std::allocator<void> >::_info_type[m[K’ {aka ‘[01m[Knav_msgs::msg::MapMetaData_<std::allocator<void> >[m[K’}) to type ‘[01m[Kconst char*[m[K’
[1.864s]    34 |   std::cout<<[01;36m[Kmsg->info[m[K<<std:end;
[1.864s]       |              [01;36m[K~~~~~^~~~[m[K
[1.864s] In file included from [01m[K/usr/include/c++/9/iostream:39[m[K,
[1.864s]                  from [01m[K/opt/ros/foxy/include/rclcpp/executor.hpp:22[m[K,
[1.864s]                  from [01m[K/opt/ros/foxy/include/rclcpp/executors/multi_threaded_executor.hpp:26[m[K,
[1.864s]                  from [01m[K/opt/ros/foxy/include/rclcpp/executors.hpp:21[m[K,
[1.864s]                  from [01m[K/opt/ros/foxy/include/rclcpp/rclcpp.hpp:146[m[K,
[1.864s]                  from [01m[K/home/admin/Desktop/Project180/src/robotpatrol/src/testnavigator.cpp:17[m[K:
[1.865s] [01m[K/usr/include/c++/9/ostream:578:5:[m[K [01;36m[Knote: [m[Kcandidate: ‘[01m[Ktemplate<class _Traits> std::basic_ostream<char, _Traits>& std::operator<<(std::basic_ostream<char, _Traits>&, const signed char*)[m[K’
[1.865s]   578 |     [01;36m[Koperator[m[K<<(basic_ostream<char, _Traits>& __out, const signed char* __s)
[1.865s]       |     [01;36m[K^~~~~~~~[m[K
[1.865s] [01m[K/usr/include/c++/9/ostream:578:5:[m[K [01;36m[Knote: [m[K  template argument deduction/substitution failed:
[1.865s] [01m[K/home/admin/Desktop/Project180/src/robotpatrol/src/testnavigator.cpp:34:19:[m[K [01;36m[Knote: [m[K  cannot convert ‘[01m[K((const std::__shared_ptr_access<nav_msgs::msg::OccupancyGrid_<std::allocator<void> >, __gnu_cxx::_S_atomic, false, false>*)(& msg))->std::__shared_ptr_access<nav_msgs::msg::OccupancyGrid_<std::allocator<void> >, __gnu_cxx::_S_atomic, false, false>::operator->()->nav_msgs::msg::OccupancyGrid_<std::allocator<void> >::info[m[K’ (type ‘[01m[Knav_msgs::msg::OccupancyGrid_<std::allocator<void> >::_info_type[m[K’ {aka ‘[01m[Knav_msgs::msg::MapMetaData_<std::allocator<void> >[m[K’}) to type ‘[01m[Kconst signed char*[m[K’
[1.865s]    34 |   std::cout<<[01;36m[Kmsg->info[m[K<<std:end;
[1.865s]       |              [01;36m[K~~~~~^~~~[m[K
[1.865s] In file included from [01m[K/usr/include/c++/9/iostream:39[m[K,
[1.865s]                  from [01m[K/opt/ros/foxy/include/rclcpp/executor.hpp:22[m[K,
[1.865s]                  from [01m[K/opt/ros/foxy/include/rclcpp/executors/multi_threaded_executor.hpp:26[m[K,
[1.865s]                  from [01m[K/opt/ros/foxy/include/rclcpp/executors.hpp:21[m[K,
[1.865s]                  from [01m[K/opt/ros/foxy/include/rclcpp/rclcpp.hpp:146[m[K,
[1.865s]                  from [01m[K/home/admin/Desktop/Project180/src/robotpatrol/src/testnavigator.cpp:17[m[K:
[1.865s] [01m[K/usr/include/c++/9/ostream:583:5:[m[K [01;36m[Knote: [m[Kcandidate: ‘[01m[Ktemplate<class _Traits> std::basic_ostream<char, _Traits>& std::operator<<(std::basic_ostream<char, _Traits>&, const unsigned char*)[m[K’
[1.865s]   583 |     [01;36m[Koperator[m[K<<(basic_ostream<char, _Traits>& __out, const unsigned char* __s)
[1.865s]       |     [01;36m[K^~~~~~~~[m[K
[1.865s] [01m[K/usr/include/c++/9/ostream:583:5:[m[K [01;36m[Knote: [m[K  template argument deduction/substitution failed:
[1.866s] [01m[K/home/admin/Desktop/Project180/src/robotpatrol/src/testnavigator.cpp:34:19:[m[K [01;36m[Knote: [m[K  cannot convert ‘[01m[K((const std::__shared_ptr_access<nav_msgs::msg::OccupancyGrid_<std::allocator<void> >, __gnu_cxx::_S_atomic, false, false>*)(& msg))->std::__shared_ptr_access<nav_msgs::msg::OccupancyGrid_<std::allocator<void> >, __gnu_cxx::_S_atomic, false, false>::operator->()->nav_msgs::msg::OccupancyGrid_<std::allocator<void> >::info[m[K’ (type ‘[01m[Knav_msgs::msg::OccupancyGrid_<std::allocator<void> >::_info_type[m[K’ {aka ‘[01m[Knav_msgs::msg::MapMetaData_<std::allocator<void> >[m[K’}) to type ‘[01m[Kconst unsigned char*[m[K’
[1.866s]    34 |   std::cout<<[01;36m[Kmsg->info[m[K<<std:end;
[1.866s]       |              [01;36m[K~~~~~^~~~[m[K
[1.866s] In file included from [01m[K/usr/include/c++/9/iostream:39[m[K,
[1.866s]                  from [01m[K/opt/ros/foxy/include/rclcpp/executor.hpp:22[m[K,
[1.866s]                  from [01m[K/opt/ros/foxy/include/rclcpp/executors/multi_threaded_executor.hpp:26[m[K,
[1.866s]                  from [01m[K/opt/ros/foxy/include/rclcpp/executors.hpp:21[m[K,
[1.866s]                  from [01m[K/opt/ros/foxy/include/rclcpp/rclcpp.hpp:146[m[K,
[1.866s]                  from [01m[K/home/admin/Desktop/Project180/src/robotpatrol/src/testnavigator.cpp:17[m[K:
[1.866s] [01m[K/usr/include/c++/9/ostream:691:5:[m[K [01;36m[Knote: [m[Kcandidate: ‘[01m[Ktemplate<class _Ostream, class _Tp> typename std::enable_if<std::__and_<std::__not_<std::is_lvalue_reference<_Tp> >, std::__is_convertible_to_basic_ostream<_Ostream>, std::__is_insertable<typename std::__is_convertible_to_basic_ostream<_Tp>::__ostream_type, const _Tp&, void> >::value, typename std::__is_convertible_to_basic_ostream<_Tp>::__ostream_type>::type std::operator<<(_Ostream&&, const _Tp&)[m[K’
[1.866s]   691 |     [01;36m[Koperator[m[K<<(_Ostream&& __os, const _Tp& __x)
[1.866s]       |     [01;36m[K^~~~~~~~[m[K
[1.866s] [01m[K/usr/include/c++/9/ostream:691:5:[m[K [01;36m[Knote: [m[K  template argument deduction/substitution failed:
[1.866s] /usr/include/c++/9/ostream: In substitution of ‘[01m[Ktemplate<class _Ostream, class _Tp> typename std::enable_if<std::__and_<std::__not_<std::is_lvalue_reference<_Tp> >, std::__is_convertible_to_basic_ostream<_Ostream>, std::__is_insertable<typename std::__is_convertible_to_basic_ostream<_Tp>::__ostream_type, const _Tp&, void> >::value, typename std::__is_convertible_to_basic_ostream<_Tp>::__ostream_type>::type std::operator<<(_Ostream&&, const _Tp&) [with _Ostream = std::basic_ostream<char>&; _Tp = nav_msgs::msg::MapMetaData_<std::allocator<void> >][m[K’:
[1.866s] [01m[K/home/admin/Desktop/Project180/src/robotpatrol/src/testnavigator.cpp:34:19:[m[K   required from here
[1.866s] [01m[K/usr/include/c++/9/ostream:691:5:[m[K [01;31m[Kerror: [m[Kno type named ‘[01m[Ktype[m[K’ in ‘[01m[Kstruct std::enable_if<false, std::basic_ostream<char>&>[m[K’
[1.866s] [01m[K/home/admin/Desktop/Project180/src/robotpatrol/src/testnavigator.cpp:34:28:[m[K [01;31m[Kerror: [m[Kfound ‘[01m[K:[m[K’ in nested-name-specifier, expected ‘[01m[K::[m[K’
[1.866s]    34 |   std::cout<<msg->info<<std[01;31m[K:[m[Kend;
[1.866s]       |                            [01;31m[K^[m[K
[1.867s]       |                            [32m[K::[m[K
[1.867s] [01m[K/home/admin/Desktop/Project180/src/robotpatrol/src/testnavigator.cpp:28:7:[m[K [01;35m[Kwarning: [m[Kunused variable ‘[01m[Kmap_width[m[K’ [[01;35m[K-Wunused-variable[m[K]
[1.867s]    28 |   int [01;35m[Kmap_width[m[K = msg->info.width;
[1.867s]       |       [01;35m[K^~~~~~~~~[m[K
[1.867s] [01m[K/home/admin/Desktop/Project180/src/robotpatrol/src/testnavigator.cpp:29:7:[m[K [01;35m[Kwarning: [m[Kunused variable ‘[01m[Kmap_height[m[K’ [[01;35m[K-Wunused-variable[m[K]
[1.867s]    29 |   int [01;35m[Kmap_height[m[K = msg->info.height;
[1.867s]       |       [01;35m[K^~~~~~~~~~[m[K
[1.867s] [01m[K/home/admin/Desktop/Project180/src/robotpatrol/src/testnavigator.cpp:30:9:[m[K [01;35m[Kwarning: [m[Kunused variable ‘[01m[Kmap_resolution[m[K’ [[01;35m[K-Wunused-variable[m[K]
[1.867s]    30 |   float [01;35m[Kmap_resolution[m[K = msg->info.resolution;
[1.867s]       |         [01;35m[K^~~~~~~~~~~~~~[m[K
[3.665s] make[2]: *** [CMakeFiles/testnavigation.dir/build.make:63: CMakeFiles/testnavigation.dir/src/testnavigator.cpp.o] Error 1
[3.666s] make[1]: *** [CMakeFiles/Makefile2:109: CMakeFiles/testnavigation.dir/all] Error 2
[3.669s] make: *** [Makefile:141: all] Error 2
[3.670s] Invoked command in '/home/admin/Desktop/Project180/build/robotpatrol' returned '2': CMAKE_PREFIX_PATH=${CMAKE_PREFIX_PATH}:/opt/ros/foxy /usr/bin/cmake --build /home/admin/Desktop/Project180/build/robotpatrol -- -j8 -l8
