[0.014s] Invoking command in '/home/admin/Desktop/Project180/build/robotpatrol': CMAKE_PREFIX_PATH=/opt/ros/foxy /usr/bin/cmake --build /home/admin/Desktop/Project180/build/robotpatrol -- -j8 -l8
[0.053s] [35m[1mScanning dependencies of target testnavigation[0m
[0.071s] [ 25%] Built target navigator
[0.073s] [ 62%] Built target testpackage
[0.090s] [ 75%] [32mBuilding CXX object CMakeFiles/testnavigation.dir/src/testnavigator.cpp.o[0m
[2.190s] [ 87%] [32m[1mLinking CXX executable testnavigation[0m
[2.712s] [100%] Built target testnavigation
[2.726s] Invoked command in '/home/admin/Desktop/Project180/build/robotpatrol' returned '0': CMAKE_PREFIX_PATH=/opt/ros/foxy /usr/bin/cmake --build /home/admin/Desktop/Project180/build/robotpatrol -- -j8 -l8
[2.760s] Invoking command in '/home/admin/Desktop/Project180/build/robotpatrol': CMAKE_PREFIX_PATH=/opt/ros/foxy /usr/bin/cmake --install /home/admin/Desktop/Project180/build/robotpatrol
[2.767s] -- Install configuration: ""
[2.767s] -- Up-to-date: /home/admin/Desktop/Project180/install/robotpatrol/share/robotpatrol/environment/library_path.sh
[2.767s] -- Up-to-date: /home/admin/Desktop/Project180/install/robotpatrol/share/robotpatrol/environment/library_path.dsv
[2.767s] -- Up-to-date: /home/admin/Desktop/Project180/install/robotpatrol/include
[2.767s] -- Up-to-date: /home/admin/Desktop/Project180/install/robotpatrol/include/navigation
[2.768s] -- Up-to-date: /home/admin/Desktop/Project180/install/robotpatrol/include/navigation/navigation.hpp
[2.768s] -- Up-to-date: /home/admin/Desktop/Project180/install/robotpatrol/lib/libnavigator.a
[2.768s] -- Installing: /home/admin/Desktop/Project180/install/robotpatrol/lib/robotpatrol/testnavigation
[2.773s] -- Set runtime path of "/home/admin/Desktop/Project180/install/robotpatrol/lib/robotpatrol/testnavigation" to ""
[2.773s] -- Up-to-date: /home/admin/Desktop/Project180/install/robotpatrol/lib/robotpatrol/testpackage
[2.773s] -- Up-to-date: /home/admin/Desktop/Project180/install/robotpatrol/share/ament_index/resource_index/package_run_dependencies/robotpatrol
[2.774s] -- Up-to-date: /home/admin/Desktop/Project180/install/robotpatrol/share/ament_index/resource_index/parent_prefix_path/robotpatrol
[2.774s] -- Up-to-date: /home/admin/Desktop/Project180/install/robotpatrol/share/robotpatrol/environment/ament_prefix_path.sh
[2.774s] -- Up-to-date: /home/admin/Desktop/Project180/install/robotpatrol/share/robotpatrol/environment/ament_prefix_path.dsv
[2.774s] -- Up-to-date: /home/admin/Desktop/Project180/install/robotpatrol/share/robotpatrol/environment/path.sh
[2.774s] -- Up-to-date: /home/admin/Desktop/Project180/install/robotpatrol/share/robotpatrol/environment/path.dsv
[2.774s] -- Up-to-date: /home/admin/Desktop/Project180/install/robotpatrol/share/robotpatrol/local_setup.bash
[2.775s] -- Up-to-date: /home/admin/Desktop/Project180/install/robotpatrol/share/robotpatrol/local_setup.sh
[2.775s] -- Up-to-date: /home/admin/Desktop/Project180/install/robotpatrol/share/robotpatrol/local_setup.zsh
[2.775s] -- Up-to-date: /home/admin/Desktop/Project180/install/robotpatrol/share/robotpatrol/local_setup.dsv
[2.775s] -- Installing: /home/admin/Desktop/Project180/install/robotpatrol/share/robotpatrol/package.dsv
[2.775s] -- Up-to-date: /home/admin/Desktop/Project180/install/robotpatrol/share/ament_index/resource_index/packages/robotpatrol
[2.775s] -- Up-to-date: /home/admin/Desktop/Project180/install/robotpatrol/share/robotpatrol/cmake/navigatorlibExport.cmake
[2.775s] -- Up-to-date: /home/admin/Desktop/Project180/install/robotpatrol/share/robotpatrol/cmake/navigatorlibExport-noconfig.cmake
[2.775s] -- Up-to-date: /home/admin/Desktop/Project180/install/robotpatrol/share/robotpatrol/cmake/ament_cmake_export_targets-extras.cmake
[2.775s] -- Up-to-date: /home/admin/Desktop/Project180/install/robotpatrol/share/robotpatrol/cmake/ament_cmake_export_dependencies-extras.cmake
[2.775s] -- Up-to-date: /home/admin/Desktop/Project180/install/robotpatrol/share/robotpatrol/cmake/robotpatrolConfig.cmake
[2.775s] -- Up-to-date: /home/admin/Desktop/Project180/install/robotpatrol/share/robotpatrol/cmake/robotpatrolConfig-version.cmake
[2.776s] -- Up-to-date: /home/admin/Desktop/Project180/install/robotpatrol/share/robotpatrol/package.xml
[2.777s] Invoked command in '/home/admin/Desktop/Project180/build/robotpatrol' returned '0': CMAKE_PREFIX_PATH=/opt/ros/foxy /usr/bin/cmake --install /home/admin/Desktop/Project180/build/robotpatrol
