[0.015s] Invoking command in '/home/admin/Desktop/Project180/build/robotpatrol': CMAKE_PREFIX_PATH=/opt/ros/foxy /usr/bin/cmake --build /home/admin/Desktop/Project180/build/robotpatrol -- -j8 -l8
[0.052s] [35m[1mScanning dependencies of target testnavigation[0m
[0.068s] [ 25%] Built target navigator
[0.073s] [ 62%] Built target testpackage
[0.085s] [ 75%] [32mBuilding CXX object CMakeFiles/testnavigation.dir/src/testnavigator.cpp.o[0m
[2.116s] [ 87%] [32m[1mLinking CXX executable testnavigation[0m
[2.621s] [100%] Built target testnavigation
[2.632s] Invoked command in '/home/admin/Desktop/Project180/build/robotpatrol' returned '0': CMAKE_PREFIX_PATH=/opt/ros/foxy /usr/bin/cmake --build /home/admin/Desktop/Project180/build/robotpatrol -- -j8 -l8
[2.676s] Invoking command in '/home/admin/Desktop/Project180/build/robotpatrol': CMAKE_PREFIX_PATH=/opt/ros/foxy /usr/bin/cmake --install /home/admin/Desktop/Project180/build/robotpatrol
[2.686s] -- Install configuration: ""
[2.686s] -- Up-to-date: /home/admin/Desktop/Project180/install/robotpatrol/share/robotpatrol/environment/library_path.sh
[2.686s] -- Up-to-date: /home/admin/Desktop/Project180/install/robotpatrol/share/robotpatrol/environment/library_path.dsv
[2.686s] -- Up-to-date: /home/admin/Desktop/Project180/install/robotpatrol/include
[2.686s] -- Up-to-date: /home/admin/Desktop/Project180/install/robotpatrol/include/navigation
[2.687s] -- Up-to-date: /home/admin/Desktop/Project180/install/robotpatrol/include/navigation/navigation.hpp
[2.687s] -- Up-to-date: /home/admin/Desktop/Project180/install/robotpatrol/lib/libnavigator.a
[2.687s] -- Installing: /home/admin/Desktop/Project180/install/robotpatrol/lib/robotpatrol/testnavigation
[2.694s] -- Set runtime path of "/home/admin/Desktop/Project180/install/robotpatrol/lib/robotpatrol/testnavigation" to ""
[2.694s] -- Up-to-date: /home/admin/Desktop/Project180/install/robotpatrol/lib/robotpatrol/testpackage
[2.694s] -- Up-to-date: /home/admin/Desktop/Project180/install/robotpatrol/share/ament_index/resource_index/package_run_dependencies/robotpatrol
[2.694s] -- Up-to-date: /home/admin/Desktop/Project180/install/robotpatrol/share/ament_index/resource_index/parent_prefix_path/robotpatrol
[2.695s] -- Up-to-date: /home/admin/Desktop/Project180/install/robotpatrol/share/robotpatrol/environment/ament_prefix_path.sh
[2.695s] -- Up-to-date: /home/admin/Desktop/Project180/install/robotpatrol/share/robotpatrol/environment/ament_prefix_path.dsv
[2.695s] -- Up-to-date: /home/admin/Desktop/Project180/install/robotpatrol/share/robotpatrol/environment/path.sh
[2.695s] -- Up-to-date: /home/admin/Desktop/Project180/install/robotpatrol/share/robotpatrol/environment/path.dsv
[2.695s] -- Up-to-date: /home/admin/Desktop/Project180/install/robotpatrol/share/robotpatrol/local_setup.bash
[2.695s] -- Up-to-date: /home/admin/Desktop/Project180/install/robotpatrol/share/robotpatrol/local_setup.sh
[2.695s] -- Up-to-date: /home/admin/Desktop/Project180/install/robotpatrol/share/robotpatrol/local_setup.zsh
[2.695s] -- Up-to-date: /home/admin/Desktop/Project180/install/robotpatrol/share/robotpatrol/local_setup.dsv
[2.696s] -- Installing: /home/admin/Desktop/Project180/install/robotpatrol/share/robotpatrol/package.dsv
[2.696s] -- Up-to-date: /home/admin/Desktop/Project180/install/robotpatrol/share/ament_index/resource_index/packages/robotpatrol
[2.696s] -- Up-to-date: /home/admin/Desktop/Project180/install/robotpatrol/share/robotpatrol/cmake/navigatorlibExport.cmake
[2.696s] -- Up-to-date: /home/admin/Desktop/Project180/install/robotpatrol/share/robotpatrol/cmake/navigatorlibExport-noconfig.cmake
[2.696s] -- Up-to-date: /home/admin/Desktop/Project180/install/robotpatrol/share/robotpatrol/cmake/ament_cmake_export_targets-extras.cmake
[2.696s] -- Up-to-date: /home/admin/Desktop/Project180/install/robotpatrol/share/robotpatrol/cmake/ament_cmake_export_dependencies-extras.cmake
[2.696s] -- Up-to-date: /home/admin/Desktop/Project180/install/robotpatrol/share/robotpatrol/cmake/robotpatrolConfig.cmake
[2.696s] -- Up-to-date: /home/admin/Desktop/Project180/install/robotpatrol/share/robotpatrol/cmake/robotpatrolConfig-version.cmake
[2.697s] -- Up-to-date: /home/admin/Desktop/Project180/install/robotpatrol/share/robotpatrol/package.xml
[2.698s] Invoked command in '/home/admin/Desktop/Project180/build/robotpatrol' returned '0': CMAKE_PREFIX_PATH=/opt/ros/foxy /usr/bin/cmake --install /home/admin/Desktop/Project180/build/robotpatrol
