[0.032s] Invoking command in '/home/admin/Desktop/Project180/src/build/robotpatrol': CMAKE_PREFIX_PATH=${CMAKE_PREFIX_PATH}:/opt/ros/foxy /usr/bin/cmake --build /home/admin/Desktop/Project180/src/build/robotpatrol -- -j8 -l8
[0.138s] [ 37%] Built target testpackage
[0.181s] [ 62%] Built target navigator
[0.195s] [35m[1mScanning dependencies of target testnavigation[0m
[0.243s] [ 75%] [32mBuilding CXX object CMakeFiles/testnavigation.dir/src/testnavigator.cpp.o[0m
[9.018s] [ 87%] [32m[1mLinking CXX executable testnavigation[0m
[10.261s] [100%] Built target testnavigation
[10.280s] Invoked command in '/home/admin/Desktop/Project180/src/build/robotpatrol' returned '0': CMAKE_PREFIX_PATH=${CMAKE_PREFIX_PATH}:/opt/ros/foxy /usr/bin/cmake --build /home/admin/Desktop/Project180/src/build/robotpatrol -- -j8 -l8
[10.333s] Invoking command in '/home/admin/Desktop/Project180/src/build/robotpatrol': CMAKE_PREFIX_PATH=${CMAKE_PREFIX_PATH}:/opt/ros/foxy /usr/bin/cmake --install /home/admin/Desktop/Project180/src/build/robotpatrol
[10.342s] -- Install configuration: ""
[10.342s] -- Up-to-date: /home/admin/Desktop/Project180/src/install/robotpatrol/share/robotpatrol/environment/library_path.sh
[10.342s] -- Up-to-date: /home/admin/Desktop/Project180/src/install/robotpatrol/share/robotpatrol/environment/library_path.dsv
[10.342s] -- Up-to-date: /home/admin/Desktop/Project180/src/install/robotpatrol/include
[10.342s] -- Up-to-date: /home/admin/Desktop/Project180/src/install/robotpatrol/include/navigation
[10.342s] -- Up-to-date: /home/admin/Desktop/Project180/src/install/robotpatrol/include/navigation/navigation.hpp
[10.342s] -- Up-to-date: /home/admin/Desktop/Project180/src/install/robotpatrol/lib/libnavigator.a
[10.342s] -- Installing: /home/admin/Desktop/Project180/src/install/robotpatrol/lib/robotpatrol/testnavigation
[10.350s] -- Set runtime path of "/home/admin/Desktop/Project180/src/install/robotpatrol/lib/robotpatrol/testnavigation" to ""
[10.351s] -- Up-to-date: /home/admin/Desktop/Project180/src/install/robotpatrol/lib/robotpatrol/testpackage
[10.351s] -- Up-to-date: /home/admin/Desktop/Project180/src/install/robotpatrol/share/ament_index/resource_index/package_run_dependencies/robotpatrol
[10.351s] -- Up-to-date: /home/admin/Desktop/Project180/src/install/robotpatrol/share/ament_index/resource_index/parent_prefix_path/robotpatrol
[10.351s] -- Up-to-date: /home/admin/Desktop/Project180/src/install/robotpatrol/share/robotpatrol/environment/ament_prefix_path.sh
[10.351s] -- Up-to-date: /home/admin/Desktop/Project180/src/install/robotpatrol/share/robotpatrol/environment/ament_prefix_path.dsv
[10.352s] -- Up-to-date: /home/admin/Desktop/Project180/src/install/robotpatrol/share/robotpatrol/environment/path.sh
[10.352s] -- Up-to-date: /home/admin/Desktop/Project180/src/install/robotpatrol/share/robotpatrol/environment/path.dsv
[10.352s] -- Up-to-date: /home/admin/Desktop/Project180/src/install/robotpatrol/share/robotpatrol/local_setup.bash
[10.352s] -- Up-to-date: /home/admin/Desktop/Project180/src/install/robotpatrol/share/robotpatrol/local_setup.sh
[10.352s] -- Up-to-date: /home/admin/Desktop/Project180/src/install/robotpatrol/share/robotpatrol/local_setup.zsh
[10.352s] -- Up-to-date: /home/admin/Desktop/Project180/src/install/robotpatrol/share/robotpatrol/local_setup.dsv
[10.352s] -- Installing: /home/admin/Desktop/Project180/src/install/robotpatrol/share/robotpatrol/package.dsv
[10.352s] -- Up-to-date: /home/admin/Desktop/Project180/src/install/robotpatrol/share/ament_index/resource_index/packages/robotpatrol
[10.352s] -- Up-to-date: /home/admin/Desktop/Project180/src/install/robotpatrol/share/robotpatrol/cmake/navigatorlibExport.cmake
[10.352s] -- Up-to-date: /home/admin/Desktop/Project180/src/install/robotpatrol/share/robotpatrol/cmake/navigatorlibExport-noconfig.cmake
[10.353s] -- Up-to-date: /home/admin/Desktop/Project180/src/install/robotpatrol/share/robotpatrol/cmake/ament_cmake_export_targets-extras.cmake
[10.353s] -- Up-to-date: /home/admin/Desktop/Project180/src/install/robotpatrol/share/robotpatrol/cmake/ament_cmake_export_dependencies-extras.cmake
[10.353s] -- Up-to-date: /home/admin/Desktop/Project180/src/install/robotpatrol/share/robotpatrol/cmake/robotpatrolConfig.cmake
[10.353s] -- Up-to-date: /home/admin/Desktop/Project180/src/install/robotpatrol/share/robotpatrol/cmake/robotpatrolConfig-version.cmake
[10.353s] -- Up-to-date: /home/admin/Desktop/Project180/src/install/robotpatrol/share/robotpatrol/package.xml
[10.355s] Invoked command in '/home/admin/Desktop/Project180/src/build/robotpatrol' returned '0': CMAKE_PREFIX_PATH=${CMAKE_PREFIX_PATH}:/opt/ros/foxy /usr/bin/cmake --install /home/admin/Desktop/Project180/src/build/robotpatrol
