[01m[K/home/admin/Desktop/Project180/src/robotpatrol/src/testnavigator.cpp:[m[K In function ‘[01m[Kint main(int, char**)[m[K’:
[01m[K/home/admin/Desktop/Project180/src/robotpatrol/src/testnavigator.cpp:52:24:[m[K [01;31m[Kerror: [m[K‘[01m[Kgoal_pos[m[K’ was not declared in this scope
   52 |     navigator.GoToPose([01;31m[Kgoal_pos[m[K);
      |                        [01;31m[K^~~~~~~~[m[K
[01m[K/home/admin/Desktop/Project180/src/robotpatrol/src/testnavigator.cpp:[m[K At global scope:
[01m[K/home/admin/Desktop/Project180/src/robotpatrol/src/testnavigator.cpp:57:3:[m[K [01;31m[Kerror: [m[K‘[01m[Knavigator[m[K’ does not name a type; did you mean ‘[01m[KNavigator[m[K’?
   57 |   [01;31m[Knavigator[m[K.Backup();
      |   [01;31m[K^~~~~~~~~[m[K
      |   [32m[KNavigator[m[K
[01m[K/home/admin/Desktop/Project180/src/robotpatrol/src/testnavigator.cpp:58:3:[m[K [01;31m[Kerror: [m[Kexpected unqualified-id before ‘[01m[Kwhile[m[K’
   58 |   [01;31m[Kwhile[m[K ( ! navigator.IsTaskComplete() ) {}
      |   [01;31m[K^~~~~[m[K
[01m[K/home/admin/Desktop/Project180/src/robotpatrol/src/testnavigator.cpp:62:21:[m[K [01;31m[Kerror: [m[Kexpected constructor, destructor, or type conversion before ‘[01m[K;[m[K’ token
   62 |   rclcpp::shutdown()[01;31m[K;[m[K // shutdown ROS
      |                     [01;31m[K^[m[K
[01m[K/home/admin/Desktop/Project180/src/robotpatrol/src/testnavigator.cpp:63:3:[m[K [01;31m[Kerror: [m[Kexpected unqualified-id before ‘[01m[Kreturn[m[K’
   63 |   [01;31m[Kreturn[m[K 0;
      |   [01;31m[K^~~~~~[m[K
[01m[K/home/admin/Desktop/Project180/src/robotpatrol/src/testnavigator.cpp:64:1:[m[K [01;31m[Kerror: [m[Kexpected declaration before ‘[01m[K}[m[K’ token
   64 | [01;31m[K}[m[K
      | [01;31m[K^[m[K
make[2]: *** [CMakeFiles/testnavigation.dir/build.make:63: CMakeFiles/testnavigation.dir/src/testnavigator.cpp.o] Error 1
make[1]: *** [CMakeFiles/Makefile2:109: CMakeFiles/testnavigation.dir/all] Error 2
make: *** [Makefile:141: all] Error 2
