[0.022s] Invoking command in '/home/admin/Desktop/Project180/src/build/robotpatrol': CMAKE_PREFIX_PATH=${CMAKE_PREFIX_PATH}:/opt/ros/foxy /usr/bin/cmake --build /home/admin/Desktop/Project180/src/build/robotpatrol -- -j8 -l8
[0.102s] [ 37%] Built target testpackage
[0.142s] [ 62%] Built target navigator
[0.161s] [35m[1mScanning dependencies of target testnavigation[0m
[0.204s] [ 75%] [32mBuilding CXX object CMakeFiles/testnavigation.dir/src/testnavigator.cpp.o[0m
[2.043s] [01m[K/home/admin/Desktop/Project180/src/robotpatrol/src/testnavigator.cpp:[m[K In function ‘[01m[Kint main(int, char**)[m[K’:
[2.043s] [01m[K/home/admin/Desktop/Project180/src/robotpatrol/src/testnavigator.cpp:52:24:[m[K [01;31m[Kerror: [m[K‘[01m[Kgoal_pos[m[K’ was not declared in this scope
[2.044s]    52 |     navigator.GoToPose([01;31m[Kgoal_pos[m[K);
[2.044s]       |                        [01;31m[K^~~~~~~~[m[K
[2.045s] [01m[K/home/admin/Desktop/Project180/src/robotpatrol/src/testnavigator.cpp:[m[K At global scope:
[2.045s] [01m[K/home/admin/Desktop/Project180/src/robotpatrol/src/testnavigator.cpp:57:3:[m[K [01;31m[Kerror: [m[K‘[01m[Knavigator[m[K’ does not name a type; did you mean ‘[01m[KNavigator[m[K’?
[2.045s]    57 |   [01;31m[Knavigator[m[K.Backup();
[2.045s]       |   [01;31m[K^~~~~~~~~[m[K
[2.045s]       |   [32m[KNavigator[m[K
[2.045s] [01m[K/home/admin/Desktop/Project180/src/robotpatrol/src/testnavigator.cpp:58:3:[m[K [01;31m[Kerror: [m[Kexpected unqualified-id before ‘[01m[Kwhile[m[K’
[2.045s]    58 |   [01;31m[Kwhile[m[K ( ! navigator.IsTaskComplete() ) {}
[2.045s]       |   [01;31m[K^~~~~[m[K
[2.045s] [01m[K/home/admin/Desktop/Project180/src/robotpatrol/src/testnavigator.cpp:62:21:[m[K [01;31m[Kerror: [m[Kexpected constructor, destructor, or type conversion before ‘[01m[K;[m[K’ token
[2.046s]    62 |   rclcpp::shutdown()[01;31m[K;[m[K // shutdown ROS
[2.046s]       |                     [01;31m[K^[m[K
[2.046s] [01m[K/home/admin/Desktop/Project180/src/robotpatrol/src/testnavigator.cpp:63:3:[m[K [01;31m[Kerror: [m[Kexpected unqualified-id before ‘[01m[Kreturn[m[K’
[2.046s]    63 |   [01;31m[Kreturn[m[K 0;
[2.046s]       |   [01;31m[K^~~~~~[m[K
[2.046s] [01m[K/home/admin/Desktop/Project180/src/robotpatrol/src/testnavigator.cpp:64:1:[m[K [01;31m[Kerror: [m[Kexpected declaration before ‘[01m[K}[m[K’ token
[2.046s]    64 | [01;31m[K}[m[K
[2.046s]       | [01;31m[K^[m[K
[2.839s] make[2]: *** [CMakeFiles/testnavigation.dir/build.make:63: CMakeFiles/testnavigation.dir/src/testnavigator.cpp.o] Error 1
[2.839s] make[1]: *** [CMakeFiles/Makefile2:109: CMakeFiles/testnavigation.dir/all] Error 2
[2.839s] make: *** [Makefile:141: all] Error 2
[2.840s] Invoked command in '/home/admin/Desktop/Project180/src/build/robotpatrol' returned '2': CMAKE_PREFIX_PATH=${CMAKE_PREFIX_PATH}:/opt/ros/foxy /usr/bin/cmake --build /home/admin/Desktop/Project180/src/build/robotpatrol -- -j8 -l8
