[ 37%] Built target testpackage
[ 62%] Built target navigator
[35m[1mScanning dependencies of target testnavigation[0m
[ 75%] [32mBuilding CXX object CMakeFiles/testnavigation.dir/src/testnavigator.cpp.o[0m
[01m[K/home/admin/Desktop/Project180/src/robotpatrol/src/testnavigator.cpp:[m[K In function ‘[01m[Kint main(int, char**)[m[K’:
[01m[K/home/admin/Desktop/Project180/src/robotpatrol/src/testnavigator.cpp:53:3:[m[K [01;31m[Kerror: [m[Kexpected ‘[01m[K}[m[K’ before numeric constant
   53 |   [01;31m[K3[m[K, 0, 1,
      |   [01;31m[K^[m[K
[01m[K/home/admin/Desktop/Project180/src/robotpatrol/src/testnavigator.cpp:49:19:[m[K [01;36m[Knote: [m[Kto match this ‘[01m[K{[m[K’
   49 |   float poses[] = [01;36m[K{[m[K
      |                   [01;36m[K^[m[K
[01m[K/home/admin/Desktop/Project180/src/robotpatrol/src/testnavigator.cpp:53:3:[m[K [01;31m[Kerror: [m[Kexpected ‘[01m[K,[m[K’ or ‘[01m[K;[m[K’ before numeric constant
   53 |   [01;31m[K3[m[K, 0, 1,
      |   [01;31m[K^[m[K
[01m[K/home/admin/Desktop/Project180/src/robotpatrol/src/testnavigator.cpp:49:9:[m[K [01;35m[Kwarning: [m[Kunused variable ‘[01m[Kposes[m[K’ [[01;35m[K-Wunused-variable[m[K]
   49 |   float [01;35m[Kposes[m[K[] = {
      |         [01;35m[K^~~~~[m[K
[01m[K/home/admin/Desktop/Project180/src/robotpatrol/src/testnavigator.cpp:[m[K At global scope:
[01m[K/home/admin/Desktop/Project180/src/robotpatrol/src/testnavigator.cpp:56:4:[m[K [01;35m[Kwarning: [m[Kextra ‘[01m[K;[m[K’ [[01;35m[K-Wpedantic[m[K]
   56 |   }[01;35m[K;[m[K
      |    [01;35m[K^[m[K
[01m[K/home/admin/Desktop/Project180/src/robotpatrol/src/testnavigator.cpp:59:3:[m[K [01;31m[Kerror: [m[Kexpected unqualified-id before ‘[01m[Kfor[m[K’
   59 |   [01;31m[Kfor[m[K (int i = 0; i < 18; i += 3) {
      |   [01;31m[K^~~[m[K
[01m[K/home/admin/Desktop/Project180/src/robotpatrol/src/testnavigator.cpp:59:19:[m[K [01;31m[Kerror: [m[K‘[01m[Ki[m[K’ does not name a type
   59 |   for (int i = 0; [01;31m[Ki[m[K < 18; i += 3) {
      |                   [01;31m[K^[m[K
[01m[K/home/admin/Desktop/Project180/src/robotpatrol/src/testnavigator.cpp:59:27:[m[K [01;31m[Kerror: [m[K‘[01m[Ki[m[K’ does not name a type
   59 |   for (int i = 0; i < 18; [01;31m[Ki[m[K += 3) {
      |                           [01;31m[K^[m[K
[01m[K/home/admin/Desktop/Project180/src/robotpatrol/src/testnavigator.cpp:68:3:[m[K [01;31m[Kerror: [m[K‘[01m[Knavigator[m[K’ does not name a type; did you mean ‘[01m[KNavigator[m[K’?
   68 |   [01;31m[Knavigator[m[K.Backup();
      |   [01;31m[K^~~~~~~~~[m[K
      |   [32m[KNavigator[m[K
[01m[K/home/admin/Desktop/Project180/src/robotpatrol/src/testnavigator.cpp:69:3:[m[K [01;31m[Kerror: [m[Kexpected unqualified-id before ‘[01m[Kwhile[m[K’
   69 |   [01;31m[Kwhile[m[K ( ! navigator.IsTaskComplete() ) {
      |   [01;31m[K^~~~~[m[K
[01m[K/home/admin/Desktop/Project180/src/robotpatrol/src/testnavigator.cpp:75:21:[m[K [01;31m[Kerror: [m[Kexpected constructor, destructor, or type conversion before ‘[01m[K;[m[K’ token
   75 |   rclcpp::shutdown()[01;31m[K;[m[K // shutdown ROS
      |                     [01;31m[K^[m[K
[01m[K/home/admin/Desktop/Project180/src/robotpatrol/src/testnavigator.cpp:76:3:[m[K [01;31m[Kerror: [m[Kexpected unqualified-id before ‘[01m[Kreturn[m[K’
   76 |   [01;31m[Kreturn[m[K 0;
      |   [01;31m[K^~~~~~[m[K
[01m[K/home/admin/Desktop/Project180/src/robotpatrol/src/testnavigator.cpp:77:1:[m[K [01;31m[Kerror: [m[Kexpected declaration before ‘[01m[K}[m[K’ token
   77 | [01;31m[K}[m[K
      | [01;31m[K^[m[K
make[2]: *** [CMakeFiles/testnavigation.dir/build.make:63: CMakeFiles/testnavigation.dir/src/testnavigator.cpp.o] Error 1
make[1]: *** [CMakeFiles/Makefile2:109: CMakeFiles/testnavigation.dir/all] Error 2
make: *** [Makefile:141: all] Error 2
