[0.290s] DEBUG:colcon:Command line arguments: ['/usr/bin/colcon', 'build']
[0.290s] DEBUG:colcon:Parsed command line arguments: Namespace(allow_overriding=[], ament_cmake_args=None, base_paths=['.'], build_base='build', catkin_cmake_args=None, catkin_skip_building_tests=False, cmake_args=None, cmake_clean_cache=False, cmake_clean_first=False, cmake_force_configure=False, cmake_target=None, cmake_target_skip_unavailable=False, continue_on_error=False, event_handlers=None, executor='parallel', ignore_user_meta=False, install_base='install', log_base=None, log_level=None, main=<bound method BuildVerb.main of <colcon_core.verb.build.BuildVerb object at 0x7f1e9a082100>>, merge_install=False, metas=['./colcon.meta'], packages_above=None, packages_above_and_dependencies=None, packages_above_depth=None, packages_end=None, packages_ignore=None, packages_ignore_regex=None, packages_select=None, packages_select_build_failed=False, packages_select_by_dep=None, packages_select_regex=None, packages_select_test_failures=False, packages_skip=None, packages_skip_build_finished=False, packages_skip_by_dep=None, packages_skip_regex=None, packages_skip_test_passed=False, packages_skip_up_to=None, packages_start=None, packages_up_to=None, packages_up_to_regex=None, parallel_workers=8, paths=None, symlink_install=False, test_result_base=None, verb_extension=<colcon_core.verb.build.BuildVerb object at 0x7f1e9a082100>, verb_name='build', verb_parser=<colcon_defaults.argument_parser.defaults.DefaultArgumentsDecorator object at 0x7f1e9a082580>)
[0.325s] Level 1:colcon.colcon_core.package_discovery:discover_packages(colcon_meta) check parameters
[0.326s] Level 1:colcon.colcon_core.package_discovery:discover_packages(recursive) check parameters
[0.326s] Level 1:colcon.colcon_core.package_discovery:discover_packages(ignore) check parameters
[0.326s] Level 1:colcon.colcon_core.package_discovery:discover_packages(path) check parameters
[0.326s] Level 1:colcon.colcon_core.package_discovery:discover_packages(colcon_meta) discover
[0.326s] Level 1:colcon.colcon_core.package_discovery:discover_packages(recursive) discover
[0.326s] INFO:colcon.colcon_core.package_discovery:Crawling recursively for packages in '/home/admin/Desktop/Project180'
[0.326s] Level 1:colcon.colcon_core.package_identification:_identify(.) by extensions ['ignore', 'ignore_ament_install']
[0.326s] Level 1:colcon.colcon_core.package_identification:_identify(.) by extension 'ignore'
[0.326s] Level 1:colcon.colcon_core.package_identification:_identify(.) by extension 'ignore_ament_install'
[0.326s] Level 1:colcon.colcon_core.package_identification:_identify(.) by extensions ['colcon_pkg']
[0.326s] Level 1:colcon.colcon_core.package_identification:_identify(.) by extension 'colcon_pkg'
[0.326s] Level 1:colcon.colcon_core.package_identification:_identify(.) by extensions ['colcon_meta']
[0.326s] Level 1:colcon.colcon_core.package_identification:_identify(.) by extension 'colcon_meta'
[0.326s] Level 1:colcon.colcon_core.package_identification:_identify(.) by extensions ['ros']
[0.326s] Level 1:colcon.colcon_core.package_identification:_identify(.) by extension 'ros'
[0.349s] Level 1:colcon.colcon_core.package_identification:_identify(.) by extensions ['cmake', 'python']
[0.349s] Level 1:colcon.colcon_core.package_identification:_identify(.) by extension 'cmake'
[0.349s] Level 1:colcon.colcon_core.package_identification:_identify(.) by extension 'python'
[0.349s] Level 1:colcon.colcon_core.package_identification:_identify(.) by extensions ['python_setup_py']
[0.349s] Level 1:colcon.colcon_core.package_identification:_identify(.) by extension 'python_setup_py'
[0.349s] Level 1:colcon.colcon_core.package_identification:_identify(build) by extensions ['ignore', 'ignore_ament_install']
[0.349s] Level 1:colcon.colcon_core.package_identification:_identify(build) by extension 'ignore'
[0.349s] Level 1:colcon.colcon_core.package_identification:_identify(build) ignored
[0.349s] Level 1:colcon.colcon_core.package_identification:_identify(install) by extensions ['ignore', 'ignore_ament_install']
[0.350s] Level 1:colcon.colcon_core.package_identification:_identify(install) by extension 'ignore'
[0.350s] Level 1:colcon.colcon_core.package_identification:_identify(install) ignored
[0.350s] Level 1:colcon.colcon_core.package_identification:_identify(log) by extensions ['ignore', 'ignore_ament_install']
[0.350s] Level 1:colcon.colcon_core.package_identification:_identify(log) by extension 'ignore'
[0.350s] Level 1:colcon.colcon_core.package_identification:_identify(log) ignored
[0.350s] Level 1:colcon.colcon_core.package_identification:_identify(src) by extensions ['ignore', 'ignore_ament_install']
[0.350s] Level 1:colcon.colcon_core.package_identification:_identify(src) by extension 'ignore'
[0.350s] Level 1:colcon.colcon_core.package_identification:_identify(src) by extension 'ignore_ament_install'
[0.350s] Level 1:colcon.colcon_core.package_identification:_identify(src) by extensions ['colcon_pkg']
[0.350s] Level 1:colcon.colcon_core.package_identification:_identify(src) by extension 'colcon_pkg'
[0.350s] Level 1:colcon.colcon_core.package_identification:_identify(src) by extensions ['colcon_meta']
[0.350s] Level 1:colcon.colcon_core.package_identification:_identify(src) by extension 'colcon_meta'
[0.350s] Level 1:colcon.colcon_core.package_identification:_identify(src) by extensions ['ros']
[0.350s] Level 1:colcon.colcon_core.package_identification:_identify(src) by extension 'ros'
[0.350s] Level 1:colcon.colcon_core.package_identification:_identify(src) by extensions ['cmake', 'python']
[0.350s] Level 1:colcon.colcon_core.package_identification:_identify(src) by extension 'cmake'
[0.350s] Level 1:colcon.colcon_core.package_identification:_identify(src) by extension 'python'
[0.350s] Level 1:colcon.colcon_core.package_identification:_identify(src) by extensions ['python_setup_py']
[0.350s] Level 1:colcon.colcon_core.package_identification:_identify(src) by extension 'python_setup_py'
[0.351s] Level 1:colcon.colcon_core.package_identification:_identify(src/build) by extensions ['ignore', 'ignore_ament_install']
[0.351s] Level 1:colcon.colcon_core.package_identification:_identify(src/build) by extension 'ignore'
[0.351s] Level 1:colcon.colcon_core.package_identification:_identify(src/build) ignored
[0.352s] Level 1:colcon.colcon_core.package_identification:_identify(src/install) by extensions ['ignore', 'ignore_ament_install']
[0.352s] Level 1:colcon.colcon_core.package_identification:_identify(src/install) by extension 'ignore'
[0.352s] Level 1:colcon.colcon_core.package_identification:_identify(src/install) ignored
[0.352s] Level 1:colcon.colcon_core.package_identification:_identify(src/log) by extensions ['ignore', 'ignore_ament_install']
[0.352s] Level 1:colcon.colcon_core.package_identification:_identify(src/log) by extension 'ignore'
[0.352s] Level 1:colcon.colcon_core.package_identification:_identify(src/log) ignored
[0.353s] Level 1:colcon.colcon_core.package_identification:_identify(src/robotpatrol) by extensions ['ignore', 'ignore_ament_install']
[0.353s] Level 1:colcon.colcon_core.package_identification:_identify(src/robotpatrol) by extension 'ignore'
[0.353s] Level 1:colcon.colcon_core.package_identification:_identify(src/robotpatrol) by extension 'ignore_ament_install'
[0.353s] Level 1:colcon.colcon_core.package_identification:_identify(src/robotpatrol) by extensions ['colcon_pkg']
[0.353s] Level 1:colcon.colcon_core.package_identification:_identify(src/robotpatrol) by extension 'colcon_pkg'
[0.353s] Level 1:colcon.colcon_core.package_identification:_identify(src/robotpatrol) by extensions ['colcon_meta']
[0.353s] Level 1:colcon.colcon_core.package_identification:_identify(src/robotpatrol) by extension 'colcon_meta'
[0.353s] Level 1:colcon.colcon_core.package_identification:_identify(src/robotpatrol) by extensions ['ros']
[0.353s] Level 1:colcon.colcon_core.package_identification:_identify(src/robotpatrol) by extension 'ros'
[0.357s] DEBUG:colcon.colcon_core.package_identification:Package 'src/robotpatrol' with type 'ros.ament_cmake' and name 'robotpatrol'
[0.357s] Level 1:colcon.colcon_core.package_discovery:discover_packages(recursive) using defaults
[0.357s] Level 1:colcon.colcon_core.package_discovery:discover_packages(ignore) discover
[0.357s] Level 1:colcon.colcon_core.package_discovery:discover_packages(ignore) using defaults
[0.357s] Level 1:colcon.colcon_core.package_discovery:discover_packages(path) discover
[0.357s] Level 1:colcon.colcon_core.package_discovery:discover_packages(path) using defaults
[0.377s] Level 1:colcon.colcon_core.package_discovery:discover_packages(prefix_path) check parameters
[0.378s] Level 1:colcon.colcon_core.package_discovery:discover_packages(prefix_path) discover
[0.381s] DEBUG:colcon.colcon_installed_package_information.package_discovery:Found 335 installed packages in /opt/ros/foxy
[0.384s] Level 1:colcon.colcon_core.package_discovery:discover_packages(prefix_path) using defaults
[0.461s] Level 5:colcon.colcon_core.verb:set package 'robotpatrol' build argument 'cmake_args' from command line to 'None'
[0.461s] Level 5:colcon.colcon_core.verb:set package 'robotpatrol' build argument 'cmake_target' from command line to 'None'
[0.461s] Level 5:colcon.colcon_core.verb:set package 'robotpatrol' build argument 'cmake_target_skip_unavailable' from command line to 'False'
[0.461s] Level 5:colcon.colcon_core.verb:set package 'robotpatrol' build argument 'cmake_clean_cache' from command line to 'False'
[0.461s] Level 5:colcon.colcon_core.verb:set package 'robotpatrol' build argument 'cmake_clean_first' from command line to 'False'
[0.461s] Level 5:colcon.colcon_core.verb:set package 'robotpatrol' build argument 'cmake_force_configure' from command line to 'False'
[0.461s] Level 5:colcon.colcon_core.verb:set package 'robotpatrol' build argument 'ament_cmake_args' from command line to 'None'
[0.461s] Level 5:colcon.colcon_core.verb:set package 'robotpatrol' build argument 'catkin_cmake_args' from command line to 'None'
[0.461s] Level 5:colcon.colcon_core.verb:set package 'robotpatrol' build argument 'catkin_skip_building_tests' from command line to 'False'
[0.461s] DEBUG:colcon.colcon_core.verb:Building package 'robotpatrol' with the following arguments: {'ament_cmake_args': None, 'build_base': '/home/admin/Desktop/Project180/build/robotpatrol', 'catkin_cmake_args': None, 'catkin_skip_building_tests': False, 'cmake_args': None, 'cmake_clean_cache': False, 'cmake_clean_first': False, 'cmake_force_configure': False, 'cmake_target': None, 'cmake_target_skip_unavailable': False, 'install_base': '/home/admin/Desktop/Project180/install/robotpatrol', 'merge_install': False, 'path': '/home/admin/Desktop/Project180/src/robotpatrol', 'symlink_install': False, 'test_result_base': None}
[0.462s] INFO:colcon.colcon_core.executor:Executing jobs using 'parallel' executor
[0.465s] DEBUG:colcon.colcon_parallel_executor.executor.parallel:run_until_complete
[0.465s] INFO:colcon.colcon_ros.task.ament_cmake.build:Building ROS package in '/home/admin/Desktop/Project180/src/robotpatrol' with build type 'ament_cmake'
[0.466s] INFO:colcon.colcon_cmake.task.cmake.build:Building CMake package in '/home/admin/Desktop/Project180/src/robotpatrol'
[0.470s] INFO:colcon.colcon_core.plugin_system:Skipping extension 'colcon_core.shell.bat': Not used on non-Windows systems
[0.470s] INFO:colcon.colcon_core.shell:Skip shell extension 'powershell' for command environment: Not usable outside of PowerShell
[0.470s] DEBUG:colcon.colcon_core.shell:Skip shell extension 'dsv' for command environment
[0.494s] DEBUG:colcon.colcon_core.event_handler.log_command:Invoking command in '/home/admin/Desktop/Project180/build/robotpatrol': CMAKE_PREFIX_PATH=/opt/ros/foxy /usr/bin/cmake --build /home/admin/Desktop/Project180/build/robotpatrol -- -j8 -l8
[10.368s] DEBUG:colcon.colcon_core.event_handler.log_command:Invoked command in '/home/admin/Desktop/Project180/build/robotpatrol' returned '0': CMAKE_PREFIX_PATH=/opt/ros/foxy /usr/bin/cmake --build /home/admin/Desktop/Project180/build/robotpatrol -- -j8 -l8
[10.450s] DEBUG:colcon.colcon_core.event_handler.log_command:Invoking command in '/home/admin/Desktop/Project180/build/robotpatrol': CMAKE_PREFIX_PATH=/opt/ros/foxy /usr/bin/cmake --install /home/admin/Desktop/Project180/build/robotpatrol
[10.486s] Level 1:colcon.colcon_core.environment:create_environment_scripts_only(robotpatrol)
[10.492s] Level 1:colcon.colcon_core.environment:checking '/home/admin/Desktop/Project180/install/robotpatrol' for CMake module files
[10.492s] Level 1:colcon.colcon_core.environment:checking '/home/admin/Desktop/Project180/install/robotpatrol' for CMake config files
[10.493s] DEBUG:colcon.colcon_core.event_handler.log_command:Invoked command in '/home/admin/Desktop/Project180/build/robotpatrol' returned '0': CMAKE_PREFIX_PATH=/opt/ros/foxy /usr/bin/cmake --install /home/admin/Desktop/Project180/build/robotpatrol
[10.494s] Level 1:colcon.colcon_core.shell:create_environment_hook('robotpatrol', 'cmake_prefix_path')
[10.495s] INFO:colcon.colcon_core.shell:Creating environment hook '/home/admin/Desktop/Project180/install/robotpatrol/share/robotpatrol/hook/cmake_prefix_path.ps1'
[10.496s] INFO:colcon.colcon_core.shell:Creating environment descriptor '/home/admin/Desktop/Project180/install/robotpatrol/share/robotpatrol/hook/cmake_prefix_path.dsv'
[10.496s] INFO:colcon.colcon_core.shell:Creating environment hook '/home/admin/Desktop/Project180/install/robotpatrol/share/robotpatrol/hook/cmake_prefix_path.sh'
[10.497s] Level 1:colcon.colcon_core.environment:checking '/home/admin/Desktop/Project180/install/robotpatrol/lib'
[10.498s] Level 1:colcon.colcon_core.environment:checking '/home/admin/Desktop/Project180/install/robotpatrol/bin'
[10.498s] Level 1:colcon.colcon_core.environment:checking '/home/admin/Desktop/Project180/install/robotpatrol/lib/pkgconfig/robotpatrol.pc'
[10.498s] Level 1:colcon.colcon_core.environment:checking '/home/admin/Desktop/Project180/install/robotpatrol/lib/python3.8/site-packages'
[10.498s] Level 1:colcon.colcon_core.environment:checking '/home/admin/Desktop/Project180/install/robotpatrol/bin'
[10.499s] INFO:colcon.colcon_core.shell:Creating package script '/home/admin/Desktop/Project180/install/robotpatrol/share/robotpatrol/package.ps1'
[10.500s] INFO:colcon.colcon_core.shell:Creating package descriptor '/home/admin/Desktop/Project180/install/robotpatrol/share/robotpatrol/package.dsv'
[10.501s] INFO:colcon.colcon_core.shell:Creating package script '/home/admin/Desktop/Project180/install/robotpatrol/share/robotpatrol/package.sh'
[10.501s] INFO:colcon.colcon_core.shell:Creating package script '/home/admin/Desktop/Project180/install/robotpatrol/share/robotpatrol/package.bash'
[10.502s] INFO:colcon.colcon_core.shell:Creating package script '/home/admin/Desktop/Project180/install/robotpatrol/share/robotpatrol/package.zsh'
[10.503s] Level 1:colcon.colcon_core.environment:create_file_with_runtime_dependencies(/home/admin/Desktop/Project180/install/robotpatrol/share/colcon-core/packages/robotpatrol)
[10.569s] Level 1:colcon.colcon_core.environment:create_environment_scripts_only(robotpatrol)
[10.570s] Level 1:colcon.colcon_core.environment:checking '/home/admin/Desktop/Project180/install/robotpatrol' for CMake module files
[10.571s] Level 1:colcon.colcon_core.environment:checking '/home/admin/Desktop/Project180/install/robotpatrol' for CMake config files
[10.571s] Level 1:colcon.colcon_core.shell:create_environment_hook('robotpatrol', 'cmake_prefix_path')
[10.573s] INFO:colcon.colcon_core.shell:Creating environment hook '/home/admin/Desktop/Project180/install/robotpatrol/share/robotpatrol/hook/cmake_prefix_path.ps1'
[10.574s] INFO:colcon.colcon_core.shell:Creating environment descriptor '/home/admin/Desktop/Project180/install/robotpatrol/share/robotpatrol/hook/cmake_prefix_path.dsv'
[10.574s] INFO:colcon.colcon_core.shell:Creating environment hook '/home/admin/Desktop/Project180/install/robotpatrol/share/robotpatrol/hook/cmake_prefix_path.sh'
[10.575s] Level 1:colcon.colcon_core.environment:checking '/home/admin/Desktop/Project180/install/robotpatrol/lib'
[10.575s] Level 1:colcon.colcon_core.environment:checking '/home/admin/Desktop/Project180/install/robotpatrol/bin'
[10.575s] Level 1:colcon.colcon_core.environment:checking '/home/admin/Desktop/Project180/install/robotpatrol/lib/pkgconfig/robotpatrol.pc'
[10.576s] Level 1:colcon.colcon_core.environment:checking '/home/admin/Desktop/Project180/install/robotpatrol/lib/python3.8/site-packages'
[10.576s] Level 1:colcon.colcon_core.environment:checking '/home/admin/Desktop/Project180/install/robotpatrol/bin'
[10.578s] INFO:colcon.colcon_core.shell:Creating package script '/home/admin/Desktop/Project180/install/robotpatrol/share/robotpatrol/package.ps1'
[10.580s] INFO:colcon.colcon_core.shell:Creating package descriptor '/home/admin/Desktop/Project180/install/robotpatrol/share/robotpatrol/package.dsv'
[10.581s] INFO:colcon.colcon_core.shell:Creating package script '/home/admin/Desktop/Project180/install/robotpatrol/share/robotpatrol/package.sh'
[10.582s] INFO:colcon.colcon_core.shell:Creating package script '/home/admin/Desktop/Project180/install/robotpatrol/share/robotpatrol/package.bash'
[10.582s] INFO:colcon.colcon_core.shell:Creating package script '/home/admin/Desktop/Project180/install/robotpatrol/share/robotpatrol/package.zsh'
[10.583s] Level 1:colcon.colcon_core.environment:create_file_with_runtime_dependencies(/home/admin/Desktop/Project180/install/robotpatrol/share/colcon-core/packages/robotpatrol)
[10.584s] DEBUG:colcon.colcon_parallel_executor.executor.parallel:closing loop
[10.584s] DEBUG:colcon.colcon_parallel_executor.executor.parallel:loop closed
[10.584s] DEBUG:colcon.colcon_parallel_executor.executor.parallel:run_until_complete finished with '0'
[10.584s] DEBUG:colcon.colcon_core.event_reactor:joining thread
[10.591s] INFO:colcon.colcon_core.plugin_system:Skipping extension 'colcon_notification.desktop_notification.terminal_notifier': Not used on non-Darwin systems
[10.591s] INFO:colcon.colcon_core.plugin_system:Skipping extension 'colcon_notification.desktop_notification.win32': Not used on non-Windows systems
[10.591s] INFO:colcon.colcon_notification.desktop_notification:Sending desktop notification using 'notify2'
[10.610s] DEBUG:colcon.colcon_core.event_reactor:joined thread
[10.611s] INFO:colcon.colcon_core.shell:Creating prefix script '/home/admin/Desktop/Project180/install/local_setup.ps1'
[10.612s] INFO:colcon.colcon_core.shell:Creating prefix util module '/home/admin/Desktop/Project180/install/_local_setup_util_ps1.py'
[10.614s] INFO:colcon.colcon_core.shell:Creating prefix chain script '/home/admin/Desktop/Project180/install/setup.ps1'
[10.615s] INFO:colcon.colcon_core.shell:Creating prefix script '/home/admin/Desktop/Project180/install/local_setup.sh'
[10.615s] INFO:colcon.colcon_core.shell:Creating prefix util module '/home/admin/Desktop/Project180/install/_local_setup_util_sh.py'
[10.617s] INFO:colcon.colcon_core.shell:Creating prefix chain script '/home/admin/Desktop/Project180/install/setup.sh'
[10.618s] INFO:colcon.colcon_core.shell:Creating prefix script '/home/admin/Desktop/Project180/install/local_setup.bash'
[10.619s] INFO:colcon.colcon_core.shell:Creating prefix chain script '/home/admin/Desktop/Project180/install/setup.bash'
[10.620s] INFO:colcon.colcon_core.shell:Creating prefix script '/home/admin/Desktop/Project180/install/local_setup.zsh'
[10.620s] INFO:colcon.colcon_core.shell:Creating prefix chain script '/home/admin/Desktop/Project180/install/setup.zsh'
