[0.267s] DEBUG:colcon:Command line arguments: ['/usr/bin/colcon', 'build']
[0.267s] DEBUG:colcon:Parsed command line arguments: Namespace(allow_overriding=[], ament_cmake_args=None, base_paths=['.'], build_base='build', catkin_cmake_args=None, catkin_skip_building_tests=False, cmake_args=None, cmake_clean_cache=False, cmake_clean_first=False, cmake_force_configure=False, cmake_target=None, cmake_target_skip_unavailable=False, continue_on_error=False, event_handlers=None, executor='parallel', ignore_user_meta=False, install_base='install', log_base=None, log_level=None, main=<bound method BuildVerb.main of <colcon_core.verb.build.BuildVerb object at 0x7f13d028d0d0>>, merge_install=False, metas=['./colcon.meta'], packages_above=None, packages_above_and_dependencies=None, packages_above_depth=None, packages_end=None, packages_ignore=None, packages_ignore_regex=None, packages_select=None, packages_select_build_failed=False, packages_select_by_dep=None, packages_select_regex=None, packages_select_test_failures=False, packages_skip=None, packages_skip_build_finished=False, packages_skip_by_dep=None, packages_skip_regex=None, packages_skip_test_passed=False, packages_skip_up_to=None, packages_start=None, packages_up_to=None, packages_up_to_regex=None, parallel_workers=8, paths=None, symlink_install=False, test_result_base=None, verb_extension=<colcon_core.verb.build.BuildVerb object at 0x7f13d028d0d0>, verb_name='build', verb_parser=<colcon_defaults.argument_parser.defaults.DefaultArgumentsDecorator object at 0x7f13d028d610>)
[0.291s] Level 1:colcon.colcon_core.package_discovery:discover_packages(colcon_meta) check parameters
[0.291s] Level 1:colcon.colcon_core.package_discovery:discover_packages(recursive) check parameters
[0.291s] Level 1:colcon.colcon_core.package_discovery:discover_packages(ignore) check parameters
[0.291s] Level 1:colcon.colcon_core.package_discovery:discover_packages(path) check parameters
[0.291s] Level 1:colcon.colcon_core.package_discovery:discover_packages(colcon_meta) discover
[0.291s] Level 1:colcon.colcon_core.package_discovery:discover_packages(recursive) discover
[0.291s] INFO:colcon.colcon_core.package_discovery:Crawling recursively for packages in '/home/admin/Desktop/Project180'
[0.291s] Level 1:colcon.colcon_core.package_identification:_identify(.) by extensions ['ignore', 'ignore_ament_install']
[0.291s] Level 1:colcon.colcon_core.package_identification:_identify(.) by extension 'ignore'
[0.291s] Level 1:colcon.colcon_core.package_identification:_identify(.) by extension 'ignore_ament_install'
[0.291s] Level 1:colcon.colcon_core.package_identification:_identify(.) by extensions ['colcon_pkg']
[0.291s] Level 1:colcon.colcon_core.package_identification:_identify(.) by extension 'colcon_pkg'
[0.291s] Level 1:colcon.colcon_core.package_identification:_identify(.) by extensions ['colcon_meta']
[0.291s] Level 1:colcon.colcon_core.package_identification:_identify(.) by extension 'colcon_meta'
[0.291s] Level 1:colcon.colcon_core.package_identification:_identify(.) by extensions ['ros']
[0.292s] Level 1:colcon.colcon_core.package_identification:_identify(.) by extension 'ros'
[0.310s] Level 1:colcon.colcon_core.package_identification:_identify(.) by extensions ['cmake', 'python']
[0.310s] Level 1:colcon.colcon_core.package_identification:_identify(.) by extension 'cmake'
[0.310s] Level 1:colcon.colcon_core.package_identification:_identify(.) by extension 'python'
[0.310s] Level 1:colcon.colcon_core.package_identification:_identify(.) by extensions ['python_setup_py']
[0.310s] Level 1:colcon.colcon_core.package_identification:_identify(.) by extension 'python_setup_py'
[0.310s] Level 1:colcon.colcon_core.package_identification:_identify(build) by extensions ['ignore', 'ignore_ament_install']
[0.311s] Level 1:colcon.colcon_core.package_identification:_identify(build) by extension 'ignore'
[0.311s] Level 1:colcon.colcon_core.package_identification:_identify(build) ignored
[0.311s] Level 1:colcon.colcon_core.package_identification:_identify(install) by extensions ['ignore', 'ignore_ament_install']
[0.311s] Level 1:colcon.colcon_core.package_identification:_identify(install) by extension 'ignore'
[0.311s] Level 1:colcon.colcon_core.package_identification:_identify(install) ignored
[0.311s] Level 1:colcon.colcon_core.package_identification:_identify(log) by extensions ['ignore', 'ignore_ament_install']
[0.311s] Level 1:colcon.colcon_core.package_identification:_identify(log) by extension 'ignore'
[0.311s] Level 1:colcon.colcon_core.package_identification:_identify(log) ignored
[0.311s] Level 1:colcon.colcon_core.package_identification:_identify(src) by extensions ['ignore', 'ignore_ament_install']
[0.311s] Level 1:colcon.colcon_core.package_identification:_identify(src) by extension 'ignore'
[0.311s] Level 1:colcon.colcon_core.package_identification:_identify(src) by extension 'ignore_ament_install'
[0.311s] Level 1:colcon.colcon_core.package_identification:_identify(src) by extensions ['colcon_pkg']
[0.311s] Level 1:colcon.colcon_core.package_identification:_identify(src) by extension 'colcon_pkg'
[0.311s] Level 1:colcon.colcon_core.package_identification:_identify(src) by extensions ['colcon_meta']
[0.311s] Level 1:colcon.colcon_core.package_identification:_identify(src) by extension 'colcon_meta'
[0.311s] Level 1:colcon.colcon_core.package_identification:_identify(src) by extensions ['ros']
[0.311s] Level 1:colcon.colcon_core.package_identification:_identify(src) by extension 'ros'
[0.311s] Level 1:colcon.colcon_core.package_identification:_identify(src) by extensions ['cmake', 'python']
[0.311s] Level 1:colcon.colcon_core.package_identification:_identify(src) by extension 'cmake'
[0.312s] Level 1:colcon.colcon_core.package_identification:_identify(src) by extension 'python'
[0.312s] Level 1:colcon.colcon_core.package_identification:_identify(src) by extensions ['python_setup_py']
[0.312s] Level 1:colcon.colcon_core.package_identification:_identify(src) by extension 'python_setup_py'
[0.312s] Level 1:colcon.colcon_core.package_identification:_identify(src/navigation) by extensions ['ignore', 'ignore_ament_install']
[0.312s] Level 1:colcon.colcon_core.package_identification:_identify(src/navigation) by extension 'ignore'
[0.312s] Level 1:colcon.colcon_core.package_identification:_identify(src/navigation) by extension 'ignore_ament_install'
[0.312s] Level 1:colcon.colcon_core.package_identification:_identify(src/navigation) by extensions ['colcon_pkg']
[0.312s] Level 1:colcon.colcon_core.package_identification:_identify(src/navigation) by extension 'colcon_pkg'
[0.312s] Level 1:colcon.colcon_core.package_identification:_identify(src/navigation) by extensions ['colcon_meta']
[0.312s] Level 1:colcon.colcon_core.package_identification:_identify(src/navigation) by extension 'colcon_meta'
[0.312s] Level 1:colcon.colcon_core.package_identification:_identify(src/navigation) by extensions ['ros']
[0.312s] Level 1:colcon.colcon_core.package_identification:_identify(src/navigation) by extension 'ros'
[0.315s] DEBUG:colcon.colcon_core.package_identification:Package 'src/navigation' with type 'ros.ament_cmake' and name 'navigation'
[0.315s] Level 1:colcon.colcon_core.package_identification:_identify(src/robotpatrol) by extensions ['ignore', 'ignore_ament_install']
[0.315s] Level 1:colcon.colcon_core.package_identification:_identify(src/robotpatrol) by extension 'ignore'
[0.315s] Level 1:colcon.colcon_core.package_identification:_identify(src/robotpatrol) by extension 'ignore_ament_install'
[0.315s] Level 1:colcon.colcon_core.package_identification:_identify(src/robotpatrol) by extensions ['colcon_pkg']
[0.315s] Level 1:colcon.colcon_core.package_identification:_identify(src/robotpatrol) by extension 'colcon_pkg'
[0.315s] Level 1:colcon.colcon_core.package_identification:_identify(src/robotpatrol) by extensions ['colcon_meta']
[0.315s] Level 1:colcon.colcon_core.package_identification:_identify(src/robotpatrol) by extension 'colcon_meta'
[0.315s] Level 1:colcon.colcon_core.package_identification:_identify(src/robotpatrol) by extensions ['ros']
[0.315s] Level 1:colcon.colcon_core.package_identification:_identify(src/robotpatrol) by extension 'ros'
[0.316s] DEBUG:colcon.colcon_core.package_identification:Package 'src/robotpatrol' with type 'ros.ament_cmake' and name 'robotpatrol'
[0.316s] Level 1:colcon.colcon_core.package_discovery:discover_packages(recursive) using defaults
[0.316s] Level 1:colcon.colcon_core.package_discovery:discover_packages(ignore) discover
[0.316s] Level 1:colcon.colcon_core.package_discovery:discover_packages(ignore) using defaults
[0.316s] Level 1:colcon.colcon_core.package_discovery:discover_packages(path) discover
[0.316s] Level 1:colcon.colcon_core.package_discovery:discover_packages(path) using defaults
[0.335s] Level 1:colcon.colcon_core.package_discovery:discover_packages(prefix_path) check parameters
[0.335s] Level 1:colcon.colcon_core.package_discovery:discover_packages(prefix_path) discover
[0.339s] DEBUG:colcon.colcon_installed_package_information.package_discovery:Found 335 installed packages in /opt/ros/foxy
[0.341s] Level 1:colcon.colcon_core.package_discovery:discover_packages(prefix_path) using defaults
[0.410s] Level 5:colcon.colcon_core.verb:set package 'navigation' build argument 'cmake_args' from command line to 'None'
[0.410s] Level 5:colcon.colcon_core.verb:set package 'navigation' build argument 'cmake_target' from command line to 'None'
[0.410s] Level 5:colcon.colcon_core.verb:set package 'navigation' build argument 'cmake_target_skip_unavailable' from command line to 'False'
[0.410s] Level 5:colcon.colcon_core.verb:set package 'navigation' build argument 'cmake_clean_cache' from command line to 'False'
[0.410s] Level 5:colcon.colcon_core.verb:set package 'navigation' build argument 'cmake_clean_first' from command line to 'False'
[0.410s] Level 5:colcon.colcon_core.verb:set package 'navigation' build argument 'cmake_force_configure' from command line to 'False'
[0.410s] Level 5:colcon.colcon_core.verb:set package 'navigation' build argument 'ament_cmake_args' from command line to 'None'
[0.410s] Level 5:colcon.colcon_core.verb:set package 'navigation' build argument 'catkin_cmake_args' from command line to 'None'
[0.410s] Level 5:colcon.colcon_core.verb:set package 'navigation' build argument 'catkin_skip_building_tests' from command line to 'False'
[0.410s] DEBUG:colcon.colcon_core.verb:Building package 'navigation' with the following arguments: {'ament_cmake_args': None, 'build_base': '/home/admin/Desktop/Project180/build/navigation', 'catkin_cmake_args': None, 'catkin_skip_building_tests': False, 'cmake_args': None, 'cmake_clean_cache': False, 'cmake_clean_first': False, 'cmake_force_configure': False, 'cmake_target': None, 'cmake_target_skip_unavailable': False, 'install_base': '/home/admin/Desktop/Project180/install/navigation', 'merge_install': False, 'path': '/home/admin/Desktop/Project180/src/navigation', 'symlink_install': False, 'test_result_base': None}
[0.411s] Level 5:colcon.colcon_core.verb:set package 'robotpatrol' build argument 'cmake_args' from command line to 'None'
[0.411s] Level 5:colcon.colcon_core.verb:set package 'robotpatrol' build argument 'cmake_target' from command line to 'None'
[0.411s] Level 5:colcon.colcon_core.verb:set package 'robotpatrol' build argument 'cmake_target_skip_unavailable' from command line to 'False'
[0.411s] Level 5:colcon.colcon_core.verb:set package 'robotpatrol' build argument 'cmake_clean_cache' from command line to 'False'
[0.411s] Level 5:colcon.colcon_core.verb:set package 'robotpatrol' build argument 'cmake_clean_first' from command line to 'False'
[0.411s] Level 5:colcon.colcon_core.verb:set package 'robotpatrol' build argument 'cmake_force_configure' from command line to 'False'
[0.411s] Level 5:colcon.colcon_core.verb:set package 'robotpatrol' build argument 'ament_cmake_args' from command line to 'None'
[0.411s] Level 5:colcon.colcon_core.verb:set package 'robotpatrol' build argument 'catkin_cmake_args' from command line to 'None'
[0.411s] Level 5:colcon.colcon_core.verb:set package 'robotpatrol' build argument 'catkin_skip_building_tests' from command line to 'False'
[0.412s] DEBUG:colcon.colcon_core.verb:Building package 'robotpatrol' with the following arguments: {'ament_cmake_args': None, 'build_base': '/home/admin/Desktop/Project180/build/robotpatrol', 'catkin_cmake_args': None, 'catkin_skip_building_tests': False, 'cmake_args': None, 'cmake_clean_cache': False, 'cmake_clean_first': False, 'cmake_force_configure': False, 'cmake_target': None, 'cmake_target_skip_unavailable': False, 'install_base': '/home/admin/Desktop/Project180/install/robotpatrol', 'merge_install': False, 'path': '/home/admin/Desktop/Project180/src/robotpatrol', 'symlink_install': False, 'test_result_base': None}
[0.413s] INFO:colcon.colcon_core.executor:Executing jobs using 'parallel' executor
[0.416s] DEBUG:colcon.colcon_parallel_executor.executor.parallel:run_until_complete
[0.416s] INFO:colcon.colcon_ros.task.ament_cmake.build:Building ROS package in '/home/admin/Desktop/Project180/src/navigation' with build type 'ament_cmake'
[0.416s] INFO:colcon.colcon_cmake.task.cmake.build:Building CMake package in '/home/admin/Desktop/Project180/src/navigation'
[0.420s] INFO:colcon.colcon_core.plugin_system:Skipping extension 'colcon_core.shell.bat': Not used on non-Windows systems
[0.421s] INFO:colcon.colcon_core.shell:Skip shell extension 'powershell' for command environment: Not usable outside of PowerShell
[0.421s] DEBUG:colcon.colcon_core.shell:Skip shell extension 'dsv' for command environment
[0.425s] INFO:colcon.colcon_ros.task.ament_cmake.build:Building ROS package in '/home/admin/Desktop/Project180/src/robotpatrol' with build type 'ament_cmake'
[0.426s] INFO:colcon.colcon_cmake.task.cmake.build:Building CMake package in '/home/admin/Desktop/Project180/src/robotpatrol'
[0.427s] INFO:colcon.colcon_core.shell:Skip shell extension 'powershell' for command environment: Not usable outside of PowerShell
[0.428s] DEBUG:colcon.colcon_core.shell:Skip shell extension 'dsv' for command environment
[0.440s] DEBUG:colcon.colcon_core.event_handler.log_command:Invoking command in '/home/admin/Desktop/Project180/build/navigation': CMAKE_PREFIX_PATH=/opt/ros/foxy /usr/bin/cmake /home/admin/Desktop/Project180/src/navigation -DCMAKE_INSTALL_PREFIX=/home/admin/Desktop/Project180/install/navigation
[0.452s] DEBUG:colcon.colcon_core.event_handler.log_command:Invoking command in '/home/admin/Desktop/Project180/build/robotpatrol': CMAKE_PREFIX_PATH=/opt/ros/foxy /usr/bin/cmake --build /home/admin/Desktop/Project180/build/robotpatrol -- -j8 -l8
[0.498s] DEBUG:colcon.colcon_core.event_handler.log_command:Invoked command in '/home/admin/Desktop/Project180/build/robotpatrol' returned '0': CMAKE_PREFIX_PATH=/opt/ros/foxy /usr/bin/cmake --build /home/admin/Desktop/Project180/build/robotpatrol -- -j8 -l8
[0.540s] DEBUG:colcon.colcon_core.event_handler.log_command:Invoking command in '/home/admin/Desktop/Project180/build/robotpatrol': CMAKE_PREFIX_PATH=/opt/ros/foxy /usr/bin/cmake --install /home/admin/Desktop/Project180/build/robotpatrol
[0.567s] Level 1:colcon.colcon_core.environment:create_environment_scripts_only(robotpatrol)
[0.570s] DEBUG:colcon.colcon_core.event_handler.log_command:Invoked command in '/home/admin/Desktop/Project180/build/robotpatrol' returned '0': CMAKE_PREFIX_PATH=/opt/ros/foxy /usr/bin/cmake --install /home/admin/Desktop/Project180/build/robotpatrol
[0.575s] Level 1:colcon.colcon_core.environment:checking '/home/admin/Desktop/Project180/install/robotpatrol' for CMake module files
[0.575s] Level 1:colcon.colcon_core.environment:checking '/home/admin/Desktop/Project180/install/robotpatrol' for CMake config files
[0.583s] Level 1:colcon.colcon_core.shell:create_environment_hook('robotpatrol', 'cmake_prefix_path')
[0.585s] INFO:colcon.colcon_core.shell:Creating environment hook '/home/admin/Desktop/Project180/install/robotpatrol/share/robotpatrol/hook/cmake_prefix_path.ps1'
[0.586s] INFO:colcon.colcon_core.shell:Creating environment descriptor '/home/admin/Desktop/Project180/install/robotpatrol/share/robotpatrol/hook/cmake_prefix_path.dsv'
[0.586s] INFO:colcon.colcon_core.shell:Creating environment hook '/home/admin/Desktop/Project180/install/robotpatrol/share/robotpatrol/hook/cmake_prefix_path.sh'
[0.588s] Level 1:colcon.colcon_core.environment:checking '/home/admin/Desktop/Project180/install/robotpatrol/bin'
[0.588s] Level 1:colcon.colcon_core.environment:checking '/home/admin/Desktop/Project180/install/robotpatrol/lib/pkgconfig/robotpatrol.pc'
[0.588s] Level 1:colcon.colcon_core.environment:checking '/home/admin/Desktop/Project180/install/robotpatrol/lib/python3.8/site-packages'
[0.588s] Level 1:colcon.colcon_core.environment:checking '/home/admin/Desktop/Project180/install/robotpatrol/bin'
[0.591s] INFO:colcon.colcon_core.shell:Creating package script '/home/admin/Desktop/Project180/install/robotpatrol/share/robotpatrol/package.ps1'
[0.593s] INFO:colcon.colcon_core.shell:Creating package descriptor '/home/admin/Desktop/Project180/install/robotpatrol/share/robotpatrol/package.dsv'
[0.593s] INFO:colcon.colcon_core.shell:Creating package script '/home/admin/Desktop/Project180/install/robotpatrol/share/robotpatrol/package.sh'
[0.594s] INFO:colcon.colcon_core.shell:Creating package script '/home/admin/Desktop/Project180/install/robotpatrol/share/robotpatrol/package.bash'
[0.595s] INFO:colcon.colcon_core.shell:Creating package script '/home/admin/Desktop/Project180/install/robotpatrol/share/robotpatrol/package.zsh'
[0.596s] Level 1:colcon.colcon_core.environment:create_file_with_runtime_dependencies(/home/admin/Desktop/Project180/install/robotpatrol/share/colcon-core/packages/robotpatrol)
[0.621s] Level 1:colcon.colcon_core.environment:create_environment_scripts_only(robotpatrol)
[0.623s] Level 1:colcon.colcon_core.environment:checking '/home/admin/Desktop/Project180/install/robotpatrol' for CMake module files
[0.624s] Level 1:colcon.colcon_core.environment:checking '/home/admin/Desktop/Project180/install/robotpatrol' for CMake config files
[0.624s] Level 1:colcon.colcon_core.shell:create_environment_hook('robotpatrol', 'cmake_prefix_path')
[0.625s] INFO:colcon.colcon_core.shell:Creating environment hook '/home/admin/Desktop/Project180/install/robotpatrol/share/robotpatrol/hook/cmake_prefix_path.ps1'
[0.626s] INFO:colcon.colcon_core.shell:Creating environment descriptor '/home/admin/Desktop/Project180/install/robotpatrol/share/robotpatrol/hook/cmake_prefix_path.dsv'
[0.626s] INFO:colcon.colcon_core.shell:Creating environment hook '/home/admin/Desktop/Project180/install/robotpatrol/share/robotpatrol/hook/cmake_prefix_path.sh'
[0.626s] Level 1:colcon.colcon_core.environment:checking '/home/admin/Desktop/Project180/install/robotpatrol/bin'
[0.627s] Level 1:colcon.colcon_core.environment:checking '/home/admin/Desktop/Project180/install/robotpatrol/lib/pkgconfig/robotpatrol.pc'
[0.627s] Level 1:colcon.colcon_core.environment:checking '/home/admin/Desktop/Project180/install/robotpatrol/lib/python3.8/site-packages'
[0.627s] Level 1:colcon.colcon_core.environment:checking '/home/admin/Desktop/Project180/install/robotpatrol/bin'
[0.628s] INFO:colcon.colcon_core.shell:Creating package script '/home/admin/Desktop/Project180/install/robotpatrol/share/robotpatrol/package.ps1'
[0.628s] INFO:colcon.colcon_core.shell:Creating package descriptor '/home/admin/Desktop/Project180/install/robotpatrol/share/robotpatrol/package.dsv'
[0.629s] INFO:colcon.colcon_core.shell:Creating package script '/home/admin/Desktop/Project180/install/robotpatrol/share/robotpatrol/package.sh'
[0.629s] INFO:colcon.colcon_core.shell:Creating package script '/home/admin/Desktop/Project180/install/robotpatrol/share/robotpatrol/package.bash'
[0.629s] INFO:colcon.colcon_core.shell:Creating package script '/home/admin/Desktop/Project180/install/robotpatrol/share/robotpatrol/package.zsh'
[0.630s] Level 1:colcon.colcon_core.environment:create_file_with_runtime_dependencies(/home/admin/Desktop/Project180/install/robotpatrol/share/colcon-core/packages/robotpatrol)
[2.259s] DEBUG:colcon.colcon_core.event_handler.log_command:Invoked command in '/home/admin/Desktop/Project180/build/navigation' returned '0': CMAKE_PREFIX_PATH=/opt/ros/foxy /usr/bin/cmake /home/admin/Desktop/Project180/src/navigation -DCMAKE_INSTALL_PREFIX=/home/admin/Desktop/Project180/install/navigation
[2.261s] DEBUG:colcon.colcon_core.event_handler.log_command:Invoking command in '/home/admin/Desktop/Project180/build/navigation': CMAKE_PREFIX_PATH=/opt/ros/foxy /usr/bin/cmake --build /home/admin/Desktop/Project180/build/navigation -- -j8 -l8
[19.755s] DEBUG:colcon.colcon_core.event_handler.log_command:Invoked command in '/home/admin/Desktop/Project180/build/navigation' returned '0': CMAKE_PREFIX_PATH=/opt/ros/foxy /usr/bin/cmake --build /home/admin/Desktop/Project180/build/navigation -- -j8 -l8
[19.781s] DEBUG:colcon.colcon_core.event_handler.log_command:Invoking command in '/home/admin/Desktop/Project180/build/navigation': CMAKE_PREFIX_PATH=/opt/ros/foxy /usr/bin/cmake --install /home/admin/Desktop/Project180/build/navigation
[19.822s] Level 1:colcon.colcon_core.environment:create_environment_scripts_only(navigation)
[19.824s] Level 1:colcon.colcon_core.environment:checking '/home/admin/Desktop/Project180/install/navigation' for CMake module files
[19.826s] DEBUG:colcon.colcon_core.event_handler.log_command:Invoked command in '/home/admin/Desktop/Project180/build/navigation' returned '0': CMAKE_PREFIX_PATH=/opt/ros/foxy /usr/bin/cmake --install /home/admin/Desktop/Project180/build/navigation
[19.826s] Level 1:colcon.colcon_core.environment:checking '/home/admin/Desktop/Project180/install/navigation' for CMake config files
[19.826s] Level 1:colcon.colcon_core.shell:create_environment_hook('navigation', 'cmake_prefix_path')
[19.828s] INFO:colcon.colcon_core.shell:Creating environment hook '/home/admin/Desktop/Project180/install/navigation/share/navigation/hook/cmake_prefix_path.ps1'
[19.828s] INFO:colcon.colcon_core.shell:Creating environment descriptor '/home/admin/Desktop/Project180/install/navigation/share/navigation/hook/cmake_prefix_path.dsv'
[19.828s] INFO:colcon.colcon_core.shell:Creating environment hook '/home/admin/Desktop/Project180/install/navigation/share/navigation/hook/cmake_prefix_path.sh'
[19.829s] Level 1:colcon.colcon_core.environment:checking '/home/admin/Desktop/Project180/install/navigation/lib'
[19.829s] Level 1:colcon.colcon_core.environment:checking '/home/admin/Desktop/Project180/install/navigation/bin'
[19.829s] Level 1:colcon.colcon_core.environment:checking '/home/admin/Desktop/Project180/install/navigation/lib/pkgconfig/navigation.pc'
[19.829s] Level 1:colcon.colcon_core.environment:checking '/home/admin/Desktop/Project180/install/navigation/lib/python3.8/site-packages'
[19.829s] Level 1:colcon.colcon_core.environment:checking '/home/admin/Desktop/Project180/install/navigation/bin'
[19.830s] INFO:colcon.colcon_core.shell:Creating package script '/home/admin/Desktop/Project180/install/navigation/share/navigation/package.ps1'
[19.831s] INFO:colcon.colcon_core.shell:Creating package descriptor '/home/admin/Desktop/Project180/install/navigation/share/navigation/package.dsv'
[19.831s] INFO:colcon.colcon_core.shell:Creating package script '/home/admin/Desktop/Project180/install/navigation/share/navigation/package.sh'
[19.831s] INFO:colcon.colcon_core.shell:Creating package script '/home/admin/Desktop/Project180/install/navigation/share/navigation/package.bash'
[19.831s] INFO:colcon.colcon_core.shell:Creating package script '/home/admin/Desktop/Project180/install/navigation/share/navigation/package.zsh'
[19.832s] Level 1:colcon.colcon_core.environment:create_file_with_runtime_dependencies(/home/admin/Desktop/Project180/install/navigation/share/colcon-core/packages/navigation)
[19.859s] Level 1:colcon.colcon_core.environment:create_environment_scripts_only(navigation)
[19.861s] Level 1:colcon.colcon_core.environment:checking '/home/admin/Desktop/Project180/install/navigation' for CMake module files
[19.861s] Level 1:colcon.colcon_core.environment:checking '/home/admin/Desktop/Project180/install/navigation' for CMake config files
[19.861s] Level 1:colcon.colcon_core.shell:create_environment_hook('navigation', 'cmake_prefix_path')
[19.862s] INFO:colcon.colcon_core.shell:Creating environment hook '/home/admin/Desktop/Project180/install/navigation/share/navigation/hook/cmake_prefix_path.ps1'
[19.863s] INFO:colcon.colcon_core.shell:Creating environment descriptor '/home/admin/Desktop/Project180/install/navigation/share/navigation/hook/cmake_prefix_path.dsv'
[19.863s] INFO:colcon.colcon_core.shell:Creating environment hook '/home/admin/Desktop/Project180/install/navigation/share/navigation/hook/cmake_prefix_path.sh'
[19.864s] Level 1:colcon.colcon_core.environment:checking '/home/admin/Desktop/Project180/install/navigation/lib'
[19.864s] Level 1:colcon.colcon_core.environment:checking '/home/admin/Desktop/Project180/install/navigation/bin'
[19.864s] Level 1:colcon.colcon_core.environment:checking '/home/admin/Desktop/Project180/install/navigation/lib/pkgconfig/navigation.pc'
[19.864s] Level 1:colcon.colcon_core.environment:checking '/home/admin/Desktop/Project180/install/navigation/lib/python3.8/site-packages'
[19.864s] Level 1:colcon.colcon_core.environment:checking '/home/admin/Desktop/Project180/install/navigation/bin'
[19.865s] INFO:colcon.colcon_core.shell:Creating package script '/home/admin/Desktop/Project180/install/navigation/share/navigation/package.ps1'
[19.865s] INFO:colcon.colcon_core.shell:Creating package descriptor '/home/admin/Desktop/Project180/install/navigation/share/navigation/package.dsv'
[19.866s] INFO:colcon.colcon_core.shell:Creating package script '/home/admin/Desktop/Project180/install/navigation/share/navigation/package.sh'
[19.866s] INFO:colcon.colcon_core.shell:Creating package script '/home/admin/Desktop/Project180/install/navigation/share/navigation/package.bash'
[19.867s] INFO:colcon.colcon_core.shell:Creating package script '/home/admin/Desktop/Project180/install/navigation/share/navigation/package.zsh'
[19.867s] Level 1:colcon.colcon_core.environment:create_file_with_runtime_dependencies(/home/admin/Desktop/Project180/install/navigation/share/colcon-core/packages/navigation)
[19.867s] DEBUG:colcon.colcon_parallel_executor.executor.parallel:closing loop
[19.868s] DEBUG:colcon.colcon_parallel_executor.executor.parallel:loop closed
[19.868s] DEBUG:colcon.colcon_parallel_executor.executor.parallel:run_until_complete finished with '0'
[19.868s] DEBUG:colcon.colcon_core.event_reactor:joining thread
[19.873s] INFO:colcon.colcon_core.plugin_system:Skipping extension 'colcon_notification.desktop_notification.terminal_notifier': Not used on non-Darwin systems
[19.873s] INFO:colcon.colcon_core.plugin_system:Skipping extension 'colcon_notification.desktop_notification.win32': Not used on non-Windows systems
[19.873s] INFO:colcon.colcon_notification.desktop_notification:Sending desktop notification using 'notify2'
[19.888s] DEBUG:colcon.colcon_core.event_reactor:joined thread
[19.890s] INFO:colcon.colcon_core.shell:Creating prefix script '/home/admin/Desktop/Project180/install/local_setup.ps1'
[19.891s] INFO:colcon.colcon_core.shell:Creating prefix util module '/home/admin/Desktop/Project180/install/_local_setup_util_ps1.py'
[19.892s] INFO:colcon.colcon_core.shell:Creating prefix chain script '/home/admin/Desktop/Project180/install/setup.ps1'
[19.893s] INFO:colcon.colcon_core.shell:Creating prefix script '/home/admin/Desktop/Project180/install/local_setup.sh'
[19.894s] INFO:colcon.colcon_core.shell:Creating prefix util module '/home/admin/Desktop/Project180/install/_local_setup_util_sh.py'
[19.895s] INFO:colcon.colcon_core.shell:Creating prefix chain script '/home/admin/Desktop/Project180/install/setup.sh'
[19.897s] INFO:colcon.colcon_core.shell:Creating prefix script '/home/admin/Desktop/Project180/install/local_setup.bash'
[19.897s] INFO:colcon.colcon_core.shell:Creating prefix chain script '/home/admin/Desktop/Project180/install/setup.bash'
[19.899s] INFO:colcon.colcon_core.shell:Creating prefix script '/home/admin/Desktop/Project180/install/local_setup.zsh'
[19.899s] INFO:colcon.colcon_core.shell:Creating prefix chain script '/home/admin/Desktop/Project180/install/setup.zsh'
