[0.024s] Invoking command in '/home/admin/Desktop/Project180/src/build/robotpatrol': CMAKE_PREFIX_PATH=${CMAKE_PREFIX_PATH}:/opt/ros/foxy /usr/bin/cmake --build /home/admin/Desktop/Project180/src/build/robotpatrol -- -j8 -l8
[0.140s] [ 37%] Built target testpackage
[0.172s] [ 62%] Built target navigator
[0.193s] [35m[1mScanning dependencies of target testnavigation[0m
[0.233s] [ 75%] [32mBuilding CXX object CMakeFiles/testnavigation.dir/src/testnavigator.cpp.o[0m
[1.957s] In file included from [01m[K/opt/ros/foxy/include/rclcpp/service.hpp:34[m[K,
[1.957s]                  from [01m[K/opt/ros/foxy/include/rclcpp/callback_group.hpp:25[m[K,
[1.957s]                  from [01m[K/opt/ros/foxy/include/rclcpp/any_executable.hpp:20[m[K,
[1.957s]                  from [01m[K/opt/ros/foxy/include/rclcpp/memory_strategy.hpp:24[m[K,
[1.957s]                  from [01m[K/opt/ros/foxy/include/rclcpp/memory_strategies.hpp:18[m[K,
[1.957s]                  from [01m[K/opt/ros/foxy/include/rclcpp/executor_options.hpp:20[m[K,
[1.957s]                  from [01m[K/opt/ros/foxy/include/rclcpp/executor.hpp:33[m[K,
[1.957s]                  from [01m[K/opt/ros/foxy/include/rclcpp/executors/multi_threaded_executor.hpp:26[m[K,
[1.958s]                  from [01m[K/opt/ros/foxy/include/rclcpp/executors.hpp:21[m[K,
[1.958s]                  from [01m[K/opt/ros/foxy/include/rclcpp/rclcpp.hpp:146[m[K,
[1.958s]                  from [01m[K/home/admin/Desktop/Project180/src/robotpatrol/src/testnavigator.cpp:17[m[K:
[1.958s] [01m[K/home/admin/Desktop/Project180/src/robotpatrol/src/testnavigator.cpp:[m[K In function ‘[01m[Kint main(int, char**)[m[K’:
[1.958s] [01m[K/home/admin/Desktop/Project180/src/robotpatrol/src/testnavigator.cpp:65:17:[m[K [01;31m[Kerror: [m[Kinvalid use of ‘[01m[Kthis[m[K’ in non-member function
[1.958s]    65 |     RCLCPP_INFO([01;31m[Kthis[m[K->get_logger(), "Moving towards position (%f, %f)", goal_pos->position.x, goal_pos->position.y);
[1.958s]       |                 [01;31m[K^~~~[m[K
[1.958s] [01m[K/home/admin/Desktop/Project180/src/robotpatrol/src/testnavigator.cpp:65:17:[m[K [01;31m[Kerror: [m[Kinvalid use of ‘[01m[Kthis[m[K’ in non-member function
[1.958s] [01m[K/home/admin/Desktop/Project180/src/robotpatrol/src/testnavigator.cpp:65:5:[m[K [01;31m[Kerror: [m[Ktemplate argument 1 is invalid
[1.958s]    65 |     [01;31m[KRCLCPP_INFO[m[K(this->get_logger(), "Moving towards position (%f, %f)", goal_pos->position.x, goal_pos->position.y);
[1.958s]       |     [01;31m[K^~~~~~~~~~~[m[K
[1.958s] [01m[K/home/admin/Desktop/Project180/src/robotpatrol/src/testnavigator.cpp:65:5:[m[K [01;31m[Kerror: [m[Ktemplate argument 1 is invalid
[1.958s]    65 |     [01;31m[KRCLCPP_INFO[m[K(this->get_logger(), "Moving towards position (%f, %f)", goal_pos->position.x, goal_pos->position.y);
[1.958s]       |     [01;31m[K^~~~~~~~~~~[m[K
[1.958s] [01m[K/home/admin/Desktop/Project180/src/robotpatrol/src/testnavigator.cpp:65:5:[m[K [01;31m[Kerror: [m[Ktemplate argument 1 is invalid
[1.959s]    65 |     [01;31m[KRCLCPP_INFO[m[K(this->get_logger(), "Moving towards position (%f, %f)", goal_pos->position.x, goal_pos->position.y);
[1.959s]       |     [01;31m[K^~~~~~~~~~~[m[K
[1.959s] In file included from [01m[K/opt/ros/foxy/include/rclcpp/client.hpp:40[m[K,
[1.959s]                  from [01m[K/opt/ros/foxy/include/rclcpp/callback_group.hpp:23[m[K,
[1.959s]                  from [01m[K/opt/ros/foxy/include/rclcpp/any_executable.hpp:20[m[K,
[1.959s]                  from [01m[K/opt/ros/foxy/include/rclcpp/memory_strategy.hpp:24[m[K,
[1.959s]                  from [01m[K/opt/ros/foxy/include/rclcpp/memory_strategies.hpp:18[m[K,
[1.959s]                  from [01m[K/opt/ros/foxy/include/rclcpp/executor_options.hpp:20[m[K,
[1.959s]                  from [01m[K/opt/ros/foxy/include/rclcpp/executor.hpp:33[m[K,
[1.959s]                  from [01m[K/opt/ros/foxy/include/rclcpp/executors/multi_threaded_executor.hpp:26[m[K,
[1.959s]                  from [01m[K/opt/ros/foxy/include/rclcpp/executors.hpp:21[m[K,
[1.959s]                  from [01m[K/opt/ros/foxy/include/rclcpp/rclcpp.hpp:146[m[K,
[1.959s]                  from [01m[K/home/admin/Desktop/Project180/src/robotpatrol/src/testnavigator.cpp:17[m[K:
[1.959s] [01m[K/home/admin/Desktop/Project180/src/robotpatrol/src/testnavigator.cpp:65:17:[m[K [01;31m[Kerror: [m[Kinvalid use of ‘[01m[Kthis[m[K’ in non-member function
[1.959s]    65 |     RCLCPP_INFO([01;31m[Kthis[m[K->get_logger(), "Moving towards position (%f, %f)", goal_pos->position.x, goal_pos->position.y);
[1.959s]       |                 [01;31m[K^~~~[m[K
[1.959s] [01m[K/home/admin/Desktop/Project180/src/robotpatrol/src/testnavigator.cpp:65:17:[m[K [01;31m[Kerror: [m[Kinvalid use of ‘[01m[Kthis[m[K’ in non-member function
[1.959s]    65 |     RCLCPP_INFO([01;31m[Kthis[m[K->get_logger(), "Moving towards position (%f, %f)", goal_pos->position.x, goal_pos->position.y);
[1.959s]       |                 [01;31m[K^~~~[m[K
[2.742s] make[2]: *** [CMakeFiles/testnavigation.dir/build.make:63: CMakeFiles/testnavigation.dir/src/testnavigator.cpp.o] Error 1
[2.742s] make[1]: *** [CMakeFiles/Makefile2:109: CMakeFiles/testnavigation.dir/all] Error 2
[2.742s] make: *** [Makefile:141: all] Error 2
[2.748s] Invoked command in '/home/admin/Desktop/Project180/src/build/robotpatrol' returned '2': CMAKE_PREFIX_PATH=${CMAKE_PREFIX_PATH}:/opt/ros/foxy /usr/bin/cmake --build /home/admin/Desktop/Project180/src/build/robotpatrol -- -j8 -l8
