[0.022s] Invoking command in '/home/admin/Desktop/Project180/build/robotpatrol': CMAKE_PREFIX_PATH=${CMAKE_PREFIX_PATH}:/home/admin/Desktop/MRTP/MRTP/install/gazeboenvs:/opt/ros/foxy /usr/bin/cmake /home/admin/Desktop/Project180/src/robotpatrol -DCMAKE_INSTALL_PREFIX=/home/admin/Desktop/Project180/install/robotpatrol
[0.298s] -- The C compiler identification is GNU 9.4.0
[0.458s] -- The CXX compiler identification is GNU 9.4.0
[0.469s] -- Check for working C compiler: /usr/bin/cc
[0.564s] -- Check for working C compiler: /usr/bin/cc -- works
[0.566s] -- Detecting C compiler ABI info
[0.656s] -- Detecting C compiler ABI info - done
[0.669s] -- Detecting C compile features
[0.670s] -- Detecting C compile features - done
[0.677s] -- Check for working CXX compiler: /usr/bin/c++
[0.788s] -- Check for working CXX compiler: /usr/bin/c++ -- works
[0.788s] -- Detecting CXX compiler ABI info
[0.899s] -- Detecting CXX compiler ABI info - done
[0.912s] -- Detecting CXX compile features
[0.912s] -- Detecting CXX compile features - done
[0.923s] -- Found ament_cmake: 0.9.11 (/opt/ros/foxy/share/ament_cmake/cmake)
[0.956s] -- Found PythonInterp: /usr/bin/python3 (found suitable version "3.8.10", minimum required is "3") 
[0.956s] -- Using PYTHON_EXECUTABLE: /usr/bin/python3
[1.198s] -- Found rclcpp: 2.4.2 (/opt/ros/foxy/share/rclcpp/cmake)
[1.279s] -- Using all available rosidl_typesupport_c: rosidl_typesupport_fastrtps_c;rosidl_typesupport_introspection_c
[1.291s] -- Found rosidl_adapter: 1.3.0 (/opt/ros/foxy/share/rosidl_adapter/cmake)
[1.404s] -- Found OpenSSL: /usr/lib/x86_64-linux-gnu/libcrypto.so (found version "1.1.1f")  
[1.440s] -- Found FastRTPS: /opt/ros/foxy/include  
[1.560s] -- Using all available rosidl_typesupport_cpp: rosidl_typesupport_fastrtps_cpp;rosidl_typesupport_introspection_cpp
[1.657s] -- Found rmw_implementation_cmake: 1.0.3 (/opt/ros/foxy/share/rmw_implementation_cmake/cmake)
[1.660s] -- Using RMW implementation 'rmw_fastrtps_cpp' as default
[1.671s] -- Looking for pthread.h
[1.774s] -- Looking for pthread.h - found
[1.775s] -- Performing Test CMAKE_HAVE_LIBC_PTHREAD
[1.879s] -- Performing Test CMAKE_HAVE_LIBC_PTHREAD - Failed
[1.879s] -- Looking for pthread_create in pthreads
[1.953s] -- Looking for pthread_create in pthreads - not found
[1.953s] -- Looking for pthread_create in pthread
[2.052s] -- Looking for pthread_create in pthread - found
[2.053s] -- Found Threads: TRUE  
[2.277s] -- Found geometry_msgs: 2.0.5 (/opt/ros/foxy/share/geometry_msgs/cmake)
[2.328s] -- Found nav_msgs: 2.0.5 (/opt/ros/foxy/share/nav_msgs/cmake)
[2.417s] -- Found nav2_msgs: 0.4.7 (/opt/ros/foxy/share/nav2_msgs/cmake)
[2.763s] -- Found rclcpp_action: 2.4.2 (/opt/ros/foxy/share/rclcpp_action/cmake)
[2.810s] -- Found lifecycle_msgs: 1.0.0 (/opt/ros/foxy/share/lifecycle_msgs/cmake)
[2.830s] -- Found ament_lint_auto: 0.9.7 (/opt/ros/foxy/share/ament_lint_auto/cmake)
[2.948s] -- Added test 'copyright' to check source files copyright and LICENSE
[2.950s] -- Added test 'cppcheck' to perform static code analysis on C / C++ code
[2.951s] -- Configured cppcheck include dirs: $<BUILD_INTERFACE:/home/admin/Desktop/Project180/src/robotpatrol/include>
[2.951s] -- Configured cppcheck exclude dirs and/or files: 
[2.952s] -- Added test 'cpplint' to check C / C++ code against the Google style
[2.952s] -- Configured cpplint exclude dirs and/or files: 
[2.953s] -- Added test 'lint_cmake' to check CMake code style
[2.956s] -- Added test 'uncrustify' to check C / C++ code style
[2.956s] -- Configured uncrustify additional arguments: 
[2.957s] -- Added test 'xmllint' to check XML markup files
[2.968s] -- Configuring done
[2.995s] -- Generating done
[2.997s] -- Build files have been written to: /home/admin/Desktop/Project180/build/robotpatrol
[3.011s] Invoked command in '/home/admin/Desktop/Project180/build/robotpatrol' returned '0': CMAKE_PREFIX_PATH=${CMAKE_PREFIX_PATH}:/home/admin/Desktop/MRTP/MRTP/install/gazeboenvs:/opt/ros/foxy /usr/bin/cmake /home/admin/Desktop/Project180/src/robotpatrol -DCMAKE_INSTALL_PREFIX=/home/admin/Desktop/Project180/install/robotpatrol
[3.015s] Invoking command in '/home/admin/Desktop/Project180/build/robotpatrol': CMAKE_PREFIX_PATH=${CMAKE_PREFIX_PATH}:/home/admin/Desktop/MRTP/MRTP/install/gazeboenvs:/opt/ros/foxy /usr/bin/cmake --build /home/admin/Desktop/Project180/build/robotpatrol -- -j8 -l8
[3.075s] [35m[1mScanning dependencies of target testpackage[0m
[3.313s] [ 12%] [32mBuilding CXX object CMakeFiles/testpackage.dir/src/testpackage.cpp.o[0m
[6.346s] [ 25%] [32mBuilding CXX object CMakeFiles/testpackage.dir/src/navigation.cpp.o[0m
[24.423s] [ 37%] [32m[1mLinking CXX executable testpackage[0m
[25.394s] [ 37%] Built target testpackage
[25.409s] [35m[1mScanning dependencies of target navigator[0m
[25.463s] [ 50%] [32mBuilding CXX object CMakeFiles/navigator.dir/src/navigation.cpp.o[0m
[43.685s] [ 62%] [32m[1mLinking CXX static library libnavigator.a[0m
[43.953s] [ 62%] Built target navigator
[43.967s] [35m[1mScanning dependencies of target testnavigation[0m
[44.025s] [ 75%] [32mBuilding CXX object CMakeFiles/testnavigation.dir/src/testnavigator.cpp.o[0m
[46.831s] [ 87%] [32mBuilding CXX object CMakeFiles/testnavigation.dir/src/navigation.cpp.o[0m
[64.518s] [100%] [32m[1mLinking CXX executable testnavigation[0m
[65.349s] [100%] Built target testnavigation
[65.366s] Invoked command in '/home/admin/Desktop/Project180/build/robotpatrol' returned '0': CMAKE_PREFIX_PATH=${CMAKE_PREFIX_PATH}:/home/admin/Desktop/MRTP/MRTP/install/gazeboenvs:/opt/ros/foxy /usr/bin/cmake --build /home/admin/Desktop/Project180/build/robotpatrol -- -j8 -l8
[65.453s] Invoking command in '/home/admin/Desktop/Project180/build/robotpatrol': CMAKE_PREFIX_PATH=${CMAKE_PREFIX_PATH}:/home/admin/Desktop/MRTP/MRTP/install/gazeboenvs:/opt/ros/foxy /usr/bin/cmake --install /home/admin/Desktop/Project180/build/robotpatrol
[65.471s] -- Install configuration: ""
[65.472s] -- Installing: /home/admin/Desktop/Project180/install/robotpatrol/share/robotpatrol/environment/library_path.sh
[65.472s] -- Installing: /home/admin/Desktop/Project180/install/robotpatrol/share/robotpatrol/environment/library_path.dsv
[65.472s] -- Installing: /home/admin/Desktop/Project180/install/robotpatrol/include
[65.472s] -- Installing: /home/admin/Desktop/Project180/install/robotpatrol/include/navigation
[65.472s] -- Installing: /home/admin/Desktop/Project180/install/robotpatrol/include/navigation/navigation.hpp
[65.472s] -- Installing: /home/admin/Desktop/Project180/install/robotpatrol/lib/libnavigator.a
[65.485s] -- Installing: /home/admin/Desktop/Project180/install/robotpatrol/lib/robotpatrol/testnavigation
[65.492s] -- Set runtime path of "/home/admin/Desktop/Project180/install/robotpatrol/lib/robotpatrol/testnavigation" to ""
[65.492s] -- Installing: /home/admin/Desktop/Project180/install/robotpatrol/lib/robotpatrol/testpackage
[65.498s] -- Set runtime path of "/home/admin/Desktop/Project180/install/robotpatrol/lib/robotpatrol/testpackage" to ""
[65.498s] -- Installing: /home/admin/Desktop/Project180/install/robotpatrol/share/ament_index/resource_index/package_run_dependencies/robotpatrol
[65.498s] -- Installing: /home/admin/Desktop/Project180/install/robotpatrol/share/ament_index/resource_index/parent_prefix_path/robotpatrol
[65.498s] -- Installing: /home/admin/Desktop/Project180/install/robotpatrol/share/robotpatrol/environment/ament_prefix_path.sh
[65.498s] -- Installing: /home/admin/Desktop/Project180/install/robotpatrol/share/robotpatrol/environment/ament_prefix_path.dsv
[65.498s] -- Installing: /home/admin/Desktop/Project180/install/robotpatrol/share/robotpatrol/environment/path.sh
[65.499s] -- Installing: /home/admin/Desktop/Project180/install/robotpatrol/share/robotpatrol/environment/path.dsv
[65.499s] -- Installing: /home/admin/Desktop/Project180/install/robotpatrol/share/robotpatrol/local_setup.bash
[65.499s] -- Installing: /home/admin/Desktop/Project180/install/robotpatrol/share/robotpatrol/local_setup.sh
[65.499s] -- Installing: /home/admin/Desktop/Project180/install/robotpatrol/share/robotpatrol/local_setup.zsh
[65.499s] -- Installing: /home/admin/Desktop/Project180/install/robotpatrol/share/robotpatrol/local_setup.dsv
[65.499s] -- Installing: /home/admin/Desktop/Project180/install/robotpatrol/share/robotpatrol/package.dsv
[65.499s] -- Installing: /home/admin/Desktop/Project180/install/robotpatrol/share/ament_index/resource_index/packages/robotpatrol
[65.499s] -- Installing: /home/admin/Desktop/Project180/install/robotpatrol/share/robotpatrol/cmake/navigatorlibExport.cmake
[65.500s] -- Installing: /home/admin/Desktop/Project180/install/robotpatrol/share/robotpatrol/cmake/navigatorlibExport-noconfig.cmake
[65.500s] -- Installing: /home/admin/Desktop/Project180/install/robotpatrol/share/robotpatrol/cmake/ament_cmake_export_targets-extras.cmake
[65.500s] -- Installing: /home/admin/Desktop/Project180/install/robotpatrol/share/robotpatrol/cmake/ament_cmake_export_dependencies-extras.cmake
[65.500s] -- Installing: /home/admin/Desktop/Project180/install/robotpatrol/share/robotpatrol/cmake/robotpatrolConfig.cmake
[65.500s] -- Installing: /home/admin/Desktop/Project180/install/robotpatrol/share/robotpatrol/cmake/robotpatrolConfig-version.cmake
[65.500s] -- Installing: /home/admin/Desktop/Project180/install/robotpatrol/share/robotpatrol/package.xml
[65.503s] Invoked command in '/home/admin/Desktop/Project180/build/robotpatrol' returned '0': CMAKE_PREFIX_PATH=${CMAKE_PREFIX_PATH}:/home/admin/Desktop/MRTP/MRTP/install/gazeboenvs:/opt/ros/foxy /usr/bin/cmake --install /home/admin/Desktop/Project180/build/robotpatrol
