[0.027s] Invoking command in '/home/admin/Desktop/Project180/build/robotpatrol': CMAKE_PREFIX_PATH=${CMAKE_PREFIX_PATH}:/opt/ros/foxy /usr/bin/cmake --build /home/admin/Desktop/Project180/build/robotpatrol -- -j8 -l8
[0.095s] [35m[1mScanning dependencies of target testnavigation[0m
[0.116s] [ 25%] Built target navigator
[0.131s] [ 62%] Built target testpackage
[0.137s] [ 75%] [32mBuilding CXX object CMakeFiles/testnavigation.dir/src/testnavigator.cpp.o[0m
[1.773s] [01m[K/home/admin/Desktop/Project180/src/robotpatrol/src/testnavigator.cpp:[m[K In function ‘[01m[Kint main(int, char**)[m[K’:
[1.773s] [01m[K/home/admin/Desktop/Project180/src/robotpatrol/src/testnavigator.cpp:43:46:[m[K [01;31m[Kerror: [m[K‘[01m[Kendl[m[K’ was not declared in this scope; did you mean ‘[01m[Kstd::endl[m[K’?
[1.773s]    43 |    std::cout<<"------------Test-----------"<<[01;31m[Kendl[m[K;
[1.773s]       |                                              [01;31m[K^~~~[m[K
[1.773s]       |                                              [32m[Kstd::endl[m[K
[1.774s] In file included from [01m[K/usr/include/c++/9/iostream:39[m[K,
[1.774s]                  from [01m[K/opt/ros/foxy/include/rclcpp/executor.hpp:22[m[K,
[1.774s]                  from [01m[K/opt/ros/foxy/include/rclcpp/executors/multi_threaded_executor.hpp:26[m[K,
[1.774s]                  from [01m[K/opt/ros/foxy/include/rclcpp/executors.hpp:21[m[K,
[1.774s]                  from [01m[K/opt/ros/foxy/include/rclcpp/rclcpp.hpp:146[m[K,
[1.774s]                  from [01m[K/home/admin/Desktop/Project180/src/robotpatrol/src/testnavigator.cpp:17[m[K:
[1.774s] [01m[K/usr/include/c++/9/ostream:599:5:[m[K [01;36m[Knote: [m[K‘[01m[Kstd::endl[m[K’ declared here
[1.774s]   599 |     [01;36m[Kendl[m[K(basic_ostream<_CharT, _Traits>& __os)
[1.774s]       |     [01;36m[K^~~~[m[K
[3.710s] make[2]: *** [CMakeFiles/testnavigation.dir/build.make:63: CMakeFiles/testnavigation.dir/src/testnavigator.cpp.o] Error 1
[3.711s] make[1]: *** [CMakeFiles/Makefile2:109: CMakeFiles/testnavigation.dir/all] Error 2
[3.711s] make: *** [Makefile:141: all] Error 2
[3.714s] Invoked command in '/home/admin/Desktop/Project180/build/robotpatrol' returned '2': CMAKE_PREFIX_PATH=${CMAKE_PREFIX_PATH}:/opt/ros/foxy /usr/bin/cmake --build /home/admin/Desktop/Project180/build/robotpatrol -- -j8 -l8
