[0.018s] Invoking command in '/home/admin/Desktop/Project180/src/build/robotpatrol': CMAKE_PREFIX_PATH=${CMAKE_PREFIX_PATH}:/opt/ros/foxy /usr/bin/cmake --build /home/admin/Desktop/Project180/src/build/robotpatrol -- -j8 -l8
[0.073s] [35m[1mScanning dependencies of target testnavigation[0m
[0.089s] [ 25%] Built target navigator
[0.096s] [ 62%] Built target testpackage
[0.117s] [ 75%] [32mBuilding CXX object CMakeFiles/testnavigation.dir/src/testnavigator.cpp.o[0m
[1.594s] [01m[K/home/admin/Desktop/Project180/src/robotpatrol/src/testnavigator.cpp:55:28:[m[K [01;31m[Kerror: [m[K‘[01m[Ksensor_msgs[m[K’ does not name a type
[1.594s]    55 |     void processScan(const [01;31m[Ksensor_msgs[m[K::msg::LaserScan::SharedPtr msg) {
[1.594s]       |                            [01;31m[K^~~~~~~~~~~[m[K
[1.594s] [01m[K/home/admin/Desktop/Project180/src/robotpatrol/src/testnavigator.cpp:55:44:[m[K [01;31m[Kerror: [m[Kexpected unqualified-id before ‘[01m[K::[m[K’ token
[1.594s]    55 |     void processScan(const sensor_msgs::msg[01;31m[K::[m[KLaserScan::SharedPtr msg) {
[1.594s]       |                                            [01;31m[K^~[m[K
[1.594s] [01m[K/home/admin/Desktop/Project180/src/robotpatrol/src/testnavigator.cpp:55:44:[m[K [01;31m[Kerror: [m[Kexpected ‘[01m[K)[m[K’ before ‘[01m[K::[m[K’ token
[1.595s]    55 |     void processScan[34m[K([m[Kconst sensor_msgs::msg[01;31m[K:[m[K[32m[K:[m[KLaserScan::SharedPtr msg) {
[1.595s]       |                     [34m[K~[m[K                      [01;31m[K^[m[K[32m[K~[m[K
[1.595s]       |                                            [32m[K)[m[K
[1.595s] [01m[K/home/admin/Desktop/Project180/src/robotpatrol/src/testnavigator.cpp:55:41:[m[K [01;31m[Kerror: [m[Kexpected ‘[01m[K;[m[K’ at end of member declaration
[1.595s]    55 |     void processScan(const sensor_msgs::[01;31m[Kmsg[m[K::LaserScan::SharedPtr msg) {
[1.595s]       |                                         [01;31m[K^~~[m[K
[1.595s]       |                                            [32m[K;[m[K
[1.595s] [01m[K/home/admin/Desktop/Project180/src/robotpatrol/src/testnavigator.cpp:55:46:[m[K [01;31m[Kerror: [m[K‘[01m[KLaserScan[m[K’ in namespace ‘[01m[K::[m[K’ does not name a type
[1.595s]    55 |     void processScan(const sensor_msgs::msg::[01;31m[KLaserScan[m[K::SharedPtr msg) {
[1.595s]       |                                              [01;31m[K^~~~~~~~~[m[K
[1.603s] [01m[K/home/admin/Desktop/Project180/src/robotpatrol/src/testnavigator.cpp:63:26:[m[K [01;31m[Kerror: [m[K‘[01m[Ksensor_msgs[m[K’ was not declared in this scope
[1.603s]    63 |     rclcpp::Subscription<[01;31m[Ksensor_msgs[m[K::msg::LaserScan>::SharedPtr sub;
[1.603s]       |                          [01;31m[K^~~~~~~~~~~[m[K
[1.603s] [01m[K/home/admin/Desktop/Project180/src/robotpatrol/src/testnavigator.cpp:63:53:[m[K [01;31m[Kerror: [m[Ktemplate argument 1 is invalid
[1.603s]    63 |     rclcpp::Subscription<sensor_msgs::msg::LaserScan[01;31m[K>[m[K::SharedPtr sub;
[1.603s]       |                                                     [01;31m[K^[m[K
[1.603s] [01m[K/home/admin/Desktop/Project180/src/robotpatrol/src/testnavigator.cpp:63:53:[m[K [01;31m[Kerror: [m[Ktemplate argument 3 is invalid
[1.603s] [01m[K/home/admin/Desktop/Project180/src/robotpatrol/src/testnavigator.cpp:63:56:[m[K [01;31m[Kerror: [m[Kexpected ‘[01m[K;[m[K’ at end of member declaration
[1.603s]    63 |     rclcpp::Subscription<sensor_msgs::msg::LaserScan>::[01;31m[KSharedPtr[m[K sub;
[1.603s]       |                                                        [01;31m[K^~~~~~~~~[m[K
[1.603s]       |                                                                 [32m[K;[m[K
[1.603s] [01m[K/home/admin/Desktop/Project180/src/robotpatrol/src/testnavigator.cpp:63:66:[m[K [01;31m[Kerror: [m[K‘[01m[Ksub[m[K’ does not name a type; did you mean ‘[01m[Kfsub[m[K’?
[1.604s]    63 |     rclcpp::Subscription<sensor_msgs::msg::LaserScan>::SharedPtr [01;31m[Ksub[m[K;
[1.604s]       |                                                                  [01;31m[K^~~[m[K
[1.604s]       |                                                                  [32m[Kfsub[m[K
[1.605s] [01m[K/home/admin/Desktop/Project180/src/robotpatrol/src/testnavigator.cpp:[m[K In constructor ‘[01m[KFindClosest::FindClosest()[m[K’:
[1.605s] [01m[K/home/admin/Desktop/Project180/src/robotpatrol/src/testnavigator.cpp:50:5:[m[K [01;31m[Kerror: [m[K‘[01m[Ksub[m[K’ was not declared in this scope; did you mean ‘[01m[Kfsub[m[K’?
[1.606s]    50 |     [01;31m[Ksub[m[K = this->create_subscription<sensor_msgs::msg::LaserScan>(
[1.606s]       |     [01;31m[K^~~[m[K
[1.606s]       |     [32m[Kfsub[m[K
[1.608s] [01m[K/home/admin/Desktop/Project180/src/robotpatrol/src/testnavigator.cpp:50:37:[m[K [01;31m[Kerror: [m[K‘[01m[Ksensor_msgs[m[K’ was not declared in this scope
[1.608s]    50 |     sub = this->create_subscription<[01;31m[Ksensor_msgs[m[K::msg::LaserScan>(
[1.608s]       |                                     [01;31m[K^~~~~~~~~~~[m[K
[1.608s] [01m[K/home/admin/Desktop/Project180/src/robotpatrol/src/testnavigator.cpp:50:17:[m[K [01;31m[Kerror: [m[Kparse error in template argument list
[1.608s]    50 |     sub = this->[01;31m[Kcreate_subscription<sensor_msgs::msg::LaserScan>[m[K(
[1.608s]       |                 [01;31m[K^~~~~~~~~~~~~~~~~~~~~~~~~~~~~~~~~~~~~~~~~~~~~~~~[m[K
[1.615s] [01m[K/home/admin/Desktop/Project180/src/robotpatrol/src/testnavigator.cpp:51:82:[m[K [01;31m[Kerror: [m[Kno matching function for call to ‘[01m[KFindClosest::create_subscription<<expression error> >(const char [5], int, std::_Bind_helper<false, void (FindClosest::*)(...), FindClosest*, const std::_Placeholder<1>&>::type)[m[K’
[1.615s]    51 |     "scan", 10, std::bind(&FindClosest::processScan, this, std::placeholders::_1)[01;31m[K)[m[K;
[1.616s]       |                                                                                  [01;31m[K^[m[K
[1.616s] In file included from [01m[K/opt/ros/foxy/include/rclcpp/executors/single_threaded_executor.hpp:28[m[K,
[1.616s]                  from [01m[K/opt/ros/foxy/include/rclcpp/executors.hpp:22[m[K,
[1.616s]                  from [01m[K/opt/ros/foxy/include/rclcpp/rclcpp.hpp:146[m[K,
[1.616s]                  from [01m[K/home/admin/Desktop/Project180/src/robotpatrol/src/testnavigator.cpp:17[m[K:
[1.616s] [01m[K/opt/ros/foxy/include/rclcpp/node.hpp:213:3:[m[K [01;36m[Knote: [m[Kcandidate: ‘[01m[Ktemplate<class MessageT, class CallbackT, class AllocatorT, class CallbackMessageT, class SubscriptionT, class MessageMemoryStrategyT> std::shared_ptr<SubscriptionT> rclcpp::Node::create_subscription(const string&, const rclcpp::QoS&, CallbackT&&, const rclcpp::SubscriptionOptionsWithAllocator<AllocatorT>&, typename MessageMemoryStrategyT::SharedPtr)[m[K’
[1.616s]   213 |   [01;36m[Kcreate_subscription[m[K(
[1.616s]       |   [01;36m[K^~~~~~~~~~~~~~~~~~~[m[K
[1.616s] [01m[K/opt/ros/foxy/include/rclcpp/node.hpp:213:3:[m[K [01;36m[Knote: [m[K  template argument deduction/substitution failed:
[1.616s] [01m[K/home/admin/Desktop/Project180/src/robotpatrol/src/testnavigator.cpp:51:82:[m[K [01;31m[Kerror: [m[Ktemplate argument 1 is invalid
[1.616s]    51 |     "scan", 10, std::bind(&FindClosest::processScan, this, std::placeholders::_1)[01;31m[K)[m[K;
[1.616s]       |                                                                                  [01;31m[K^[m[K
[3.382s] make[2]: *** [CMakeFiles/testnavigation.dir/build.make:63: CMakeFiles/testnavigation.dir/src/testnavigator.cpp.o] Error 1
[3.382s] make[1]: *** [CMakeFiles/Makefile2:109: CMakeFiles/testnavigation.dir/all] Error 2
[3.385s] make: *** [Makefile:141: all] Error 2
[3.389s] Invoked command in '/home/admin/Desktop/Project180/src/build/robotpatrol' returned '2': CMAKE_PREFIX_PATH=${CMAKE_PREFIX_PATH}:/opt/ros/foxy /usr/bin/cmake --build /home/admin/Desktop/Project180/src/build/robotpatrol -- -j8 -l8
