[0.022s] Invoking command in '/home/admin/Desktop/Project180/build/robotpatrol': CMAKE_PREFIX_PATH=/opt/ros/foxy /usr/bin/cmake --build /home/admin/Desktop/Project180/build/robotpatrol -- -j8 -l8
[0.108s] [35m[1mScanning dependencies of target testnavigation[0m
[0.136s] [ 37%] Built target testpackage
[0.141s] [ 62%] Built target navigator
[0.162s] [ 75%] [32mBuilding CXX object CMakeFiles/testnavigation.dir/src/testnavigator.cpp.o[0m
[7.600s] [ 87%] [32m[1mLinking CXX executable testnavigation[0m
[8.697s] [100%] Built target testnavigation
[8.710s] Invoked command in '/home/admin/Desktop/Project180/build/robotpatrol' returned '0': CMAKE_PREFIX_PATH=/opt/ros/foxy /usr/bin/cmake --build /home/admin/Desktop/Project180/build/robotpatrol -- -j8 -l8
[8.763s] Invoking command in '/home/admin/Desktop/Project180/build/robotpatrol': CMAKE_PREFIX_PATH=/opt/ros/foxy /usr/bin/cmake --install /home/admin/Desktop/Project180/build/robotpatrol
[8.773s] -- Install configuration: ""
[8.773s] -- Up-to-date: /home/admin/Desktop/Project180/install/robotpatrol/share/robotpatrol/environment/library_path.sh
[8.773s] -- Up-to-date: /home/admin/Desktop/Project180/install/robotpatrol/share/robotpatrol/environment/library_path.dsv
[8.773s] -- Up-to-date: /home/admin/Desktop/Project180/install/robotpatrol/include
[8.773s] -- Up-to-date: /home/admin/Desktop/Project180/install/robotpatrol/include/navigation
[8.773s] -- Up-to-date: /home/admin/Desktop/Project180/install/robotpatrol/include/navigation/navigation.hpp
[8.773s] -- Up-to-date: /home/admin/Desktop/Project180/install/robotpatrol/lib/libnavigator.a
[8.774s] -- Installing: /home/admin/Desktop/Project180/install/robotpatrol/lib/robotpatrol/testnavigation
[8.782s] -- Set runtime path of "/home/admin/Desktop/Project180/install/robotpatrol/lib/robotpatrol/testnavigation" to ""
[8.782s] -- Up-to-date: /home/admin/Desktop/Project180/install/robotpatrol/lib/robotpatrol/testpackage
[8.782s] -- Up-to-date: /home/admin/Desktop/Project180/install/robotpatrol/share/ament_index/resource_index/package_run_dependencies/robotpatrol
[8.783s] -- Up-to-date: /home/admin/Desktop/Project180/install/robotpatrol/share/ament_index/resource_index/parent_prefix_path/robotpatrol
[8.783s] -- Up-to-date: /home/admin/Desktop/Project180/install/robotpatrol/share/robotpatrol/environment/ament_prefix_path.sh
[8.783s] -- Up-to-date: /home/admin/Desktop/Project180/install/robotpatrol/share/robotpatrol/environment/ament_prefix_path.dsv
[8.783s] -- Up-to-date: /home/admin/Desktop/Project180/install/robotpatrol/share/robotpatrol/environment/path.sh
[8.783s] -- Up-to-date: /home/admin/Desktop/Project180/install/robotpatrol/share/robotpatrol/environment/path.dsv
[8.784s] -- Up-to-date: /home/admin/Desktop/Project180/install/robotpatrol/share/robotpatrol/local_setup.bash
[8.784s] -- Up-to-date: /home/admin/Desktop/Project180/install/robotpatrol/share/robotpatrol/local_setup.sh
[8.784s] -- Up-to-date: /home/admin/Desktop/Project180/install/robotpatrol/share/robotpatrol/local_setup.zsh
[8.785s] -- Up-to-date: /home/admin/Desktop/Project180/install/robotpatrol/share/robotpatrol/local_setup.dsv
[8.785s] -- Installing: /home/admin/Desktop/Project180/install/robotpatrol/share/robotpatrol/package.dsv
[8.785s] -- Up-to-date: /home/admin/Desktop/Project180/install/robotpatrol/share/ament_index/resource_index/packages/robotpatrol
[8.786s] -- Up-to-date: /home/admin/Desktop/Project180/install/robotpatrol/share/robotpatrol/cmake/navigatorlibExport.cmake
[8.786s] -- Up-to-date: /home/admin/Desktop/Project180/install/robotpatrol/share/robotpatrol/cmake/navigatorlibExport-noconfig.cmake
[8.786s] -- Up-to-date: /home/admin/Desktop/Project180/install/robotpatrol/share/robotpatrol/cmake/ament_cmake_export_targets-extras.cmake
[8.786s] -- Up-to-date: /home/admin/Desktop/Project180/install/robotpatrol/share/robotpatrol/cmake/ament_cmake_export_dependencies-extras.cmake
[8.787s] -- Up-to-date: /home/admin/Desktop/Project180/install/robotpatrol/share/robotpatrol/cmake/robotpatrolConfig.cmake
[8.787s] -- Up-to-date: /home/admin/Desktop/Project180/install/robotpatrol/share/robotpatrol/cmake/robotpatrolConfig-version.cmake
[8.787s] -- Up-to-date: /home/admin/Desktop/Project180/install/robotpatrol/share/robotpatrol/package.xml
[8.801s] Invoked command in '/home/admin/Desktop/Project180/build/robotpatrol' returned '0': CMAKE_PREFIX_PATH=/opt/ros/foxy /usr/bin/cmake --install /home/admin/Desktop/Project180/build/robotpatrol
