Performing C SOURCE FILE Test CMAKE_HAVE_LIBC_PTHREAD failed with the following output:
Change Dir: /home/admin/Desktop/Project180/src/build/robotpatrol/CMakeFiles/CMakeTmp

Run Build Command(s):/usr/bin/make cmTC_5660d/fast && /usr/bin/make -f CMakeFiles/cmTC_5660d.dir/build.make CMakeFiles/cmTC_5660d.dir/build
make[1]: Entering directory '/home/admin/Desktop/Project180/src/build/robotpatrol/CMakeFiles/CMakeTmp'
Building C object CMakeFiles/cmTC_5660d.dir/src.c.o
/usr/bin/cc   -DCMAKE_HAVE_LIBC_PTHREAD   -o CMakeFiles/cmTC_5660d.dir/src.c.o   -c /home/admin/Desktop/Project180/src/build/robotpatrol/CMakeFiles/CMakeTmp/src.c
Linking C executable cmTC_5660d
/usr/bin/cmake -E cmake_link_script CMakeFiles/cmTC_5660d.dir/link.txt --verbose=1
/usr/bin/cc  -DCMAKE_HAVE_LIBC_PTHREAD    CMakeFiles/cmTC_5660d.dir/src.c.o  -o cmTC_5660d 
/usr/bin/ld: CMakeFiles/cmTC_5660d.dir/src.c.o: in function `main':
src.c:(.text+0x46): undefined reference to `pthread_create'
/usr/bin/ld: src.c:(.text+0x52): undefined reference to `pthread_detach'
/usr/bin/ld: src.c:(.text+0x63): undefined reference to `pthread_join'
collect2: error: ld returned 1 exit status
make[1]: *** [CMakeFiles/cmTC_5660d.dir/build.make:87: cmTC_5660d] Error 1
make[1]: Leaving directory '/home/admin/Desktop/Project180/src/build/robotpatrol/CMakeFiles/CMakeTmp'
make: *** [Makefile:121: cmTC_5660d/fast] Error 2


Source file was:
#include <pthread.h>

void* test_func(void* data)
{
  return data;
}

int main(void)
{
  pthread_t thread;
  pthread_create(&thread, NULL, test_func, NULL);
  pthread_detach(thread);
  pthread_join(thread, NULL);
  pthread_atfork(NULL, NULL, NULL);
  pthread_exit(NULL);

  return 0;
}

Determining if the function pthread_create exists in the pthreads failed with the following output:
Change Dir: /home/admin/Desktop/Project180/src/build/robotpatrol/CMakeFiles/CMakeTmp

Run Build Command(s):/usr/bin/make cmTC_d80bb/fast && /usr/bin/make -f CMakeFiles/cmTC_d80bb.dir/build.make CMakeFiles/cmTC_d80bb.dir/build
make[1]: Entering directory '/home/admin/Desktop/Project180/src/build/robotpatrol/CMakeFiles/CMakeTmp'
Building C object CMakeFiles/cmTC_d80bb.dir/CheckFunctionExists.c.o
/usr/bin/cc   -DCHECK_FUNCTION_EXISTS=pthread_create   -o CMakeFiles/cmTC_d80bb.dir/CheckFunctionExists.c.o   -c /usr/share/cmake-3.16/Modules/CheckFunctionExists.c
Linking C executable cmTC_d80bb
/usr/bin/cmake -E cmake_link_script CMakeFiles/cmTC_d80bb.dir/link.txt --verbose=1
/usr/bin/cc  -DCHECK_FUNCTION_EXISTS=pthread_create    CMakeFiles/cmTC_d80bb.dir/CheckFunctionExists.c.o  -o cmTC_d80bb  -lpthreads 
/usr/bin/ld: cannot find -lpthreads
collect2: error: ld returned 1 exit status
make[1]: *** [CMakeFiles/cmTC_d80bb.dir/build.make:87: cmTC_d80bb] Error 1
make[1]: Leaving directory '/home/admin/Desktop/Project180/src/build/robotpatrol/CMakeFiles/CMakeTmp'
make: *** [Makefile:121: cmTC_d80bb/fast] Error 2



