[35m[1mScanning dependencies of target testnavigation[0m
[ 25%] Built target navigator
[ 62%] Built target testpackage
[ 75%] [32mBuilding CXX object CMakeFiles/testnavigation.dir/src/testnavigator.cpp.o[0m
In file included from [01m[K/opt/ros/foxy/include/rclcpp/client.hpp:40[m[K,
                 from [01m[K/opt/ros/foxy/include/rclcpp/callback_group.hpp:23[m[K,
                 from [01m[K/opt/ros/foxy/include/rclcpp/any_executable.hpp:20[m[K,
                 from [01m[K/opt/ros/foxy/include/rclcpp/memory_strategy.hpp:24[m[K,
                 from [01m[K/opt/ros/foxy/include/rclcpp/memory_strategies.hpp:18[m[K,
                 from [01m[K/opt/ros/foxy/include/rclcpp/executor_options.hpp:20[m[K,
                 from [01m[K/opt/ros/foxy/include/rclcpp/executor.hpp:33[m[K,
                 from [01m[K/opt/ros/foxy/include/rclcpp/executors/multi_threaded_executor.hpp:26[m[K,
                 from [01m[K/opt/ros/foxy/include/rclcpp/executors.hpp:21[m[K,
                 from [01m[K/opt/ros/foxy/include/rclcpp/rclcpp.hpp:146[m[K,
                 from [01m[K/home/admin/Desktop/Project180/src/robotpatrol/src/testnavigator.cpp:17[m[K:
[01m[K/home/admin/Desktop/Project180/src/robotpatrol/src/testnavigator.cpp:[m[K In function ‘[01m[Kint main(int, char**)[m[K’:
[01m[K/home/admin/Desktop/Project180/src/robotpatrol/src/testnavigator.cpp:57:115:[m[K [01;31m[Kerror: [m[K‘[01m[Kmap_width[m[K’ was not declared in this scope
   57 |     RCLCPP_INFO(rclcpp::get_logger("mapCallback"), "Received map with width: %d, height: %d, and resolution: %f", [01;31m[Kmap_width[m[K, map_height, map_resolution);
      |                                                                                                                   [01;31m[K^~~~~~~~~[m[K
[01m[K/home/admin/Desktop/Project180/src/robotpatrol/src/testnavigator.cpp:57:126:[m[K [01;31m[Kerror: [m[K‘[01m[Kmap_height[m[K’ was not declared in this scope
   57 |     RCLCPP_INFO(rclcpp::get_logger("mapCallback"), "Received map with width: %d, height: %d, and resolution: %f", map_width, [01;31m[Kmap_height[m[K, map_resolution);
      |                                                                                                                              [01;31m[K^~~~~~~~~~[m[K
[01m[K/home/admin/Desktop/Project180/src/robotpatrol/src/testnavigator.cpp:57:138:[m[K [01;31m[Kerror: [m[K‘[01m[Kmap_resolution[m[K’ was not declared in this scope
   57 |     RCLCPP_INFO(rclcpp::get_logger("mapCallback"), "Received map with width: %d, height: %d, and resolution: %f", map_width, map_height, [01;31m[Kmap_resolution[m[K);
      |                                                                                                                                          [01;31m[K^~~~~~~~~~~~~~[m[K
make[2]: *** [CMakeFiles/testnavigation.dir/build.make:63: CMakeFiles/testnavigation.dir/src/testnavigator.cpp.o] Error 1
make[1]: *** [CMakeFiles/Makefile2:109: CMakeFiles/testnavigation.dir/all] Error 2
make: *** [Makefile:141: all] Error 2
