[0.017s] Invoking command in '/home/admin/Desktop/Project180/build/robotpatrol': CMAKE_PREFIX_PATH=${CMAKE_PREFIX_PATH}:/opt/ros/foxy /usr/bin/cmake --build /home/admin/Desktop/Project180/build/robotpatrol -- -j8 -l8
[0.038s] -- Found ament_cmake: 0.9.11 (/opt/ros/foxy/share/ament_cmake/cmake)
[0.057s] -- Using PYTHON_EXECUTABLE: /usr/bin/python3
[0.203s] -- Found rclcpp: 2.4.2 (/opt/ros/foxy/share/rclcpp/cmake)
[0.243s] -- Using all available rosidl_typesupport_c: rosidl_typesupport_fastrtps_c;rosidl_typesupport_introspection_c
[0.249s] -- Found rosidl_adapter: 1.3.0 (/opt/ros/foxy/share/rosidl_adapter/cmake)
[0.310s] -- Found OpenSSL: /usr/lib/x86_64-linux-gnu/libcrypto.so (found version "1.1.1f")  
[0.335s] -- Found FastRTPS: /opt/ros/foxy/include  
[0.405s] -- Using all available rosidl_typesupport_cpp: rosidl_typesupport_fastrtps_cpp;rosidl_typesupport_introspection_cpp
[0.455s] -- Found rmw_implementation_cmake: 1.0.3 (/opt/ros/foxy/share/rmw_implementation_cmake/cmake)
[0.456s] -- Using RMW implementation 'rmw_fastrtps_cpp' as default
[0.457s] -- Looking for pthread.h
[0.517s] -- Looking for pthread.h - found
[0.518s] -- Performing Test CMAKE_HAVE_LIBC_PTHREAD
[0.581s] -- Performing Test CMAKE_HAVE_LIBC_PTHREAD - Failed
[0.581s] -- Looking for pthread_create in pthreads
[0.631s] -- Looking for pthread_create in pthreads - not found
[0.631s] -- Looking for pthread_create in pthread
[0.694s] -- Looking for pthread_create in pthread - found
[0.695s] -- Found Threads: TRUE  
[0.835s] -- Found geometry_msgs: 2.0.5 (/opt/ros/foxy/share/geometry_msgs/cmake)
[0.868s] -- Found nav_msgs: 2.0.5 (/opt/ros/foxy/share/nav_msgs/cmake)
[0.935s] -- Found nav2_msgs: 0.4.7 (/opt/ros/foxy/share/nav2_msgs/cmake)
[1.191s] -- Found rclcpp_action: 2.4.2 (/opt/ros/foxy/share/rclcpp_action/cmake)
[1.220s] -- Found lifecycle_msgs: 1.0.0 (/opt/ros/foxy/share/lifecycle_msgs/cmake)
[1.229s] -- Found ament_lint_auto: 0.9.7 (/opt/ros/foxy/share/ament_lint_auto/cmake)
[1.289s] -- Added test 'copyright' to check source files copyright and LICENSE
[1.290s] -- Added test 'cppcheck' to perform static code analysis on C / C++ code
[1.290s] -- Configured cppcheck include dirs: $<BUILD_INTERFACE:/home/admin/Desktop/Project180/src/robotpatrol/include>
[1.290s] -- Configured cppcheck exclude dirs and/or files: 
[1.291s] -- Added test 'cpplint' to check C / C++ code against the Google style
[1.291s] -- Configured cpplint exclude dirs and/or files: 
[1.291s] -- Added test 'lint_cmake' to check CMake code style
[1.292s] -- Added test 'uncrustify' to check C / C++ code style
[1.292s] -- Configured uncrustify additional arguments: 
[1.292s] -- Added test 'xmllint' to check XML markup files
[1.296s] -- Configuring done
[1.317s] -- Generating done
[1.318s] -- Build files have been written to: /home/admin/Desktop/Project180/build/robotpatrol
[1.343s] [35m[1mScanning dependencies of target testpackage[0m
[1.343s] [35m[1mScanning dependencies of target testnavigation[0m
[1.345s] [35m[1mScanning dependencies of target navigator[0m
[1.395s] [ 37%] [32mBuilding CXX object CMakeFiles/testnavigation.dir/src/navigation.cpp.o[0m
[1.395s] [ 37%] [32mBuilding CXX object CMakeFiles/testnavigation.dir/src/testnavigator.cpp.o[0m
[1.395s] [ 37%] [32mBuilding CXX object CMakeFiles/navigator.dir/src/navigation.cpp.o[0m
[1.395s] [ 50%] [32mBuilding CXX object CMakeFiles/testpackage.dir/src/testpackage.cpp.o[0m
[1.408s] [ 62%] [32mBuilding CXX object CMakeFiles/testpackage.dir/src/navigation.cpp.o[0m
[15.632s] [ 75%] [32m[1mLinking CXX executable testpackage[0m
[15.770s] [100%] [32m[1mLinking CXX executable testnavigation[0m
[15.770s] [100%] [32m[1mLinking CXX static library libnavigator.a[0m
[16.022s] [100%] Built target navigator
[16.251s] [100%] Built target testpackage
[16.356s] [100%] Built target testnavigation
[16.368s] Invoked command in '/home/admin/Desktop/Project180/build/robotpatrol' returned '0': CMAKE_PREFIX_PATH=${CMAKE_PREFIX_PATH}:/opt/ros/foxy /usr/bin/cmake --build /home/admin/Desktop/Project180/build/robotpatrol -- -j8 -l8
[16.404s] Invoking command in '/home/admin/Desktop/Project180/build/robotpatrol': CMAKE_PREFIX_PATH=${CMAKE_PREFIX_PATH}:/opt/ros/foxy /usr/bin/cmake --install /home/admin/Desktop/Project180/build/robotpatrol
[16.412s] -- Install configuration: ""
[16.412s] -- Installing: /home/admin/Desktop/Project180/install/robotpatrol/share/robotpatrol/environment/library_path.sh
[16.412s] -- Installing: /home/admin/Desktop/Project180/install/robotpatrol/share/robotpatrol/environment/library_path.dsv
[16.412s] -- Installing: /home/admin/Desktop/Project180/install/robotpatrol/include
[16.412s] -- Installing: /home/admin/Desktop/Project180/install/robotpatrol/include/navigation
[16.412s] -- Installing: /home/admin/Desktop/Project180/install/robotpatrol/include/navigation/navigation.hpp
[16.413s] -- Installing: /home/admin/Desktop/Project180/install/robotpatrol/lib/libnavigator.a
[16.426s] -- Installing: /home/admin/Desktop/Project180/install/robotpatrol/lib/robotpatrol/testnavigation
[16.431s] -- Set runtime path of "/home/admin/Desktop/Project180/install/robotpatrol/lib/robotpatrol/testnavigation" to ""
[16.431s] -- Installing: /home/admin/Desktop/Project180/install/robotpatrol/lib/robotpatrol/testpackage
[16.436s] -- Set runtime path of "/home/admin/Desktop/Project180/install/robotpatrol/lib/robotpatrol/testpackage" to ""
[16.436s] -- Installing: /home/admin/Desktop/Project180/install/robotpatrol/share/ament_index/resource_index/package_run_dependencies/robotpatrol
[16.437s] -- Installing: /home/admin/Desktop/Project180/install/robotpatrol/share/ament_index/resource_index/parent_prefix_path/robotpatrol
[16.437s] -- Up-to-date: /home/admin/Desktop/Project180/install/robotpatrol/share/robotpatrol/environment/ament_prefix_path.sh
[16.437s] -- Installing: /home/admin/Desktop/Project180/install/robotpatrol/share/robotpatrol/environment/ament_prefix_path.dsv
[16.437s] -- Up-to-date: /home/admin/Desktop/Project180/install/robotpatrol/share/robotpatrol/environment/path.sh
[16.437s] -- Installing: /home/admin/Desktop/Project180/install/robotpatrol/share/robotpatrol/environment/path.dsv
[16.438s] -- Up-to-date: /home/admin/Desktop/Project180/install/robotpatrol/share/robotpatrol/local_setup.bash
[16.438s] -- Installing: /home/admin/Desktop/Project180/install/robotpatrol/share/robotpatrol/local_setup.sh
[16.438s] -- Up-to-date: /home/admin/Desktop/Project180/install/robotpatrol/share/robotpatrol/local_setup.zsh
[16.438s] -- Installing: /home/admin/Desktop/Project180/install/robotpatrol/share/robotpatrol/local_setup.dsv
[16.438s] -- Installing: /home/admin/Desktop/Project180/install/robotpatrol/share/robotpatrol/package.dsv
[16.438s] -- Up-to-date: /home/admin/Desktop/Project180/install/robotpatrol/share/ament_index/resource_index/packages/robotpatrol
[16.439s] -- Installing: /home/admin/Desktop/Project180/install/robotpatrol/share/robotpatrol/cmake/navigatorlibExport.cmake
[16.439s] -- Installing: /home/admin/Desktop/Project180/install/robotpatrol/share/robotpatrol/cmake/navigatorlibExport-noconfig.cmake
[16.439s] -- Installing: /home/admin/Desktop/Project180/install/robotpatrol/share/robotpatrol/cmake/ament_cmake_export_targets-extras.cmake
[16.439s] -- Installing: /home/admin/Desktop/Project180/install/robotpatrol/share/robotpatrol/cmake/ament_cmake_export_dependencies-extras.cmake
[16.439s] -- Installing: /home/admin/Desktop/Project180/install/robotpatrol/share/robotpatrol/cmake/robotpatrolConfig.cmake
[16.439s] -- Installing: /home/admin/Desktop/Project180/install/robotpatrol/share/robotpatrol/cmake/robotpatrolConfig-version.cmake
[16.440s] -- Installing: /home/admin/Desktop/Project180/install/robotpatrol/share/robotpatrol/package.xml
[16.442s] Invoked command in '/home/admin/Desktop/Project180/build/robotpatrol' returned '0': CMAKE_PREFIX_PATH=${CMAKE_PREFIX_PATH}:/opt/ros/foxy /usr/bin/cmake --install /home/admin/Desktop/Project180/build/robotpatrol
