[0.017s] Invoking command in '/home/admin/Desktop/Project180/src/build/robotpatrol': CMAKE_PREFIX_PATH=/opt/ros/foxy /usr/bin/cmake --build /home/admin/Desktop/Project180/src/build/robotpatrol -- -j8 -l8
[0.091s] [35m[1mScanning dependencies of target testnavigation[0m
[0.116s] [ 25%] Built target navigator
[0.128s] [ 62%] Built target testpackage
[0.142s] [ 75%] [32mBuilding CXX object CMakeFiles/testnavigation.dir/src/testnavigator.cpp.o[0m
[1.876s] [01m[K/home/admin/Desktop/Project180/src/robotpatrol/src/testnavigator.cpp:[m[K In function ‘[01m[Kvoid mapCallBack(nav_msgs::msg::OccupancyGrid_<std::allocator<void> >::SharedPtr)[m[K’:
[1.876s] [01m[K/home/admin/Desktop/Project180/src/robotpatrol/src/testnavigator.cpp:26:64:[m[K [01;35m[Kwarning: [m[Kunused parameter ‘[01m[Kmsg[m[K’ [[01;35m[K-Wunused-parameter[m[K]
[1.876s]    26 | void mapCallBack([01;35m[Kconst nav_msgs::msg::OccupancyGrid::SharedPtr msg[m[K) {
[1.876s]       |                  [01;35m[K~~~~~~~~~~~~~~~~~~~~~~~~~~~~~~~~~~~~~~~~~~~~~~^~~[m[K
[6.167s] [ 87%] [32m[1mLinking CXX executable testnavigation[0m
[7.138s] [100%] Built target testnavigation
[7.155s] Invoked command in '/home/admin/Desktop/Project180/src/build/robotpatrol' returned '0': CMAKE_PREFIX_PATH=/opt/ros/foxy /usr/bin/cmake --build /home/admin/Desktop/Project180/src/build/robotpatrol -- -j8 -l8
[7.211s] Invoking command in '/home/admin/Desktop/Project180/src/build/robotpatrol': CMAKE_PREFIX_PATH=/opt/ros/foxy /usr/bin/cmake --install /home/admin/Desktop/Project180/src/build/robotpatrol
[7.220s] -- Install configuration: ""
[7.220s] -- Up-to-date: /home/admin/Desktop/Project180/src/install/robotpatrol/share/robotpatrol/environment/library_path.sh
[7.220s] -- Up-to-date: /home/admin/Desktop/Project180/src/install/robotpatrol/share/robotpatrol/environment/library_path.dsv
[7.224s] -- Up-to-date: /home/admin/Desktop/Project180/src/install/robotpatrol/include
[7.224s] -- Up-to-date: /home/admin/Desktop/Project180/src/install/robotpatrol/include/navigation
[7.224s] -- Up-to-date: /home/admin/Desktop/Project180/src/install/robotpatrol/include/navigation/navigation.hpp
[7.224s] -- Up-to-date: /home/admin/Desktop/Project180/src/install/robotpatrol/lib/libnavigator.a
[7.224s] -- Installing: /home/admin/Desktop/Project180/src/install/robotpatrol/lib/robotpatrol/testnavigation
[7.229s] -- Set runtime path of "/home/admin/Desktop/Project180/src/install/robotpatrol/lib/robotpatrol/testnavigation" to ""
[7.231s] -- Up-to-date: /home/admin/Desktop/Project180/src/install/robotpatrol/lib/robotpatrol/testpackage
[7.231s] -- Up-to-date: /home/admin/Desktop/Project180/src/install/robotpatrol/share/ament_index/resource_index/package_run_dependencies/robotpatrol
[7.231s] -- Up-to-date: /home/admin/Desktop/Project180/src/install/robotpatrol/share/ament_index/resource_index/parent_prefix_path/robotpatrol
[7.231s] -- Up-to-date: /home/admin/Desktop/Project180/src/install/robotpatrol/share/robotpatrol/environment/ament_prefix_path.sh
[7.231s] -- Up-to-date: /home/admin/Desktop/Project180/src/install/robotpatrol/share/robotpatrol/environment/ament_prefix_path.dsv
[7.232s] -- Up-to-date: /home/admin/Desktop/Project180/src/install/robotpatrol/share/robotpatrol/environment/path.sh
[7.232s] -- Up-to-date: /home/admin/Desktop/Project180/src/install/robotpatrol/share/robotpatrol/environment/path.dsv
[7.232s] -- Up-to-date: /home/admin/Desktop/Project180/src/install/robotpatrol/share/robotpatrol/local_setup.bash
[7.232s] -- Up-to-date: /home/admin/Desktop/Project180/src/install/robotpatrol/share/robotpatrol/local_setup.sh
[7.232s] -- Up-to-date: /home/admin/Desktop/Project180/src/install/robotpatrol/share/robotpatrol/local_setup.zsh
[7.232s] -- Up-to-date: /home/admin/Desktop/Project180/src/install/robotpatrol/share/robotpatrol/local_setup.dsv
[7.232s] -- Installing: /home/admin/Desktop/Project180/src/install/robotpatrol/share/robotpatrol/package.dsv
[7.232s] -- Up-to-date: /home/admin/Desktop/Project180/src/install/robotpatrol/share/ament_index/resource_index/packages/robotpatrol
[7.233s] -- Up-to-date: /home/admin/Desktop/Project180/src/install/robotpatrol/share/robotpatrol/cmake/navigatorlibExport.cmake
[7.233s] -- Up-to-date: /home/admin/Desktop/Project180/src/install/robotpatrol/share/robotpatrol/cmake/navigatorlibExport-noconfig.cmake
[7.233s] -- Up-to-date: /home/admin/Desktop/Project180/src/install/robotpatrol/share/robotpatrol/cmake/ament_cmake_export_targets-extras.cmake
[7.233s] -- Up-to-date: /home/admin/Desktop/Project180/src/install/robotpatrol/share/robotpatrol/cmake/ament_cmake_export_dependencies-extras.cmake
[7.233s] -- Up-to-date: /home/admin/Desktop/Project180/src/install/robotpatrol/share/robotpatrol/cmake/robotpatrolConfig.cmake
[7.233s] -- Up-to-date: /home/admin/Desktop/Project180/src/install/robotpatrol/share/robotpatrol/cmake/robotpatrolConfig-version.cmake
[7.233s] -- Up-to-date: /home/admin/Desktop/Project180/src/install/robotpatrol/share/robotpatrol/package.xml
[7.237s] Invoked command in '/home/admin/Desktop/Project180/src/build/robotpatrol' returned '0': CMAKE_PREFIX_PATH=/opt/ros/foxy /usr/bin/cmake --install /home/admin/Desktop/Project180/src/build/robotpatrol
