[0.031s] Invoking command in '/home/admin/Desktop/Project180/build/robotpatrol': CMAKE_PREFIX_PATH=${CMAKE_PREFIX_PATH}:/opt/ros/foxy /usr/bin/cmake --build /home/admin/Desktop/Project180/build/robotpatrol -- -j8 -l8
[0.143s] [ 37%] Built target testpackage
[0.178s] [ 62%] Built target navigator
[0.194s] [35m[1mScanning dependencies of target testnavigation[0m
[0.243s] [ 75%] [32mBuilding CXX object CMakeFiles/testnavigation.dir/src/testnavigator.cpp.o[0m
[3.153s] [ 87%] [32m[1mLinking CXX executable testnavigation[0m
[4.054s] [100%] Built target testnavigation
[4.070s] Invoked command in '/home/admin/Desktop/Project180/build/robotpatrol' returned '0': CMAKE_PREFIX_PATH=${CMAKE_PREFIX_PATH}:/opt/ros/foxy /usr/bin/cmake --build /home/admin/Desktop/Project180/build/robotpatrol -- -j8 -l8
[4.135s] Invoking command in '/home/admin/Desktop/Project180/build/robotpatrol': CMAKE_PREFIX_PATH=${CMAKE_PREFIX_PATH}:/opt/ros/foxy /usr/bin/cmake --install /home/admin/Desktop/Project180/build/robotpatrol
[4.145s] -- Install configuration: ""
[4.145s] -- Up-to-date: /home/admin/Desktop/Project180/install/robotpatrol/share/robotpatrol/environment/library_path.sh
[4.145s] -- Up-to-date: /home/admin/Desktop/Project180/install/robotpatrol/share/robotpatrol/environment/library_path.dsv
[4.145s] -- Up-to-date: /home/admin/Desktop/Project180/install/robotpatrol/include
[4.145s] -- Up-to-date: /home/admin/Desktop/Project180/install/robotpatrol/include/navigation
[4.145s] -- Up-to-date: /home/admin/Desktop/Project180/install/robotpatrol/include/navigation/navigation.hpp
[4.146s] -- Up-to-date: /home/admin/Desktop/Project180/install/robotpatrol/lib/libnavigator.a
[4.146s] -- Installing: /home/admin/Desktop/Project180/install/robotpatrol/lib/robotpatrol/testnavigation
[4.152s] -- Set runtime path of "/home/admin/Desktop/Project180/install/robotpatrol/lib/robotpatrol/testnavigation" to ""
[4.152s] -- Up-to-date: /home/admin/Desktop/Project180/install/robotpatrol/lib/robotpatrol/testpackage
[4.152s] -- Up-to-date: /home/admin/Desktop/Project180/install/robotpatrol/share/ament_index/resource_index/package_run_dependencies/robotpatrol
[4.153s] -- Up-to-date: /home/admin/Desktop/Project180/install/robotpatrol/share/ament_index/resource_index/parent_prefix_path/robotpatrol
[4.153s] -- Up-to-date: /home/admin/Desktop/Project180/install/robotpatrol/share/robotpatrol/environment/ament_prefix_path.sh
[4.153s] -- Up-to-date: /home/admin/Desktop/Project180/install/robotpatrol/share/robotpatrol/environment/ament_prefix_path.dsv
[4.153s] -- Up-to-date: /home/admin/Desktop/Project180/install/robotpatrol/share/robotpatrol/environment/path.sh
[4.153s] -- Up-to-date: /home/admin/Desktop/Project180/install/robotpatrol/share/robotpatrol/environment/path.dsv
[4.154s] -- Up-to-date: /home/admin/Desktop/Project180/install/robotpatrol/share/robotpatrol/local_setup.bash
[4.154s] -- Up-to-date: /home/admin/Desktop/Project180/install/robotpatrol/share/robotpatrol/local_setup.sh
[4.154s] -- Up-to-date: /home/admin/Desktop/Project180/install/robotpatrol/share/robotpatrol/local_setup.zsh
[4.154s] -- Up-to-date: /home/admin/Desktop/Project180/install/robotpatrol/share/robotpatrol/local_setup.dsv
[4.155s] -- Installing: /home/admin/Desktop/Project180/install/robotpatrol/share/robotpatrol/package.dsv
[4.155s] -- Up-to-date: /home/admin/Desktop/Project180/install/robotpatrol/share/ament_index/resource_index/packages/robotpatrol
[4.155s] -- Up-to-date: /home/admin/Desktop/Project180/install/robotpatrol/share/robotpatrol/cmake/navigatorlibExport.cmake
[4.155s] -- Up-to-date: /home/admin/Desktop/Project180/install/robotpatrol/share/robotpatrol/cmake/navigatorlibExport-noconfig.cmake
[4.156s] -- Up-to-date: /home/admin/Desktop/Project180/install/robotpatrol/share/robotpatrol/cmake/ament_cmake_export_targets-extras.cmake
[4.156s] -- Up-to-date: /home/admin/Desktop/Project180/install/robotpatrol/share/robotpatrol/cmake/ament_cmake_export_dependencies-extras.cmake
[4.156s] -- Up-to-date: /home/admin/Desktop/Project180/install/robotpatrol/share/robotpatrol/cmake/robotpatrolConfig.cmake
[4.157s] -- Up-to-date: /home/admin/Desktop/Project180/install/robotpatrol/share/robotpatrol/cmake/robotpatrolConfig-version.cmake
[4.157s] -- Up-to-date: /home/admin/Desktop/Project180/install/robotpatrol/share/robotpatrol/package.xml
[4.167s] Invoked command in '/home/admin/Desktop/Project180/build/robotpatrol' returned '0': CMAKE_PREFIX_PATH=${CMAKE_PREFIX_PATH}:/opt/ros/foxy /usr/bin/cmake --install /home/admin/Desktop/Project180/build/robotpatrol
