[0.302s] DEBUG:colcon:Command line arguments: ['/usr/bin/colcon', 'build']
[0.302s] DEBUG:colcon:Parsed command line arguments: Namespace(allow_overriding=[], ament_cmake_args=None, base_paths=['.'], build_base='build', catkin_cmake_args=None, catkin_skip_building_tests=False, cmake_args=None, cmake_clean_cache=False, cmake_clean_first=False, cmake_force_configure=False, cmake_target=None, cmake_target_skip_unavailable=False, continue_on_error=False, event_handlers=None, executor='parallel', ignore_user_meta=False, install_base='install', log_base=None, log_level=None, main=<bound method BuildVerb.main of <colcon_core.verb.build.BuildVerb object at 0x7f553cc030d0>>, merge_install=False, metas=['./colcon.meta'], packages_above=None, packages_above_and_dependencies=None, packages_above_depth=None, packages_end=None, packages_ignore=None, packages_ignore_regex=None, packages_select=None, packages_select_build_failed=False, packages_select_by_dep=None, packages_select_regex=None, packages_select_test_failures=False, packages_skip=None, packages_skip_build_finished=False, packages_skip_by_dep=None, packages_skip_regex=None, packages_skip_test_passed=False, packages_skip_up_to=None, packages_start=None, packages_up_to=None, packages_up_to_regex=None, parallel_workers=8, paths=None, symlink_install=False, test_result_base=None, verb_extension=<colcon_core.verb.build.BuildVerb object at 0x7f553cc030d0>, verb_name='build', verb_parser=<colcon_defaults.argument_parser.defaults.DefaultArgumentsDecorator object at 0x7f553cc03610>)
[0.332s] Level 1:colcon.colcon_core.package_discovery:discover_packages(colcon_meta) check parameters
[0.332s] Level 1:colcon.colcon_core.package_discovery:discover_packages(recursive) check parameters
[0.332s] Level 1:colcon.colcon_core.package_discovery:discover_packages(ignore) check parameters
[0.332s] Level 1:colcon.colcon_core.package_discovery:discover_packages(path) check parameters
[0.332s] Level 1:colcon.colcon_core.package_discovery:discover_packages(colcon_meta) discover
[0.332s] Level 1:colcon.colcon_core.package_discovery:discover_packages(recursive) discover
[0.332s] INFO:colcon.colcon_core.package_discovery:Crawling recursively for packages in '/home/admin/Desktop/Project180/src'
[0.332s] Level 1:colcon.colcon_core.package_identification:_identify(.) by extensions ['ignore', 'ignore_ament_install']
[0.332s] Level 1:colcon.colcon_core.package_identification:_identify(.) by extension 'ignore'
[0.332s] Level 1:colcon.colcon_core.package_identification:_identify(.) by extension 'ignore_ament_install'
[0.332s] Level 1:colcon.colcon_core.package_identification:_identify(.) by extensions ['colcon_pkg']
[0.332s] Level 1:colcon.colcon_core.package_identification:_identify(.) by extension 'colcon_pkg'
[0.332s] Level 1:colcon.colcon_core.package_identification:_identify(.) by extensions ['colcon_meta']
[0.332s] Level 1:colcon.colcon_core.package_identification:_identify(.) by extension 'colcon_meta'
[0.332s] Level 1:colcon.colcon_core.package_identification:_identify(.) by extensions ['ros']
[0.332s] Level 1:colcon.colcon_core.package_identification:_identify(.) by extension 'ros'
[0.364s] Level 1:colcon.colcon_core.package_identification:_identify(.) by extensions ['cmake', 'python']
[0.364s] Level 1:colcon.colcon_core.package_identification:_identify(.) by extension 'cmake'
[0.364s] Level 1:colcon.colcon_core.package_identification:_identify(.) by extension 'python'
[0.364s] Level 1:colcon.colcon_core.package_identification:_identify(.) by extensions ['python_setup_py']
[0.365s] Level 1:colcon.colcon_core.package_identification:_identify(.) by extension 'python_setup_py'
[0.365s] Level 1:colcon.colcon_core.package_identification:_identify(build) by extensions ['ignore', 'ignore_ament_install']
[0.365s] Level 1:colcon.colcon_core.package_identification:_identify(build) by extension 'ignore'
[0.365s] Level 1:colcon.colcon_core.package_identification:_identify(build) ignored
[0.365s] Level 1:colcon.colcon_core.package_identification:_identify(install) by extensions ['ignore', 'ignore_ament_install']
[0.365s] Level 1:colcon.colcon_core.package_identification:_identify(install) by extension 'ignore'
[0.365s] Level 1:colcon.colcon_core.package_identification:_identify(install) ignored
[0.365s] Level 1:colcon.colcon_core.package_identification:_identify(log) by extensions ['ignore', 'ignore_ament_install']
[0.366s] Level 1:colcon.colcon_core.package_identification:_identify(log) by extension 'ignore'
[0.366s] Level 1:colcon.colcon_core.package_identification:_identify(log) ignored
[0.366s] Level 1:colcon.colcon_core.package_identification:_identify(robotpatrol) by extensions ['ignore', 'ignore_ament_install']
[0.366s] Level 1:colcon.colcon_core.package_identification:_identify(robotpatrol) by extension 'ignore'
[0.366s] Level 1:colcon.colcon_core.package_identification:_identify(robotpatrol) by extension 'ignore_ament_install'
[0.366s] Level 1:colcon.colcon_core.package_identification:_identify(robotpatrol) by extensions ['colcon_pkg']
[0.366s] Level 1:colcon.colcon_core.package_identification:_identify(robotpatrol) by extension 'colcon_pkg'
[0.366s] Level 1:colcon.colcon_core.package_identification:_identify(robotpatrol) by extensions ['colcon_meta']
[0.366s] Level 1:colcon.colcon_core.package_identification:_identify(robotpatrol) by extension 'colcon_meta'
[0.366s] Level 1:colcon.colcon_core.package_identification:_identify(robotpatrol) by extensions ['ros']
[0.366s] Level 1:colcon.colcon_core.package_identification:_identify(robotpatrol) by extension 'ros'
[0.368s] DEBUG:colcon.colcon_core.package_identification:Package 'robotpatrol' with type 'ros.ament_cmake' and name 'robotpatrol'
[0.369s] Level 1:colcon.colcon_core.package_discovery:discover_packages(recursive) using defaults
[0.369s] Level 1:colcon.colcon_core.package_discovery:discover_packages(ignore) discover
[0.369s] Level 1:colcon.colcon_core.package_discovery:discover_packages(ignore) using defaults
[0.369s] Level 1:colcon.colcon_core.package_discovery:discover_packages(path) discover
[0.369s] Level 1:colcon.colcon_core.package_discovery:discover_packages(path) using defaults
[0.385s] Level 1:colcon.colcon_core.package_discovery:discover_packages(prefix_path) check parameters
[0.386s] Level 1:colcon.colcon_core.package_discovery:discover_packages(prefix_path) discover
[0.388s] DEBUG:colcon.colcon_installed_package_information.package_discovery:Found 1 installed packages in /home/admin/Desktop/Project180/install
[0.389s] DEBUG:colcon.colcon_installed_package_information.package_discovery:Found 335 installed packages in /opt/ros/foxy
[0.391s] Level 1:colcon.colcon_core.package_discovery:discover_packages(prefix_path) using defaults
[0.469s] Level 5:colcon.colcon_core.verb:set package 'robotpatrol' build argument 'cmake_args' from command line to 'None'
[0.470s] Level 5:colcon.colcon_core.verb:set package 'robotpatrol' build argument 'cmake_target' from command line to 'None'
[0.470s] Level 5:colcon.colcon_core.verb:set package 'robotpatrol' build argument 'cmake_target_skip_unavailable' from command line to 'False'
[0.470s] Level 5:colcon.colcon_core.verb:set package 'robotpatrol' build argument 'cmake_clean_cache' from command line to 'False'
[0.470s] Level 5:colcon.colcon_core.verb:set package 'robotpatrol' build argument 'cmake_clean_first' from command line to 'False'
[0.470s] Level 5:colcon.colcon_core.verb:set package 'robotpatrol' build argument 'cmake_force_configure' from command line to 'False'
[0.470s] Level 5:colcon.colcon_core.verb:set package 'robotpatrol' build argument 'ament_cmake_args' from command line to 'None'
[0.470s] Level 5:colcon.colcon_core.verb:set package 'robotpatrol' build argument 'catkin_cmake_args' from command line to 'None'
[0.470s] Level 5:colcon.colcon_core.verb:set package 'robotpatrol' build argument 'catkin_skip_building_tests' from command line to 'False'
[0.470s] DEBUG:colcon.colcon_core.verb:Building package 'robotpatrol' with the following arguments: {'ament_cmake_args': None, 'build_base': '/home/admin/Desktop/Project180/src/build/robotpatrol', 'catkin_cmake_args': None, 'catkin_skip_building_tests': False, 'cmake_args': None, 'cmake_clean_cache': False, 'cmake_clean_first': False, 'cmake_force_configure': False, 'cmake_target': None, 'cmake_target_skip_unavailable': False, 'install_base': '/home/admin/Desktop/Project180/src/install/robotpatrol', 'merge_install': False, 'path': '/home/admin/Desktop/Project180/src/robotpatrol', 'symlink_install': False, 'test_result_base': None}
[0.470s] INFO:colcon.colcon_core.executor:Executing jobs using 'parallel' executor
[0.474s] DEBUG:colcon.colcon_parallel_executor.executor.parallel:run_until_complete
[0.474s] INFO:colcon.colcon_ros.task.ament_cmake.build:Building ROS package in '/home/admin/Desktop/Project180/src/robotpatrol' with build type 'ament_cmake'
[0.474s] INFO:colcon.colcon_cmake.task.cmake.build:Building CMake package in '/home/admin/Desktop/Project180/src/robotpatrol'
[0.479s] INFO:colcon.colcon_core.plugin_system:Skipping extension 'colcon_core.shell.bat': Not used on non-Windows systems
[0.479s] INFO:colcon.colcon_core.shell:Skip shell extension 'powershell' for command environment: Not usable outside of PowerShell
[0.479s] DEBUG:colcon.colcon_core.shell:Skip shell extension 'dsv' for command environment
[0.499s] DEBUG:colcon.colcon_core.event_handler.log_command:Invoking command in '/home/admin/Desktop/Project180/src/build/robotpatrol': CMAKE_PREFIX_PATH=${CMAKE_PREFIX_PATH}:/opt/ros/foxy /usr/bin/cmake --build /home/admin/Desktop/Project180/src/build/robotpatrol -- -j8 -l8
[3.942s] DEBUG:colcon.colcon_core.event_handler.log_command:Invoked command in '/home/admin/Desktop/Project180/src/build/robotpatrol' returned '0': CMAKE_PREFIX_PATH=${CMAKE_PREFIX_PATH}:/opt/ros/foxy /usr/bin/cmake --build /home/admin/Desktop/Project180/src/build/robotpatrol -- -j8 -l8
[4.008s] DEBUG:colcon.colcon_core.event_handler.log_command:Invoking command in '/home/admin/Desktop/Project180/src/build/robotpatrol': CMAKE_PREFIX_PATH=${CMAKE_PREFIX_PATH}:/opt/ros/foxy /usr/bin/cmake --install /home/admin/Desktop/Project180/src/build/robotpatrol
[4.031s] Level 1:colcon.colcon_core.environment:create_environment_scripts_only(robotpatrol)
[4.032s] DEBUG:colcon.colcon_core.event_handler.log_command:Invoked command in '/home/admin/Desktop/Project180/src/build/robotpatrol' returned '0': CMAKE_PREFIX_PATH=${CMAKE_PREFIX_PATH}:/opt/ros/foxy /usr/bin/cmake --install /home/admin/Desktop/Project180/src/build/robotpatrol
[4.038s] Level 1:colcon.colcon_core.environment:checking '/home/admin/Desktop/Project180/src/install/robotpatrol' for CMake module files
[4.039s] Level 1:colcon.colcon_core.environment:checking '/home/admin/Desktop/Project180/src/install/robotpatrol' for CMake config files
[4.039s] Level 1:colcon.colcon_core.shell:create_environment_hook('robotpatrol', 'cmake_prefix_path')
[4.040s] INFO:colcon.colcon_core.shell:Creating environment hook '/home/admin/Desktop/Project180/src/install/robotpatrol/share/robotpatrol/hook/cmake_prefix_path.ps1'
[4.044s] INFO:colcon.colcon_core.shell:Creating environment descriptor '/home/admin/Desktop/Project180/src/install/robotpatrol/share/robotpatrol/hook/cmake_prefix_path.dsv'
[4.049s] INFO:colcon.colcon_core.shell:Creating environment hook '/home/admin/Desktop/Project180/src/install/robotpatrol/share/robotpatrol/hook/cmake_prefix_path.sh'
[4.051s] Level 1:colcon.colcon_core.environment:checking '/home/admin/Desktop/Project180/src/install/robotpatrol/lib'
[4.051s] Level 1:colcon.colcon_core.environment:checking '/home/admin/Desktop/Project180/src/install/robotpatrol/bin'
[4.051s] Level 1:colcon.colcon_core.environment:checking '/home/admin/Desktop/Project180/src/install/robotpatrol/lib/pkgconfig/robotpatrol.pc'
[4.051s] Level 1:colcon.colcon_core.environment:checking '/home/admin/Desktop/Project180/src/install/robotpatrol/lib/python3.8/site-packages'
[4.051s] Level 1:colcon.colcon_core.environment:checking '/home/admin/Desktop/Project180/src/install/robotpatrol/bin'
[4.053s] INFO:colcon.colcon_core.shell:Creating package script '/home/admin/Desktop/Project180/src/install/robotpatrol/share/robotpatrol/package.ps1'
[4.054s] INFO:colcon.colcon_core.shell:Creating package descriptor '/home/admin/Desktop/Project180/src/install/robotpatrol/share/robotpatrol/package.dsv'
[4.056s] INFO:colcon.colcon_core.shell:Creating package script '/home/admin/Desktop/Project180/src/install/robotpatrol/share/robotpatrol/package.sh'
[4.056s] INFO:colcon.colcon_core.shell:Creating package script '/home/admin/Desktop/Project180/src/install/robotpatrol/share/robotpatrol/package.bash'
[4.057s] INFO:colcon.colcon_core.shell:Creating package script '/home/admin/Desktop/Project180/src/install/robotpatrol/share/robotpatrol/package.zsh'
[4.058s] Level 1:colcon.colcon_core.environment:create_file_with_runtime_dependencies(/home/admin/Desktop/Project180/src/install/robotpatrol/share/colcon-core/packages/robotpatrol)
[4.101s] Level 1:colcon.colcon_core.environment:create_environment_scripts_only(robotpatrol)
[4.104s] Level 1:colcon.colcon_core.environment:checking '/home/admin/Desktop/Project180/src/install/robotpatrol' for CMake module files
[4.104s] Level 1:colcon.colcon_core.environment:checking '/home/admin/Desktop/Project180/src/install/robotpatrol' for CMake config files
[4.104s] Level 1:colcon.colcon_core.shell:create_environment_hook('robotpatrol', 'cmake_prefix_path')
[4.106s] INFO:colcon.colcon_core.shell:Creating environment hook '/home/admin/Desktop/Project180/src/install/robotpatrol/share/robotpatrol/hook/cmake_prefix_path.ps1'
[4.106s] INFO:colcon.colcon_core.shell:Creating environment descriptor '/home/admin/Desktop/Project180/src/install/robotpatrol/share/robotpatrol/hook/cmake_prefix_path.dsv'
[4.106s] INFO:colcon.colcon_core.shell:Creating environment hook '/home/admin/Desktop/Project180/src/install/robotpatrol/share/robotpatrol/hook/cmake_prefix_path.sh'
[4.107s] Level 1:colcon.colcon_core.environment:checking '/home/admin/Desktop/Project180/src/install/robotpatrol/lib'
[4.107s] Level 1:colcon.colcon_core.environment:checking '/home/admin/Desktop/Project180/src/install/robotpatrol/bin'
[4.107s] Level 1:colcon.colcon_core.environment:checking '/home/admin/Desktop/Project180/src/install/robotpatrol/lib/pkgconfig/robotpatrol.pc'
[4.107s] Level 1:colcon.colcon_core.environment:checking '/home/admin/Desktop/Project180/src/install/robotpatrol/lib/python3.8/site-packages'
[4.107s] Level 1:colcon.colcon_core.environment:checking '/home/admin/Desktop/Project180/src/install/robotpatrol/bin'
[4.109s] INFO:colcon.colcon_core.shell:Creating package script '/home/admin/Desktop/Project180/src/install/robotpatrol/share/robotpatrol/package.ps1'
[4.109s] INFO:colcon.colcon_core.shell:Creating package descriptor '/home/admin/Desktop/Project180/src/install/robotpatrol/share/robotpatrol/package.dsv'
[4.110s] INFO:colcon.colcon_core.shell:Creating package script '/home/admin/Desktop/Project180/src/install/robotpatrol/share/robotpatrol/package.sh'
[4.111s] INFO:colcon.colcon_core.shell:Creating package script '/home/admin/Desktop/Project180/src/install/robotpatrol/share/robotpatrol/package.bash'
[4.111s] INFO:colcon.colcon_core.shell:Creating package script '/home/admin/Desktop/Project180/src/install/robotpatrol/share/robotpatrol/package.zsh'
[4.111s] Level 1:colcon.colcon_core.environment:create_file_with_runtime_dependencies(/home/admin/Desktop/Project180/src/install/robotpatrol/share/colcon-core/packages/robotpatrol)
[4.112s] DEBUG:colcon.colcon_parallel_executor.executor.parallel:closing loop
[4.112s] DEBUG:colcon.colcon_parallel_executor.executor.parallel:loop closed
[4.112s] DEBUG:colcon.colcon_parallel_executor.executor.parallel:run_until_complete finished with '0'
[4.112s] DEBUG:colcon.colcon_core.event_reactor:joining thread
[4.118s] INFO:colcon.colcon_core.plugin_system:Skipping extension 'colcon_notification.desktop_notification.terminal_notifier': Not used on non-Darwin systems
[4.118s] INFO:colcon.colcon_core.plugin_system:Skipping extension 'colcon_notification.desktop_notification.win32': Not used on non-Windows systems
[4.118s] INFO:colcon.colcon_notification.desktop_notification:Sending desktop notification using 'notify2'
[4.151s] DEBUG:colcon.colcon_core.event_reactor:joined thread
[4.153s] INFO:colcon.colcon_core.shell:Creating prefix script '/home/admin/Desktop/Project180/src/install/local_setup.ps1'
[4.154s] INFO:colcon.colcon_core.shell:Creating prefix util module '/home/admin/Desktop/Project180/src/install/_local_setup_util_ps1.py'
[4.156s] INFO:colcon.colcon_core.shell:Creating prefix chain script '/home/admin/Desktop/Project180/src/install/setup.ps1'
[4.157s] INFO:colcon.colcon_core.shell:Creating prefix script '/home/admin/Desktop/Project180/src/install/local_setup.sh'
[4.158s] INFO:colcon.colcon_core.shell:Creating prefix util module '/home/admin/Desktop/Project180/src/install/_local_setup_util_sh.py'
[4.158s] INFO:colcon.colcon_core.shell:Creating prefix chain script '/home/admin/Desktop/Project180/src/install/setup.sh'
[4.159s] INFO:colcon.colcon_core.shell:Creating prefix script '/home/admin/Desktop/Project180/src/install/local_setup.bash'
[4.160s] INFO:colcon.colcon_core.shell:Creating prefix chain script '/home/admin/Desktop/Project180/src/install/setup.bash'
[4.162s] INFO:colcon.colcon_core.shell:Creating prefix script '/home/admin/Desktop/Project180/src/install/local_setup.zsh'
[4.162s] INFO:colcon.colcon_core.shell:Creating prefix chain script '/home/admin/Desktop/Project180/src/install/setup.zsh'
